{"timestamp":"2026-02-12T19:20:49.969639Z","level":"info","event":"DAG bundles loaded: dags-folder","logger":"airflow.dag_processing.bundles.manager.DagBundlesManager","filename":"manager.py","lineno":179}
{"timestamp":"2026-02-12T19:20:49.970374Z","level":"info","event":"Filling up the DagBag from /opt/airflow/dags/scrapy_pipeline.py","logger":"airflow.models.dagbag.DagBag","filename":"dagbag.py","lineno":593}
{"timestamp":"2026-02-12T19:20:50.156493Z","level":"info","event":"Tmp dir root location: /tmp","logger":"airflow.task.hooks.airflow.providers.standard.hooks.subprocess.SubprocessHook","filename":"subprocess.py","lineno":78}
{"timestamp":"2026-02-12T19:20:50.157745Z","level":"info","event":"Running command: ['/usr/bin/bash', '-c', 'cd /opt/airflow/project/dbt_project && dbt run --select dim_products fact_listings --profiles-dir .']","logger":"airflow.task.hooks.airflow.providers.standard.hooks.subprocess.SubprocessHook","filename":"subprocess.py","lineno":80}
{"timestamp":"2026-02-12T19:20:50.158677Z","level":"info","event":"Output:","logger":"airflow.task.hooks.airflow.providers.standard.hooks.subprocess.SubprocessHook","filename":"subprocess.py","lineno":92}
{"timestamp":"2026-02-12T19:20:52.539606Z","level":"info","event":"\u001b[0m19:20:52  Running with dbt=1.11.2","logger":"airflow.task.hooks.airflow.providers.standard.hooks.subprocess.SubprocessHook","filename":"subprocess.py","lineno":99}
{"timestamp":"2026-02-12T19:20:52.846094Z","level":"info","event":"\u001b[0m19:20:52  Registered adapter: postgres=1.10.0","logger":"airflow.task.hooks.airflow.providers.standard.hooks.subprocess.SubprocessHook","filename":"subprocess.py","lineno":99}
{"timestamp":"2026-02-12T19:20:51.906905Z","level":"info","event":"\u001b[0m19:20:51  Found 3 models, 1 seed, 5 data tests, 1 source, 464 macros","logger":"airflow.task.hooks.airflow.providers.standard.hooks.subprocess.SubprocessHook","filename":"subprocess.py","lineno":99}
{"timestamp":"2026-02-12T19:20:51.909331Z","level":"info","event":"\u001b[0m19:20:51","logger":"airflow.task.hooks.airflow.providers.standard.hooks.subprocess.SubprocessHook","filename":"subprocess.py","lineno":99}
{"timestamp":"2026-02-12T19:20:51.909831Z","level":"info","event":"\u001b[0m19:20:51  Concurrency: 1 threads (target='dev')","logger":"airflow.task.hooks.airflow.providers.standard.hooks.subprocess.SubprocessHook","filename":"subprocess.py","lineno":99}
{"timestamp":"2026-02-12T19:20:51.910414Z","level":"info","event":"\u001b[0m19:20:51","logger":"airflow.task.hooks.airflow.providers.standard.hooks.subprocess.SubprocessHook","filename":"subprocess.py","lineno":99}
{"timestamp":"2026-02-12T19:20:52.023890Z","level":"info","event":"\u001b[0m19:20:52  1 of 2 START sql table model my_dbt_schema.dim_products ........................ [RUN]","logger":"airflow.task.hooks.airflow.providers.standard.hooks.subprocess.SubprocessHook","filename":"subprocess.py","lineno":99}
{"timestamp":"2026-02-12T19:20:52.147656Z","level":"info","event":"\u001b[0m19:20:52  1 of 2 OK created sql table model my_dbt_schema.dim_products ................... [\u001b[32mSELECT 845\u001b[0m in 0.12s]","logger":"airflow.task.hooks.airflow.providers.standard.hooks.subprocess.SubprocessHook","filename":"subprocess.py","lineno":99}
{"timestamp":"2026-02-12T19:20:52.150274Z","level":"info","event":"\u001b[0m19:20:52  2 of 2 START sql table model my_dbt_schema.fact_listings ....................... [RUN]","logger":"airflow.task.hooks.airflow.providers.standard.hooks.subprocess.SubprocessHook","filename":"subprocess.py","lineno":99}
{"timestamp":"2026-02-12T19:20:52.200171Z","level":"info","event":"\u001b[0m19:20:52  2 of 2 OK created sql table model my_dbt_schema.fact_listings .................. [\u001b[32mSELECT 931\u001b[0m in 0.05s]","logger":"airflow.task.hooks.airflow.providers.standard.hooks.subprocess.SubprocessHook","filename":"subprocess.py","lineno":99}
{"timestamp":"2026-02-12T19:20:52.213196Z","level":"info","event":"\u001b[0m19:20:52","logger":"airflow.task.hooks.airflow.providers.standard.hooks.subprocess.SubprocessHook","filename":"subprocess.py","lineno":99}
{"timestamp":"2026-02-12T19:20:52.214503Z","level":"info","event":"\u001b[0m19:20:52  Finished running 2 table models in 0 hours 0 minutes and 0.30 seconds (0.30s).","logger":"airflow.task.hooks.airflow.providers.standard.hooks.subprocess.SubprocessHook","filename":"subprocess.py","lineno":99}
{"timestamp":"2026-02-12T19:20:52.246562Z","level":"info","event":"\u001b[0m19:20:52","logger":"airflow.task.hooks.airflow.providers.standard.hooks.subprocess.SubprocessHook","filename":"subprocess.py","lineno":99}
{"timestamp":"2026-02-12T19:20:52.247040Z","level":"info","event":"\u001b[0m19:20:52  \u001b[32mCompleted successfully\u001b[0m","logger":"airflow.task.hooks.airflow.providers.standard.hooks.subprocess.SubprocessHook","filename":"subprocess.py","lineno":99}
{"timestamp":"2026-02-12T19:20:52.247390Z","level":"info","event":"\u001b[0m19:20:52","logger":"airflow.task.hooks.airflow.providers.standard.hooks.subprocess.SubprocessHook","filename":"subprocess.py","lineno":99}
{"timestamp":"2026-02-12T19:20:52.247756Z","level":"info","event":"\u001b[0m19:20:52  Done. PASS=2 WARN=0 ERROR=0 SKIP=0 NO-OP=0 TOTAL=2","logger":"airflow.task.hooks.airflow.providers.standard.hooks.subprocess.SubprocessHook","filename":"subprocess.py","lineno":99}
{"timestamp":"2026-02-12T19:20:53.328320Z","level":"info","event":"Command exited with return code 0","logger":"airflow.task.hooks.airflow.providers.standard.hooks.subprocess.SubprocessHook","filename":"subprocess.py","lineno":103}
{"timestamp":"2026-02-12T19:20:53.328924Z","level":"info","event":"Pushing xcom","ti":"RuntimeTaskInstance(id=UUID('019c534b-673b-7f7c-bde2-39f5f8ac7d42'), task_id='run_dbt_part2', dag_id='scrapy_pipeline', run_id='scheduled__2026-02-09T22:30:00+00:00', try_number=1, dag_version_id=UUID('019c1489-5544-7059-b1ee-b747d346a304'), map_index=-1, hostname='c70de4d1f24e', context_carrier={}, task=<Task(BashOperator): run_dbt_part2>, bundle_instance=LocalDagBundle(name=dags-folder), max_tries=0, start_date=datetime.datetime(2026, 2, 12, 19, 20, 49, 896307, tzinfo=datetime.timezone.utc), end_date=None, state=<TaskInstanceState.RUNNING: 'running'>, is_mapped=False, rendered_map_index=None)","logger":"task","filename":"task_runner.py","lineno":1370}
