{"timestamp":"2026-01-24T05:51:43.918148Z","level":"info","event":"DAG bundles loaded: dags-folder","logger":"airflow.dag_processing.bundles.manager.DagBundlesManager","filename":"manager.py","lineno":179}
{"timestamp":"2026-01-24T05:51:43.918819Z","level":"info","event":"Filling up the DagBag from /opt/airflow/dags/scrapy_pipeline.py","logger":"airflow.models.dagbag.DagBag","filename":"dagbag.py","lineno":593}
{"timestamp":"2026-01-24T05:51:44.056188Z","level":"info","event":"Tmp dir root location: /tmp","logger":"airflow.task.hooks.airflow.providers.standard.hooks.subprocess.SubprocessHook","filename":"subprocess.py","lineno":78}
{"timestamp":"2026-01-24T05:51:44.057315Z","level":"info","event":"Running command: ['/usr/bin/bash', '-c', 'cd /opt/airflow/project/dbt_project && dbt run --select dim_products fact_listings --profiles-dir .']","logger":"airflow.task.hooks.airflow.providers.standard.hooks.subprocess.SubprocessHook","filename":"subprocess.py","lineno":80}
{"timestamp":"2026-01-24T05:51:44.058193Z","level":"info","event":"Output:","logger":"airflow.task.hooks.airflow.providers.standard.hooks.subprocess.SubprocessHook","filename":"subprocess.py","lineno":92}
{"timestamp":"2026-01-24T05:51:43.547036Z","level":"info","event":"\u001b[0m05:51:43  Running with dbt=1.11.2","logger":"airflow.task.hooks.airflow.providers.standard.hooks.subprocess.SubprocessHook","filename":"subprocess.py","lineno":99}
{"timestamp":"2026-01-24T05:51:43.834099Z","level":"info","event":"\u001b[0m05:51:43  Registered adapter: postgres=1.10.0","logger":"airflow.task.hooks.airflow.providers.standard.hooks.subprocess.SubprocessHook","filename":"subprocess.py","lineno":99}
{"timestamp":"2026-01-24T05:51:44.267539Z","level":"info","event":"\u001b[0m05:51:44  Found 3 models, 1 seed, 5 data tests, 1 source, 464 macros","logger":"airflow.task.hooks.airflow.providers.standard.hooks.subprocess.SubprocessHook","filename":"subprocess.py","lineno":99}
{"timestamp":"2026-01-24T05:51:44.269660Z","level":"info","event":"\u001b[0m05:51:44","logger":"airflow.task.hooks.airflow.providers.standard.hooks.subprocess.SubprocessHook","filename":"subprocess.py","lineno":99}
{"timestamp":"2026-01-24T05:51:44.270070Z","level":"info","event":"\u001b[0m05:51:44  Concurrency: 1 threads (target='dev')","logger":"airflow.task.hooks.airflow.providers.standard.hooks.subprocess.SubprocessHook","filename":"subprocess.py","lineno":99}
{"timestamp":"2026-01-24T05:51:44.270419Z","level":"info","event":"\u001b[0m05:51:44","logger":"airflow.task.hooks.airflow.providers.standard.hooks.subprocess.SubprocessHook","filename":"subprocess.py","lineno":99}
{"timestamp":"2026-01-24T05:51:44.387603Z","level":"info","event":"\u001b[0m05:51:44  1 of 2 START sql table model my_dbt_schema.dim_products ........................ [RUN]","logger":"airflow.task.hooks.airflow.providers.standard.hooks.subprocess.SubprocessHook","filename":"subprocess.py","lineno":99}
{"timestamp":"2026-01-24T05:51:44.518643Z","level":"info","event":"\u001b[0m05:51:44  1 of 2 OK created sql table model my_dbt_schema.dim_products ................... [\u001b[32mSELECT 108\u001b[0m in 0.13s]","logger":"airflow.task.hooks.airflow.providers.standard.hooks.subprocess.SubprocessHook","filename":"subprocess.py","lineno":99}
{"timestamp":"2026-01-24T05:51:44.520450Z","level":"info","event":"\u001b[0m05:51:44  2 of 2 START sql table model my_dbt_schema.fact_listings ....................... [RUN]","logger":"airflow.task.hooks.airflow.providers.standard.hooks.subprocess.SubprocessHook","filename":"subprocess.py","lineno":99}
{"timestamp":"2026-01-24T05:51:44.573879Z","level":"info","event":"\u001b[0m05:51:44  2 of 2 OK created sql table model my_dbt_schema.fact_listings .................. [\u001b[32mSELECT 615\u001b[0m in 0.05s]","logger":"airflow.task.hooks.airflow.providers.standard.hooks.subprocess.SubprocessHook","filename":"subprocess.py","lineno":99}
{"timestamp":"2026-01-24T05:51:44.587972Z","level":"info","event":"\u001b[0m05:51:44","logger":"airflow.task.hooks.airflow.providers.standard.hooks.subprocess.SubprocessHook","filename":"subprocess.py","lineno":99}
{"timestamp":"2026-01-24T05:51:44.588333Z","level":"info","event":"\u001b[0m05:51:44  Finished running 2 table models in 0 hours 0 minutes and 0.32 seconds (0.32s).","logger":"airflow.task.hooks.airflow.providers.standard.hooks.subprocess.SubprocessHook","filename":"subprocess.py","lineno":99}
{"timestamp":"2026-01-24T05:51:44.619617Z","level":"info","event":"\u001b[0m05:51:44","logger":"airflow.task.hooks.airflow.providers.standard.hooks.subprocess.SubprocessHook","filename":"subprocess.py","lineno":99}
{"timestamp":"2026-01-24T05:51:44.620022Z","level":"info","event":"\u001b[0m05:51:44  \u001b[32mCompleted successfully\u001b[0m","logger":"airflow.task.hooks.airflow.providers.standard.hooks.subprocess.SubprocessHook","filename":"subprocess.py","lineno":99}
{"timestamp":"2026-01-24T05:51:44.620431Z","level":"info","event":"\u001b[0m05:51:44","logger":"airflow.task.hooks.airflow.providers.standard.hooks.subprocess.SubprocessHook","filename":"subprocess.py","lineno":99}
{"timestamp":"2026-01-24T05:51:44.620870Z","level":"info","event":"\u001b[0m05:51:44  Done. PASS=2 WARN=0 ERROR=0 SKIP=0 NO-OP=0 TOTAL=2","logger":"airflow.task.hooks.airflow.providers.standard.hooks.subprocess.SubprocessHook","filename":"subprocess.py","lineno":99}
{"timestamp":"2026-01-24T05:51:45.687252Z","level":"info","event":"Command exited with return code 0","logger":"airflow.task.hooks.airflow.providers.standard.hooks.subprocess.SubprocessHook","filename":"subprocess.py","lineno":103}
{"timestamp":"2026-01-24T05:51:45.687921Z","level":"info","event":"Pushing xcom","ti":"RuntimeTaskInstance(id=UUID('019bee8e-7f5e-7792-b8c1-c084fd21d1f0'), task_id='run_dbt_part2', dag_id='scrapy_pipeline', run_id='manual__2026-01-24T05:51:13+00:00', try_number=1, dag_version_id=UUID('019bee8e-3d88-710b-a2a9-6a6891ea665e'), map_index=-1, hostname='4fc5979f3cf4', context_carrier={}, task=<Task(BashOperator): run_dbt_part2>, bundle_instance=LocalDagBundle(name=dags-folder), max_tries=0, start_date=datetime.datetime(2026, 1, 24, 5, 51, 43, 884461, tzinfo=datetime.timezone.utc), end_date=None, state=<TaskInstanceState.RUNNING: 'running'>, is_mapped=False, rendered_map_index=None)","logger":"task","filename":"task_runner.py","lineno":1370}
