{"timestamp":"2026-01-23T04:57:48.133394Z","level":"info","event":"DAG bundles loaded: dags-folder","logger":"airflow.dag_processing.bundles.manager.DagBundlesManager","filename":"manager.py","lineno":179}
{"timestamp":"2026-01-23T04:57:48.134571Z","level":"info","event":"Filling up the DagBag from /opt/airflow/dags/scrapy_pipeline.py","logger":"airflow.models.dagbag.DagBag","filename":"dagbag.py","lineno":593}
{"timestamp":"2026-01-23T04:57:48.297113Z","level":"info","event":"Tmp dir root location: /tmp","logger":"airflow.task.hooks.airflow.providers.standard.hooks.subprocess.SubprocessHook","filename":"subprocess.py","lineno":78}
{"timestamp":"2026-01-23T04:57:48.298363Z","level":"info","event":"Running command: ['/usr/bin/bash', '-c', 'cd /opt/airflow/project/dbt_project && dbt run --select dim_products fact_listings --profiles-dir .']","logger":"airflow.task.hooks.airflow.providers.standard.hooks.subprocess.SubprocessHook","filename":"subprocess.py","lineno":80}
{"timestamp":"2026-01-23T04:57:48.299563Z","level":"info","event":"Output:","logger":"airflow.task.hooks.airflow.providers.standard.hooks.subprocess.SubprocessHook","filename":"subprocess.py","lineno":92}
{"timestamp":"2026-01-23T04:57:50.398518Z","level":"info","event":"\u001b[0m04:57:50  Running with dbt=1.11.2","logger":"airflow.task.hooks.airflow.providers.standard.hooks.subprocess.SubprocessHook","filename":"subprocess.py","lineno":99}
{"timestamp":"2026-01-23T04:57:50.692150Z","level":"info","event":"\u001b[0m04:57:50  Registered adapter: postgres=1.10.0","logger":"airflow.task.hooks.airflow.providers.standard.hooks.subprocess.SubprocessHook","filename":"subprocess.py","lineno":99}
{"timestamp":"2026-01-23T04:57:51.182740Z","level":"info","event":"\u001b[0m04:57:51  Found 3 models, 1 seed, 5 data tests, 1 source, 464 macros","logger":"airflow.task.hooks.airflow.providers.standard.hooks.subprocess.SubprocessHook","filename":"subprocess.py","lineno":99}
{"timestamp":"2026-01-23T04:57:51.185027Z","level":"info","event":"\u001b[0m04:57:51","logger":"airflow.task.hooks.airflow.providers.standard.hooks.subprocess.SubprocessHook","filename":"subprocess.py","lineno":99}
{"timestamp":"2026-01-23T04:57:51.185452Z","level":"info","event":"\u001b[0m04:57:51  Concurrency: 1 threads (target='dev')","logger":"airflow.task.hooks.airflow.providers.standard.hooks.subprocess.SubprocessHook","filename":"subprocess.py","lineno":99}
{"timestamp":"2026-01-23T04:57:51.185868Z","level":"info","event":"\u001b[0m04:57:51","logger":"airflow.task.hooks.airflow.providers.standard.hooks.subprocess.SubprocessHook","filename":"subprocess.py","lineno":99}
{"timestamp":"2026-01-23T04:57:51.310219Z","level":"info","event":"\u001b[0m04:57:51  1 of 2 START sql table model my_dbt_schema.dim_products ........................ [RUN]","logger":"airflow.task.hooks.airflow.providers.standard.hooks.subprocess.SubprocessHook","filename":"subprocess.py","lineno":99}
{"timestamp":"2026-01-23T04:57:51.450786Z","level":"info","event":"\u001b[0m04:57:51  1 of 2 OK created sql table model my_dbt_schema.dim_products ................... [\u001b[32mSELECT 108\u001b[0m in 0.14s]","logger":"airflow.task.hooks.airflow.providers.standard.hooks.subprocess.SubprocessHook","filename":"subprocess.py","lineno":99}
{"timestamp":"2026-01-23T04:57:51.452880Z","level":"info","event":"\u001b[0m04:57:51  2 of 2 START sql table model my_dbt_schema.fact_listings ....................... [RUN]","logger":"airflow.task.hooks.airflow.providers.standard.hooks.subprocess.SubprocessHook","filename":"subprocess.py","lineno":99}
{"timestamp":"2026-01-23T04:57:51.505975Z","level":"info","event":"\u001b[0m04:57:51  2 of 2 OK created sql table model my_dbt_schema.fact_listings .................. [\u001b[32mSELECT 615\u001b[0m in 0.05s]","logger":"airflow.task.hooks.airflow.providers.standard.hooks.subprocess.SubprocessHook","filename":"subprocess.py","lineno":99}
{"timestamp":"2026-01-23T04:57:51.520605Z","level":"info","event":"\u001b[0m04:57:51","logger":"airflow.task.hooks.airflow.providers.standard.hooks.subprocess.SubprocessHook","filename":"subprocess.py","lineno":99}
{"timestamp":"2026-01-23T04:57:51.520974Z","level":"info","event":"\u001b[0m04:57:51  Finished running 2 table models in 0 hours 0 minutes and 0.33 seconds (0.33s).","logger":"airflow.task.hooks.airflow.providers.standard.hooks.subprocess.SubprocessHook","filename":"subprocess.py","lineno":99}
{"timestamp":"2026-01-23T04:57:51.554339Z","level":"info","event":"\u001b[0m04:57:51","logger":"airflow.task.hooks.airflow.providers.standard.hooks.subprocess.SubprocessHook","filename":"subprocess.py","lineno":99}
{"timestamp":"2026-01-23T04:57:51.554802Z","level":"info","event":"\u001b[0m04:57:51  \u001b[32mCompleted successfully\u001b[0m","logger":"airflow.task.hooks.airflow.providers.standard.hooks.subprocess.SubprocessHook","filename":"subprocess.py","lineno":99}
{"timestamp":"2026-01-23T04:57:51.555221Z","level":"info","event":"\u001b[0m04:57:51","logger":"airflow.task.hooks.airflow.providers.standard.hooks.subprocess.SubprocessHook","filename":"subprocess.py","lineno":99}
{"timestamp":"2026-01-23T04:57:51.555667Z","level":"info","event":"\u001b[0m04:57:51  Done. PASS=2 WARN=0 ERROR=0 SKIP=0 NO-OP=0 TOTAL=2","logger":"airflow.task.hooks.airflow.providers.standard.hooks.subprocess.SubprocessHook","filename":"subprocess.py","lineno":99}
{"timestamp":"2026-01-23T04:57:52.667088Z","level":"info","event":"Command exited with return code 0","logger":"airflow.task.hooks.airflow.providers.standard.hooks.subprocess.SubprocessHook","filename":"subprocess.py","lineno":103}
{"timestamp":"2026-01-23T04:57:52.668261Z","level":"info","event":"Pushing xcom","ti":"RuntimeTaskInstance(id=UUID('019be935-6496-77a9-83a9-6bf4292c46b1'), task_id='run_dbt_part2', dag_id='scrapy_pipeline', run_id='manual__2026-01-23T04:55:48+00:00', try_number=1, dag_version_id=UUID('019be927-955e-7f6e-993a-95ac84c09e90'), map_index=-1, hostname='4fc5979f3cf4', context_carrier={}, task=<Task(BashOperator): run_dbt_part2>, bundle_instance=LocalDagBundle(name=dags-folder), max_tries=0, start_date=datetime.datetime(2026, 1, 23, 4, 57, 48, 85871, tzinfo=datetime.timezone.utc), end_date=None, state=<TaskInstanceState.RUNNING: 'running'>, is_mapped=False, rendered_map_index=None)","logger":"task","filename":"task_runner.py","lineno":1370}
