{"timestamp":"2026-01-19T00:00:35.684680Z","level":"info","event":"DAG bundles loaded: dags-folder","logger":"airflow.dag_processing.bundles.manager.DagBundlesManager","filename":"manager.py","lineno":179}
{"timestamp":"2026-01-19T00:00:35.685449Z","level":"info","event":"Filling up the DagBag from /opt/airflow/dags/scrapy_pipeline.py","logger":"airflow.models.dagbag.DagBag","filename":"dagbag.py","lineno":593}
{"timestamp":"2026-01-19T00:00:36.128495Z","level":"info","event":"Tmp dir root location: /tmp","logger":"airflow.task.hooks.airflow.providers.standard.hooks.subprocess.SubprocessHook","filename":"subprocess.py","lineno":78}
{"timestamp":"2026-01-19T00:00:36.129652Z","level":"info","event":"Running command: ['/usr/bin/bash', '-c', 'cd /opt/airflow/project/dbt_project && dbt run --select dim_products fact_listings --profiles-dir .']","logger":"airflow.task.hooks.airflow.providers.standard.hooks.subprocess.SubprocessHook","filename":"subprocess.py","lineno":80}
{"timestamp":"2026-01-19T00:00:36.130521Z","level":"info","event":"Output:","logger":"airflow.task.hooks.airflow.providers.standard.hooks.subprocess.SubprocessHook","filename":"subprocess.py","lineno":92}
{"timestamp":"2026-01-19T00:00:38.328381Z","level":"info","event":"\u001b[0m00:00:38  Running with dbt=1.11.2","logger":"airflow.task.hooks.airflow.providers.standard.hooks.subprocess.SubprocessHook","filename":"subprocess.py","lineno":99}
{"timestamp":"2026-01-19T00:00:38.606725Z","level":"info","event":"\u001b[0m00:00:38  Registered adapter: postgres=1.10.0","logger":"airflow.task.hooks.airflow.providers.standard.hooks.subprocess.SubprocessHook","filename":"subprocess.py","lineno":99}
{"timestamp":"2026-01-19T00:00:39.079564Z","level":"info","event":"\u001b[0m00:00:39  Found 3 models, 1 seed, 5 data tests, 1 source, 464 macros","logger":"airflow.task.hooks.airflow.providers.standard.hooks.subprocess.SubprocessHook","filename":"subprocess.py","lineno":99}
{"timestamp":"2026-01-19T00:00:39.081727Z","level":"info","event":"\u001b[0m00:00:39","logger":"airflow.task.hooks.airflow.providers.standard.hooks.subprocess.SubprocessHook","filename":"subprocess.py","lineno":99}
{"timestamp":"2026-01-19T00:00:39.082147Z","level":"info","event":"\u001b[0m00:00:39  Concurrency: 1 threads (target='dev')","logger":"airflow.task.hooks.airflow.providers.standard.hooks.subprocess.SubprocessHook","filename":"subprocess.py","lineno":99}
{"timestamp":"2026-01-19T00:00:39.082513Z","level":"info","event":"\u001b[0m00:00:39","logger":"airflow.task.hooks.airflow.providers.standard.hooks.subprocess.SubprocessHook","filename":"subprocess.py","lineno":99}
{"timestamp":"2026-01-19T00:00:39.201942Z","level":"info","event":"\u001b[0m00:00:39  1 of 2 START sql table model my_dbt_schema.dim_products ........................ [RUN]","logger":"airflow.task.hooks.airflow.providers.standard.hooks.subprocess.SubprocessHook","filename":"subprocess.py","lineno":99}
{"timestamp":"2026-01-19T00:00:39.326222Z","level":"info","event":"\u001b[0m00:00:39  1 of 2 OK created sql table model my_dbt_schema.dim_products ................... [\u001b[32mSELECT 96\u001b[0m in 0.12s]","logger":"airflow.task.hooks.airflow.providers.standard.hooks.subprocess.SubprocessHook","filename":"subprocess.py","lineno":99}
{"timestamp":"2026-01-19T00:00:39.328117Z","level":"info","event":"\u001b[0m00:00:39  2 of 2 START sql table model my_dbt_schema.fact_listings ....................... [RUN]","logger":"airflow.task.hooks.airflow.providers.standard.hooks.subprocess.SubprocessHook","filename":"subprocess.py","lineno":99}
{"timestamp":"2026-01-19T00:00:39.374710Z","level":"info","event":"\u001b[0m00:00:39  2 of 2 OK created sql table model my_dbt_schema.fact_listings .................. [\u001b[32mSELECT 504\u001b[0m in 0.05s]","logger":"airflow.task.hooks.airflow.providers.standard.hooks.subprocess.SubprocessHook","filename":"subprocess.py","lineno":99}
{"timestamp":"2026-01-19T00:00:39.387617Z","level":"info","event":"\u001b[0m00:00:39","logger":"airflow.task.hooks.airflow.providers.standard.hooks.subprocess.SubprocessHook","filename":"subprocess.py","lineno":99}
{"timestamp":"2026-01-19T00:00:39.387978Z","level":"info","event":"\u001b[0m00:00:39  Finished running 2 table models in 0 hours 0 minutes and 0.30 seconds (0.30s).","logger":"airflow.task.hooks.airflow.providers.standard.hooks.subprocess.SubprocessHook","filename":"subprocess.py","lineno":99}
{"timestamp":"2026-01-19T00:00:39.417252Z","level":"info","event":"\u001b[0m00:00:39","logger":"airflow.task.hooks.airflow.providers.standard.hooks.subprocess.SubprocessHook","filename":"subprocess.py","lineno":99}
{"timestamp":"2026-01-19T00:00:39.417697Z","level":"info","event":"\u001b[0m00:00:39  \u001b[32mCompleted successfully\u001b[0m","logger":"airflow.task.hooks.airflow.providers.standard.hooks.subprocess.SubprocessHook","filename":"subprocess.py","lineno":99}
{"timestamp":"2026-01-19T00:00:39.418080Z","level":"info","event":"\u001b[0m00:00:39","logger":"airflow.task.hooks.airflow.providers.standard.hooks.subprocess.SubprocessHook","filename":"subprocess.py","lineno":99}
{"timestamp":"2026-01-19T00:00:39.418509Z","level":"info","event":"\u001b[0m00:00:39  Done. PASS=2 WARN=0 ERROR=0 SKIP=0 NO-OP=0 TOTAL=2","logger":"airflow.task.hooks.airflow.providers.standard.hooks.subprocess.SubprocessHook","filename":"subprocess.py","lineno":99}
{"timestamp":"2026-01-19T00:00:40.524495Z","level":"info","event":"Command exited with return code 0","logger":"airflow.task.hooks.airflow.providers.standard.hooks.subprocess.SubprocessHook","filename":"subprocess.py","lineno":103}
{"timestamp":"2026-01-19T00:00:40.525198Z","level":"info","event":"Pushing xcom","ti":"RuntimeTaskInstance(id=UUID('019bd38d-2374-7428-954d-b5b05df6940c'), task_id='run_dbt_part2', dag_id='scrapy_pipeline', run_id='scheduled__2026-01-19T00:00:00+00:00', try_number=1, dag_version_id=UUID('019bc472-70f3-7d89-9f0c-dbdc5725b3ef'), map_index=-1, hostname='fd8a5e00e336', context_carrier={}, task=<Task(BashOperator): run_dbt_part2>, bundle_instance=LocalDagBundle(name=dags-folder), max_tries=0, start_date=datetime.datetime(2026, 1, 19, 0, 0, 35, 650146, tzinfo=datetime.timezone.utc), end_date=None, state=<TaskInstanceState.RUNNING: 'running'>, is_mapped=False, rendered_map_index=None)","logger":"task","filename":"task_runner.py","lineno":1370}
