{"timestamp":"2026-01-23T22:28:34.988689Z","level":"info","event":"DAG bundles loaded: dags-folder","logger":"airflow.dag_processing.bundles.manager.DagBundlesManager","filename":"manager.py","lineno":179}
{"timestamp":"2026-01-23T22:28:34.989601Z","level":"info","event":"Filling up the DagBag from /opt/airflow/dags/scrapy_pipeline.py","logger":"airflow.models.dagbag.DagBag","filename":"dagbag.py","lineno":593}
{"timestamp":"2026-01-23T22:28:35.124065Z","level":"info","event":"Tmp dir root location: /tmp","logger":"airflow.task.hooks.airflow.providers.standard.hooks.subprocess.SubprocessHook","filename":"subprocess.py","lineno":78}
{"timestamp":"2026-01-23T22:28:35.125213Z","level":"info","event":"Running command: ['/usr/bin/bash', '-c', 'cd /opt/airflow/project/dbt_project && dbt run --select stg_data --profiles-dir .']","logger":"airflow.task.hooks.airflow.providers.standard.hooks.subprocess.SubprocessHook","filename":"subprocess.py","lineno":80}
{"timestamp":"2026-01-23T22:28:35.126059Z","level":"info","event":"Output:","logger":"airflow.task.hooks.airflow.providers.standard.hooks.subprocess.SubprocessHook","filename":"subprocess.py","lineno":92}
{"timestamp":"2026-01-23T22:28:37.498018Z","level":"info","event":"\u001b[0m22:28:37  Running with dbt=1.11.2","logger":"airflow.task.hooks.airflow.providers.standard.hooks.subprocess.SubprocessHook","filename":"subprocess.py","lineno":99}
{"timestamp":"2026-01-23T22:28:37.907113Z","level":"info","event":"\u001b[0m22:28:37  Registered adapter: postgres=1.10.0","logger":"airflow.task.hooks.airflow.providers.standard.hooks.subprocess.SubprocessHook","filename":"subprocess.py","lineno":99}
{"timestamp":"2026-01-23T22:28:38.420298Z","level":"info","event":"\u001b[0m22:28:38  Found 3 models, 1 seed, 5 data tests, 1 source, 464 macros","logger":"airflow.task.hooks.airflow.providers.standard.hooks.subprocess.SubprocessHook","filename":"subprocess.py","lineno":99}
{"timestamp":"2026-01-23T22:28:38.422742Z","level":"info","event":"\u001b[0m22:28:38","logger":"airflow.task.hooks.airflow.providers.standard.hooks.subprocess.SubprocessHook","filename":"subprocess.py","lineno":99}
{"timestamp":"2026-01-23T22:28:38.423210Z","level":"info","event":"\u001b[0m22:28:38  Concurrency: 1 threads (target='dev')","logger":"airflow.task.hooks.airflow.providers.standard.hooks.subprocess.SubprocessHook","filename":"subprocess.py","lineno":99}
{"timestamp":"2026-01-23T22:28:38.423607Z","level":"info","event":"\u001b[0m22:28:38","logger":"airflow.task.hooks.airflow.providers.standard.hooks.subprocess.SubprocessHook","filename":"subprocess.py","lineno":99}
{"timestamp":"2026-01-23T22:28:38.554178Z","level":"info","event":"\u001b[0m22:28:38  1 of 1 START sql table model my_dbt_schema.stg_data ............................ [RUN]","logger":"airflow.task.hooks.airflow.providers.standard.hooks.subprocess.SubprocessHook","filename":"subprocess.py","lineno":99}
{"timestamp":"2026-01-23T22:28:38.700936Z","level":"info","event":"\u001b[0m22:28:38  1 of 1 OK created sql table model my_dbt_schema.stg_data ....................... [\u001b[32mSELECT 615\u001b[0m in 0.14s]","logger":"airflow.task.hooks.airflow.providers.standard.hooks.subprocess.SubprocessHook","filename":"subprocess.py","lineno":99}
{"timestamp":"2026-01-23T22:28:38.714090Z","level":"info","event":"\u001b[0m22:28:38","logger":"airflow.task.hooks.airflow.providers.standard.hooks.subprocess.SubprocessHook","filename":"subprocess.py","lineno":99}
{"timestamp":"2026-01-23T22:28:38.714502Z","level":"info","event":"\u001b[0m22:28:38  Finished running 1 table model in 0 hours 0 minutes and 0.29 seconds (0.29s).","logger":"airflow.task.hooks.airflow.providers.standard.hooks.subprocess.SubprocessHook","filename":"subprocess.py","lineno":99}
{"timestamp":"2026-01-23T22:28:38.746328Z","level":"info","event":"\u001b[0m22:28:38","logger":"airflow.task.hooks.airflow.providers.standard.hooks.subprocess.SubprocessHook","filename":"subprocess.py","lineno":99}
{"timestamp":"2026-01-23T22:28:38.746740Z","level":"info","event":"\u001b[0m22:28:38  \u001b[32mCompleted successfully\u001b[0m","logger":"airflow.task.hooks.airflow.providers.standard.hooks.subprocess.SubprocessHook","filename":"subprocess.py","lineno":99}
{"timestamp":"2026-01-23T22:28:38.747094Z","level":"info","event":"\u001b[0m22:28:38","logger":"airflow.task.hooks.airflow.providers.standard.hooks.subprocess.SubprocessHook","filename":"subprocess.py","lineno":99}
{"timestamp":"2026-01-23T22:28:38.747523Z","level":"info","event":"\u001b[0m22:28:38  Done. PASS=1 WARN=0 ERROR=0 SKIP=0 NO-OP=0 TOTAL=1","logger":"airflow.task.hooks.airflow.providers.standard.hooks.subprocess.SubprocessHook","filename":"subprocess.py","lineno":99}
{"timestamp":"2026-01-23T22:28:39.846575Z","level":"info","event":"Command exited with return code 0","logger":"airflow.task.hooks.airflow.providers.standard.hooks.subprocess.SubprocessHook","filename":"subprocess.py","lineno":103}
{"timestamp":"2026-01-23T22:28:39.847223Z","level":"info","event":"Pushing xcom","ti":"RuntimeTaskInstance(id=UUID('019becf9-0119-72b2-8870-85100e47db2a'), task_id='run_dbt_part1', dag_id='scrapy_pipeline', run_id='manual__2026-01-23T22:28:19+00:00', try_number=1, dag_version_id=UUID('019becb4-6add-7e4c-8e50-ff50f7d30297'), map_index=-1, hostname='4fc5979f3cf4', context_carrier={}, task=<Task(BashOperator): run_dbt_part1>, bundle_instance=LocalDagBundle(name=dags-folder), max_tries=0, start_date=datetime.datetime(2026, 1, 23, 22, 28, 34, 948379, tzinfo=datetime.timezone.utc), end_date=None, state=<TaskInstanceState.RUNNING: 'running'>, is_mapped=False, rendered_map_index=None)","logger":"task","filename":"task_runner.py","lineno":1370}
