{"timestamp":"2026-01-31T01:42:33.568233Z","level":"info","event":"DAG bundles loaded: dags-folder","logger":"airflow.dag_processing.bundles.manager.DagBundlesManager","filename":"manager.py","lineno":179}
{"timestamp":"2026-01-31T01:42:33.568924Z","level":"info","event":"Filling up the DagBag from /opt/airflow/dags/scrapy_pipeline.py","logger":"airflow.models.dagbag.DagBag","filename":"dagbag.py","lineno":593}
{"timestamp":"2026-01-31T01:42:33.709652Z","level":"info","event":"Tmp dir root location: /tmp","logger":"airflow.task.hooks.airflow.providers.standard.hooks.subprocess.SubprocessHook","filename":"subprocess.py","lineno":78}
{"timestamp":"2026-01-31T01:42:33.710807Z","level":"info","event":"Running command: ['/usr/bin/bash', '-c', 'cd /opt/airflow/project/dbt_project && dbt run --select dim_products fact_listings --profiles-dir .']","logger":"airflow.task.hooks.airflow.providers.standard.hooks.subprocess.SubprocessHook","filename":"subprocess.py","lineno":80}
{"timestamp":"2026-01-31T01:42:33.711572Z","level":"info","event":"Output:","logger":"airflow.task.hooks.airflow.providers.standard.hooks.subprocess.SubprocessHook","filename":"subprocess.py","lineno":92}
{"timestamp":"2026-01-31T01:42:35.515614Z","level":"info","event":"\u001b[0m01:42:35  Running with dbt=1.11.2","logger":"airflow.task.hooks.airflow.providers.standard.hooks.subprocess.SubprocessHook","filename":"subprocess.py","lineno":99}
{"timestamp":"2026-01-31T01:42:35.789545Z","level":"info","event":"\u001b[0m01:42:35  Registered adapter: postgres=1.10.0","logger":"airflow.task.hooks.airflow.providers.standard.hooks.subprocess.SubprocessHook","filename":"subprocess.py","lineno":99}
{"timestamp":"2026-01-31T01:42:36.210048Z","level":"info","event":"\u001b[0m01:42:36  Found 3 models, 1 seed, 5 data tests, 1 source, 464 macros","logger":"airflow.task.hooks.airflow.providers.standard.hooks.subprocess.SubprocessHook","filename":"subprocess.py","lineno":99}
{"timestamp":"2026-01-31T01:42:36.212510Z","level":"info","event":"\u001b[0m01:42:36","logger":"airflow.task.hooks.airflow.providers.standard.hooks.subprocess.SubprocessHook","filename":"subprocess.py","lineno":99}
{"timestamp":"2026-01-31T01:42:36.213056Z","level":"info","event":"\u001b[0m01:42:36  Concurrency: 1 threads (target='dev')","logger":"airflow.task.hooks.airflow.providers.standard.hooks.subprocess.SubprocessHook","filename":"subprocess.py","lineno":99}
{"timestamp":"2026-01-31T01:42:36.213535Z","level":"info","event":"\u001b[0m01:42:36","logger":"airflow.task.hooks.airflow.providers.standard.hooks.subprocess.SubprocessHook","filename":"subprocess.py","lineno":99}
{"timestamp":"2026-01-31T01:42:36.328224Z","level":"info","event":"\u001b[0m01:42:36  1 of 2 START sql table model my_dbt_schema.dim_products ........................ [RUN]","logger":"airflow.task.hooks.airflow.providers.standard.hooks.subprocess.SubprocessHook","filename":"subprocess.py","lineno":99}
{"timestamp":"2026-01-31T01:42:36.459153Z","level":"info","event":"\u001b[0m01:42:36  1 of 2 OK created sql table model my_dbt_schema.dim_products ................... [\u001b[32mSELECT 594\u001b[0m in 0.13s]","logger":"airflow.task.hooks.airflow.providers.standard.hooks.subprocess.SubprocessHook","filename":"subprocess.py","lineno":99}
{"timestamp":"2026-01-31T01:42:36.461476Z","level":"info","event":"\u001b[0m01:42:36  2 of 2 START sql table model my_dbt_schema.fact_listings ....................... [RUN]","logger":"airflow.task.hooks.airflow.providers.standard.hooks.subprocess.SubprocessHook","filename":"subprocess.py","lineno":99}
{"timestamp":"2026-01-31T01:42:36.517204Z","level":"info","event":"\u001b[0m01:42:36  2 of 2 OK created sql table model my_dbt_schema.fact_listings .................. [\u001b[32mSELECT 669\u001b[0m in 0.05s]","logger":"airflow.task.hooks.airflow.providers.standard.hooks.subprocess.SubprocessHook","filename":"subprocess.py","lineno":99}
{"timestamp":"2026-01-31T01:42:36.532596Z","level":"info","event":"\u001b[0m01:42:36","logger":"airflow.task.hooks.airflow.providers.standard.hooks.subprocess.SubprocessHook","filename":"subprocess.py","lineno":99}
{"timestamp":"2026-01-31T01:42:36.533411Z","level":"info","event":"\u001b[0m01:42:36  Finished running 2 table models in 0 hours 0 minutes and 0.32 seconds (0.32s).","logger":"airflow.task.hooks.airflow.providers.standard.hooks.subprocess.SubprocessHook","filename":"subprocess.py","lineno":99}
{"timestamp":"2026-01-31T01:42:36.566209Z","level":"info","event":"\u001b[0m01:42:36","logger":"airflow.task.hooks.airflow.providers.standard.hooks.subprocess.SubprocessHook","filename":"subprocess.py","lineno":99}
{"timestamp":"2026-01-31T01:42:36.566676Z","level":"info","event":"\u001b[0m01:42:36  \u001b[32mCompleted successfully\u001b[0m","logger":"airflow.task.hooks.airflow.providers.standard.hooks.subprocess.SubprocessHook","filename":"subprocess.py","lineno":99}
{"timestamp":"2026-01-31T01:42:36.567099Z","level":"info","event":"\u001b[0m01:42:36","logger":"airflow.task.hooks.airflow.providers.standard.hooks.subprocess.SubprocessHook","filename":"subprocess.py","lineno":99}
{"timestamp":"2026-01-31T01:42:36.567528Z","level":"info","event":"\u001b[0m01:42:36  Done. PASS=2 WARN=0 ERROR=0 SKIP=0 NO-OP=0 TOTAL=2","logger":"airflow.task.hooks.airflow.providers.standard.hooks.subprocess.SubprocessHook","filename":"subprocess.py","lineno":99}
{"timestamp":"2026-01-31T01:42:38.014540Z","level":"info","event":"Command exited with return code 0","logger":"airflow.task.hooks.airflow.providers.standard.hooks.subprocess.SubprocessHook","filename":"subprocess.py","lineno":103}
{"timestamp":"2026-01-31T01:42:38.015330Z","level":"info","event":"Pushing xcom","ti":"RuntimeTaskInstance(id=UUID('019c11b5-e78d-7d4d-b10a-099e58eaff5d'), task_id='run_dbt_part2', dag_id='scrapy_pipeline', run_id='scheduled__2026-01-31T00:00:00+00:00', try_number=1, dag_version_id=UUID('019bfd81-981a-7641-b047-d02df10eff8c'), map_index=-1, hostname='960d51d11793', context_carrier={}, task=<Task(BashOperator): run_dbt_part2>, bundle_instance=LocalDagBundle(name=dags-folder), max_tries=0, start_date=datetime.datetime(2026, 1, 31, 1, 42, 33, 538968, tzinfo=datetime.timezone.utc), end_date=None, state=<TaskInstanceState.RUNNING: 'running'>, is_mapped=False, rendered_map_index=None)","logger":"task","filename":"task_runner.py","lineno":1370}
