{"timestamp":"2026-01-28T00:00:38.734532Z","level":"info","event":"DAG bundles loaded: dags-folder","logger":"airflow.dag_processing.bundles.manager.DagBundlesManager","filename":"manager.py","lineno":179}
{"timestamp":"2026-01-28T00:00:38.735174Z","level":"info","event":"Filling up the DagBag from /opt/airflow/dags/scrapy_pipeline.py","logger":"airflow.models.dagbag.DagBag","filename":"dagbag.py","lineno":593}
{"timestamp":"2026-01-28T00:00:37.858764Z","level":"info","event":"Tmp dir root location: /tmp","logger":"airflow.task.hooks.airflow.providers.standard.hooks.subprocess.SubprocessHook","filename":"subprocess.py","lineno":78}
{"timestamp":"2026-01-28T00:00:37.859814Z","level":"info","event":"Running command: ['/usr/bin/bash', '-c', 'cd /opt/airflow/project/dbt_project && dbt run --select stg_data --profiles-dir . --debug']","logger":"airflow.task.hooks.airflow.providers.standard.hooks.subprocess.SubprocessHook","filename":"subprocess.py","lineno":80}
{"timestamp":"2026-01-28T00:00:37.860536Z","level":"info","event":"Output:","logger":"airflow.task.hooks.airflow.providers.standard.hooks.subprocess.SubprocessHook","filename":"subprocess.py","lineno":92}
{"timestamp":"2026-01-28T00:00:40.551073Z","level":"info","event":"\u001b[0m00:00:40  Sending event: {'category': 'dbt', 'action': 'invocation', 'label': 'start', 'context': [<snowplow_tracker.self_describing_json.SelfDescribingJson object at 0x71d777d2a000>, <snowplow_tracker.self_describing_json.SelfDescribingJson object at 0x71d777051610>, <snowplow_tracker.self_describing_json.SelfDescribingJson object at 0x71d7773ef530>]}","logger":"airflow.task.hooks.airflow.providers.standard.hooks.subprocess.SubprocessHook","filename":"subprocess.py","lineno":99}
{"timestamp":"2026-01-28T00:00:40.552141Z","level":"info","event":"\u001b[0m00:00:40  Running with dbt=1.11.2","logger":"airflow.task.hooks.airflow.providers.standard.hooks.subprocess.SubprocessHook","filename":"subprocess.py","lineno":99}
{"timestamp":"2026-01-28T00:00:40.553049Z","level":"info","event":"\u001b[0m00:00:40  running dbt with arguments {'send_anonymous_usage_stats': 'True', 'target_path': 'None', 'quiet': 'False', 'no_print': 'None', 'indirect_selection': 'eager', 'log_format': 'default', 'warn_error_options': 'WarnErrorOptionsV2(error=[], warn=[], silence=[])', 'log_path': '/opt/airflow/project/dbt_project/logs', 'introspect': 'True', 'static_parser': 'True', 'use_experimental_parser': 'False', 'fail_fast': 'False', 'printer_width': '80', 'profiles_dir': '.', 'version_check': 'True', 'empty': 'False', 'warn_error': 'None', 'partial_parse': 'True', 'log_cache_events': 'False', 'invocation_command': 'dbt run --select stg_data --profiles-dir . --debug', 'use_colors': 'True', 'cache_selected_only': 'False', 'debug': 'True', 'write_json': 'True'}","logger":"airflow.task.hooks.airflow.providers.standard.hooks.subprocess.SubprocessHook","filename":"subprocess.py","lineno":99}
{"timestamp":"2026-01-28T00:00:40.991164Z","level":"info","event":"\u001b[0m00:00:40  Sending event: {'category': 'dbt', 'action': 'project_id', 'label': 'ec020c50-a798-46c8-b47c-ba5f49ee3733', 'context': [<snowplow_tracker.self_describing_json.SelfDescribingJson object at 0x71d7762d2c30>]}","logger":"airflow.task.hooks.airflow.providers.standard.hooks.subprocess.SubprocessHook","filename":"subprocess.py","lineno":99}
{"timestamp":"2026-01-28T00:00:41.076848Z","level":"info","event":"\u001b[0m00:00:41  Sending event: {'category': 'dbt', 'action': 'adapter_info', 'label': 'ec020c50-a798-46c8-b47c-ba5f49ee3733', 'context': [<snowplow_tracker.self_describing_json.SelfDescribingJson object at 0x71d777678b60>]}","logger":"airflow.task.hooks.airflow.providers.standard.hooks.subprocess.SubprocessHook","filename":"subprocess.py","lineno":99}
{"timestamp":"2026-01-28T00:00:41.087826Z","level":"info","event":"\u001b[0m00:00:41  Registered adapter: postgres=1.10.0","logger":"airflow.task.hooks.airflow.providers.standard.hooks.subprocess.SubprocessHook","filename":"subprocess.py","lineno":99}
{"timestamp":"2026-01-28T00:00:41.233959Z","level":"info","event":"\u001b[0m00:00:41  checksum: 3d40d8bbe1bef07db1c24822f2dbfff8bc07f2a48ed4fe2658a40653aec0b54b, vars: {}, profile: , target: , version: 1.11.2","logger":"airflow.task.hooks.airflow.providers.standard.hooks.subprocess.SubprocessHook","filename":"subprocess.py","lineno":99}
{"timestamp":"2026-01-28T00:00:41.449516Z","level":"info","event":"\u001b[0m00:00:41  Partial parsing enabled: 0 files deleted, 0 files added, 0 files changed.","logger":"airflow.task.hooks.airflow.providers.standard.hooks.subprocess.SubprocessHook","filename":"subprocess.py","lineno":99}
{"timestamp":"2026-01-28T00:00:41.449937Z","level":"info","event":"\u001b[0m00:00:41  Nothing changed, skipping partial parsing.","logger":"airflow.task.hooks.airflow.providers.standard.hooks.subprocess.SubprocessHook","filename":"subprocess.py","lineno":99}
{"timestamp":"2026-01-28T00:00:41.450329Z","level":"info","event":"\u001b[0m00:00:41  Partial parsing enabled, no changes found, skipping parsing","logger":"airflow.task.hooks.airflow.providers.standard.hooks.subprocess.SubprocessHook","filename":"subprocess.py","lineno":99}
{"timestamp":"2026-01-28T00:00:41.513250Z","level":"info","event":"\u001b[0m00:00:41  Sending event: {'category': 'dbt', 'action': 'load_project', 'label': 'ec020c50-a798-46c8-b47c-ba5f49ee3733', 'context': [<snowplow_tracker.self_describing_json.SelfDescribingJson object at 0x71d775f3bb00>]}","logger":"airflow.task.hooks.airflow.providers.standard.hooks.subprocess.SubprocessHook","filename":"subprocess.py","lineno":99}
{"timestamp":"2026-01-28T00:00:41.632653Z","level":"info","event":"\u001b[0m00:00:41  Wrote artifact WritableManifest to /opt/airflow/project/dbt_project/target/manifest.json","logger":"airflow.task.hooks.airflow.providers.standard.hooks.subprocess.SubprocessHook","filename":"subprocess.py","lineno":99}
{"timestamp":"2026-01-28T00:00:41.636008Z","level":"info","event":"\u001b[0m00:00:41  Wrote artifact SemanticManifest to /opt/airflow/project/dbt_project/target/semantic_manifest.json","logger":"airflow.task.hooks.airflow.providers.standard.hooks.subprocess.SubprocessHook","filename":"subprocess.py","lineno":99}
{"timestamp":"2026-01-28T00:00:41.672689Z","level":"info","event":"\u001b[0m00:00:41  Sending event: {'category': 'dbt', 'action': 'resource_counts', 'label': 'ec020c50-a798-46c8-b47c-ba5f49ee3733', 'context': [<snowplow_tracker.self_describing_json.SelfDescribingJson object at 0x71d7753f2330>]}","logger":"airflow.task.hooks.airflow.providers.standard.hooks.subprocess.SubprocessHook","filename":"subprocess.py","lineno":99}
{"timestamp":"2026-01-28T00:00:41.673486Z","level":"info","event":"\u001b[0m00:00:41  Found 3 models, 1 seed, 5 data tests, 1 source, 464 macros","logger":"airflow.task.hooks.airflow.providers.standard.hooks.subprocess.SubprocessHook","filename":"subprocess.py","lineno":99}
{"timestamp":"2026-01-28T00:00:41.674047Z","level":"info","event":"\u001b[0m00:00:41  Sending event: {'category': 'dbt', 'action': 'runnable_timing', 'label': 'ec020c50-a798-46c8-b47c-ba5f49ee3733', 'context': [<snowplow_tracker.self_describing_json.SelfDescribingJson object at 0x71d775f55a90>]}","logger":"airflow.task.hooks.airflow.providers.standard.hooks.subprocess.SubprocessHook","filename":"subprocess.py","lineno":99}
{"timestamp":"2026-01-28T00:00:41.676019Z","level":"info","event":"\u001b[0m00:00:41","logger":"airflow.task.hooks.airflow.providers.standard.hooks.subprocess.SubprocessHook","filename":"subprocess.py","lineno":99}
{"timestamp":"2026-01-28T00:00:41.676464Z","level":"info","event":"\u001b[0m00:00:41  Concurrency: 1 threads (target='dev')","logger":"airflow.task.hooks.airflow.providers.standard.hooks.subprocess.SubprocessHook","filename":"subprocess.py","lineno":99}
{"timestamp":"2026-01-28T00:00:41.676875Z","level":"info","event":"\u001b[0m00:00:41","logger":"airflow.task.hooks.airflow.providers.standard.hooks.subprocess.SubprocessHook","filename":"subprocess.py","lineno":99}
{"timestamp":"2026-01-28T00:00:41.677484Z","level":"info","event":"\u001b[0m00:00:41  Acquiring new postgres connection 'master'","logger":"airflow.task.hooks.airflow.providers.standard.hooks.subprocess.SubprocessHook","filename":"subprocess.py","lineno":99}
{"timestamp":"2026-01-28T00:00:41.678642Z","level":"info","event":"\u001b[0m00:00:41  Acquiring new postgres connection 'list_scrapy_data'","logger":"airflow.task.hooks.airflow.providers.standard.hooks.subprocess.SubprocessHook","filename":"subprocess.py","lineno":99}
{"timestamp":"2026-01-28T00:00:41.735353Z","level":"info","event":"\u001b[0m00:00:41  Using postgres connection \"list_scrapy_data\"","logger":"airflow.task.hooks.airflow.providers.standard.hooks.subprocess.SubprocessHook","filename":"subprocess.py","lineno":99}
{"timestamp":"2026-01-28T00:00:41.736199Z","level":"info","event":"\u001b[0m00:00:41  On list_scrapy_data: /* {\"app\": \"dbt\", \"dbt_version\": \"1.11.2\", \"profile_name\": \"my_transformations\", \"target_name\": \"dev\", \"connection_name\": \"list_scrapy_data\"} */","logger":"airflow.task.hooks.airflow.providers.standard.hooks.subprocess.SubprocessHook","filename":"subprocess.py","lineno":99}
{"timestamp":"2026-01-28T00:00:41.736347Z","level":"info","event":"","logger":"airflow.task.hooks.airflow.providers.standard.hooks.subprocess.SubprocessHook","filename":"subprocess.py","lineno":99}
{"timestamp":"2026-01-28T00:00:41.736412Z","level":"info","event":"    select distinct nspname from pg_namespace","logger":"airflow.task.hooks.airflow.providers.standard.hooks.subprocess.SubprocessHook","filename":"subprocess.py","lineno":99}
{"timestamp":"2026-01-28T00:00:41.736512Z","level":"info","event":"","logger":"airflow.task.hooks.airflow.providers.standard.hooks.subprocess.SubprocessHook","filename":"subprocess.py","lineno":99}
{"timestamp":"2026-01-28T00:00:41.736913Z","level":"info","event":"\u001b[0m00:00:41  Opening a new connection, currently in state init","logger":"airflow.task.hooks.airflow.providers.standard.hooks.subprocess.SubprocessHook","filename":"subprocess.py","lineno":99}
{"timestamp":"2026-01-28T00:00:41.758311Z","level":"info","event":"\u001b[0m00:00:41  SQL status: SELECT 5 in 0.021 seconds","logger":"airflow.task.hooks.airflow.providers.standard.hooks.subprocess.SubprocessHook","filename":"subprocess.py","lineno":99}
{"timestamp":"2026-01-28T00:00:41.760048Z","level":"info","event":"\u001b[0m00:00:41  On list_scrapy_data: Close","logger":"airflow.task.hooks.airflow.providers.standard.hooks.subprocess.SubprocessHook","filename":"subprocess.py","lineno":99}
{"timestamp":"2026-01-28T00:00:41.765296Z","level":"info","event":"\u001b[0m00:00:41  Re-using an available connection from the pool (formerly list_scrapy_data, now list_scrapy_data_my_dbt_schema)","logger":"airflow.task.hooks.airflow.providers.standard.hooks.subprocess.SubprocessHook","filename":"subprocess.py","lineno":99}
{"timestamp":"2026-01-28T00:00:41.772952Z","level":"info","event":"\u001b[0m00:00:41  Using postgres connection \"list_scrapy_data_my_dbt_schema\"","logger":"airflow.task.hooks.airflow.providers.standard.hooks.subprocess.SubprocessHook","filename":"subprocess.py","lineno":99}
{"timestamp":"2026-01-28T00:00:41.773629Z","level":"info","event":"\u001b[0m00:00:41  On list_scrapy_data_my_dbt_schema: /* {\"app\": \"dbt\", \"dbt_version\": \"1.11.2\", \"profile_name\": \"my_transformations\", \"target_name\": \"dev\", \"connection_name\": \"list_scrapy_data_my_dbt_schema\"} */","logger":"airflow.task.hooks.airflow.providers.standard.hooks.subprocess.SubprocessHook","filename":"subprocess.py","lineno":99}
{"timestamp":"2026-01-28T00:00:41.773786Z","level":"info","event":"select","logger":"airflow.task.hooks.airflow.providers.standard.hooks.subprocess.SubprocessHook","filename":"subprocess.py","lineno":99}
{"timestamp":"2026-01-28T00:00:41.773843Z","level":"info","event":"      'scrapy_data' as database,","logger":"airflow.task.hooks.airflow.providers.standard.hooks.subprocess.SubprocessHook","filename":"subprocess.py","lineno":99}
{"timestamp":"2026-01-28T00:00:41.773883Z","level":"info","event":"      tablename as name,","logger":"airflow.task.hooks.airflow.providers.standard.hooks.subprocess.SubprocessHook","filename":"subprocess.py","lineno":99}
{"timestamp":"2026-01-28T00:00:41.773933Z","level":"info","event":"      schemaname as schema,","logger":"airflow.task.hooks.airflow.providers.standard.hooks.subprocess.SubprocessHook","filename":"subprocess.py","lineno":99}
{"timestamp":"2026-01-28T00:00:41.773988Z","level":"info","event":"      'table' as type","logger":"airflow.task.hooks.airflow.providers.standard.hooks.subprocess.SubprocessHook","filename":"subprocess.py","lineno":99}
{"timestamp":"2026-01-28T00:00:41.774042Z","level":"info","event":"    from pg_tables","logger":"airflow.task.hooks.airflow.providers.standard.hooks.subprocess.SubprocessHook","filename":"subprocess.py","lineno":99}
{"timestamp":"2026-01-28T00:00:41.774086Z","level":"info","event":"    where schemaname ilike 'my_dbt_schema'","logger":"airflow.task.hooks.airflow.providers.standard.hooks.subprocess.SubprocessHook","filename":"subprocess.py","lineno":99}
{"timestamp":"2026-01-28T00:00:41.774124Z","level":"info","event":"    union all","logger":"airflow.task.hooks.airflow.providers.standard.hooks.subprocess.SubprocessHook","filename":"subprocess.py","lineno":99}
{"timestamp":"2026-01-28T00:00:41.774175Z","level":"info","event":"    select","logger":"airflow.task.hooks.airflow.providers.standard.hooks.subprocess.SubprocessHook","filename":"subprocess.py","lineno":99}
{"timestamp":"2026-01-28T00:00:41.774252Z","level":"info","event":"      'scrapy_data' as database,","logger":"airflow.task.hooks.airflow.providers.standard.hooks.subprocess.SubprocessHook","filename":"subprocess.py","lineno":99}
{"timestamp":"2026-01-28T00:00:41.774310Z","level":"info","event":"      viewname as name,","logger":"airflow.task.hooks.airflow.providers.standard.hooks.subprocess.SubprocessHook","filename":"subprocess.py","lineno":99}
{"timestamp":"2026-01-28T00:00:41.774363Z","level":"info","event":"      schemaname as schema,","logger":"airflow.task.hooks.airflow.providers.standard.hooks.subprocess.SubprocessHook","filename":"subprocess.py","lineno":99}
{"timestamp":"2026-01-28T00:00:41.774398Z","level":"info","event":"      'view' as type","logger":"airflow.task.hooks.airflow.providers.standard.hooks.subprocess.SubprocessHook","filename":"subprocess.py","lineno":99}
{"timestamp":"2026-01-28T00:00:41.774429Z","level":"info","event":"    from pg_views","logger":"airflow.task.hooks.airflow.providers.standard.hooks.subprocess.SubprocessHook","filename":"subprocess.py","lineno":99}
{"timestamp":"2026-01-28T00:00:41.774457Z","level":"info","event":"    where schemaname ilike 'my_dbt_schema'","logger":"airflow.task.hooks.airflow.providers.standard.hooks.subprocess.SubprocessHook","filename":"subprocess.py","lineno":99}
{"timestamp":"2026-01-28T00:00:41.774485Z","level":"info","event":"    union all","logger":"airflow.task.hooks.airflow.providers.standard.hooks.subprocess.SubprocessHook","filename":"subprocess.py","lineno":99}
{"timestamp":"2026-01-28T00:00:41.774512Z","level":"info","event":"    select","logger":"airflow.task.hooks.airflow.providers.standard.hooks.subprocess.SubprocessHook","filename":"subprocess.py","lineno":99}
{"timestamp":"2026-01-28T00:00:41.774552Z","level":"info","event":"      'scrapy_data' as database,","logger":"airflow.task.hooks.airflow.providers.standard.hooks.subprocess.SubprocessHook","filename":"subprocess.py","lineno":99}
{"timestamp":"2026-01-28T00:00:41.774586Z","level":"info","event":"      matviewname as name,","logger":"airflow.task.hooks.airflow.providers.standard.hooks.subprocess.SubprocessHook","filename":"subprocess.py","lineno":99}
{"timestamp":"2026-01-28T00:00:41.774613Z","level":"info","event":"      schemaname as schema,","logger":"airflow.task.hooks.airflow.providers.standard.hooks.subprocess.SubprocessHook","filename":"subprocess.py","lineno":99}
{"timestamp":"2026-01-28T00:00:41.774640Z","level":"info","event":"      'materialized_view' as type","logger":"airflow.task.hooks.airflow.providers.standard.hooks.subprocess.SubprocessHook","filename":"subprocess.py","lineno":99}
{"timestamp":"2026-01-28T00:00:41.774667Z","level":"info","event":"    from pg_matviews","logger":"airflow.task.hooks.airflow.providers.standard.hooks.subprocess.SubprocessHook","filename":"subprocess.py","lineno":99}
{"timestamp":"2026-01-28T00:00:41.774692Z","level":"info","event":"    where schemaname ilike 'my_dbt_schema'","logger":"airflow.task.hooks.airflow.providers.standard.hooks.subprocess.SubprocessHook","filename":"subprocess.py","lineno":99}
{"timestamp":"2026-01-28T00:00:41.774718Z","level":"info","event":"","logger":"airflow.task.hooks.airflow.providers.standard.hooks.subprocess.SubprocessHook","filename":"subprocess.py","lineno":99}
{"timestamp":"2026-01-28T00:00:41.774750Z","level":"info","event":"\u001b[0m00:00:41  Opening a new connection, currently in state closed","logger":"airflow.task.hooks.airflow.providers.standard.hooks.subprocess.SubprocessHook","filename":"subprocess.py","lineno":99}
{"timestamp":"2026-01-28T00:00:41.794491Z","level":"info","event":"\u001b[0m00:00:41  SQL status: SELECT 3 in 0.020 seconds","logger":"airflow.task.hooks.airflow.providers.standard.hooks.subprocess.SubprocessHook","filename":"subprocess.py","lineno":99}
{"timestamp":"2026-01-28T00:00:41.796110Z","level":"info","event":"\u001b[0m00:00:41  On list_scrapy_data_my_dbt_schema: ROLLBACK","logger":"airflow.task.hooks.airflow.providers.standard.hooks.subprocess.SubprocessHook","filename":"subprocess.py","lineno":99}
{"timestamp":"2026-01-28T00:00:41.796788Z","level":"info","event":"\u001b[0m00:00:41  On list_scrapy_data_my_dbt_schema: Close","logger":"airflow.task.hooks.airflow.providers.standard.hooks.subprocess.SubprocessHook","filename":"subprocess.py","lineno":99}
{"timestamp":"2026-01-28T00:00:41.802637Z","level":"info","event":"\u001b[0m00:00:41  Using postgres connection \"master\"","logger":"airflow.task.hooks.airflow.providers.standard.hooks.subprocess.SubprocessHook","filename":"subprocess.py","lineno":99}
{"timestamp":"2026-01-28T00:00:41.803168Z","level":"info","event":"\u001b[0m00:00:41  On master: /* {\"app\": \"dbt\", \"dbt_version\": \"1.11.2\", \"profile_name\": \"my_transformations\", \"target_name\": \"dev\", \"connection_name\": \"master\"} */","logger":"airflow.task.hooks.airflow.providers.standard.hooks.subprocess.SubprocessHook","filename":"subprocess.py","lineno":99}
{"timestamp":"2026-01-28T00:00:41.803280Z","level":"info","event":"select distinct","logger":"airflow.task.hooks.airflow.providers.standard.hooks.subprocess.SubprocessHook","filename":"subprocess.py","lineno":99}
{"timestamp":"2026-01-28T00:00:41.803347Z","level":"info","event":"        dependent_namespace.nspname as dependent_schema,","logger":"airflow.task.hooks.airflow.providers.standard.hooks.subprocess.SubprocessHook","filename":"subprocess.py","lineno":99}
{"timestamp":"2026-01-28T00:00:41.803392Z","level":"info","event":"        dependent_class.relname as dependent_name,","logger":"airflow.task.hooks.airflow.providers.standard.hooks.subprocess.SubprocessHook","filename":"subprocess.py","lineno":99}
{"timestamp":"2026-01-28T00:00:41.803430Z","level":"info","event":"        referenced_namespace.nspname as referenced_schema,","logger":"airflow.task.hooks.airflow.providers.standard.hooks.subprocess.SubprocessHook","filename":"subprocess.py","lineno":99}
{"timestamp":"2026-01-28T00:00:41.803509Z","level":"info","event":"        referenced_class.relname as referenced_name","logger":"airflow.task.hooks.airflow.providers.standard.hooks.subprocess.SubprocessHook","filename":"subprocess.py","lineno":99}
{"timestamp":"2026-01-28T00:00:41.803563Z","level":"info","event":"","logger":"airflow.task.hooks.airflow.providers.standard.hooks.subprocess.SubprocessHook","filename":"subprocess.py","lineno":99}
{"timestamp":"2026-01-28T00:00:41.803604Z","level":"info","event":"    -- Query for views: views are entries in pg_class with an entry in pg_rewrite, but we avoid","logger":"airflow.task.hooks.airflow.providers.standard.hooks.subprocess.SubprocessHook","filename":"subprocess.py","lineno":99}
{"timestamp":"2026-01-28T00:00:41.803641Z","level":"info","event":"    -- a seq scan on pg_rewrite by leveraging the fact there is an \"internal\" row in pg_depend for","logger":"airflow.task.hooks.airflow.providers.standard.hooks.subprocess.SubprocessHook","filename":"subprocess.py","lineno":99}
{"timestamp":"2026-01-28T00:00:41.803678Z","level":"info","event":"    -- the view...","logger":"airflow.task.hooks.airflow.providers.standard.hooks.subprocess.SubprocessHook","filename":"subprocess.py","lineno":99}
{"timestamp":"2026-01-28T00:00:41.803706Z","level":"info","event":"    from pg_class as dependent_class","logger":"airflow.task.hooks.airflow.providers.standard.hooks.subprocess.SubprocessHook","filename":"subprocess.py","lineno":99}
{"timestamp":"2026-01-28T00:00:41.803734Z","level":"info","event":"    join pg_namespace as dependent_namespace on dependent_namespace.oid = dependent_class.relnamespace","logger":"airflow.task.hooks.airflow.providers.standard.hooks.subprocess.SubprocessHook","filename":"subprocess.py","lineno":99}
{"timestamp":"2026-01-28T00:00:41.803762Z","level":"info","event":"    join pg_depend as dependent_depend on dependent_depend.refobjid = dependent_class.oid","logger":"airflow.task.hooks.airflow.providers.standard.hooks.subprocess.SubprocessHook","filename":"subprocess.py","lineno":99}
{"timestamp":"2026-01-28T00:00:41.803789Z","level":"info","event":"        and dependent_depend.classid = 'pg_rewrite'::regclass","logger":"airflow.task.hooks.airflow.providers.standard.hooks.subprocess.SubprocessHook","filename":"subprocess.py","lineno":99}
{"timestamp":"2026-01-28T00:00:41.803817Z","level":"info","event":"        and dependent_depend.refclassid = 'pg_class'::regclass","logger":"airflow.task.hooks.airflow.providers.standard.hooks.subprocess.SubprocessHook","filename":"subprocess.py","lineno":99}
{"timestamp":"2026-01-28T00:00:41.803843Z","level":"info","event":"        and dependent_depend.deptype = 'i'","logger":"airflow.task.hooks.airflow.providers.standard.hooks.subprocess.SubprocessHook","filename":"subprocess.py","lineno":99}
{"timestamp":"2026-01-28T00:00:41.803869Z","level":"info","event":"","logger":"airflow.task.hooks.airflow.providers.standard.hooks.subprocess.SubprocessHook","filename":"subprocess.py","lineno":99}
{"timestamp":"2026-01-28T00:00:41.803896Z","level":"info","event":"    -- ... and via pg_depend (that has a row per column, hence the need for \"distinct\" above, and","logger":"airflow.task.hooks.airflow.providers.standard.hooks.subprocess.SubprocessHook","filename":"subprocess.py","lineno":99}
{"timestamp":"2026-01-28T00:00:41.803923Z","level":"info","event":"    -- making sure to exclude the internal row to avoid a view appearing to depend on itself)...","logger":"airflow.task.hooks.airflow.providers.standard.hooks.subprocess.SubprocessHook","filename":"subprocess.py","lineno":99}
{"timestamp":"2026-01-28T00:00:41.803949Z","level":"info","event":"    join pg_depend as joining_depend on joining_depend.objid = dependent_depend.objid","logger":"airflow.task.hooks.airflow.providers.standard.hooks.subprocess.SubprocessHook","filename":"subprocess.py","lineno":99}
{"timestamp":"2026-01-28T00:00:41.803976Z","level":"info","event":"        and joining_depend.classid = 'pg_rewrite'::regclass","logger":"airflow.task.hooks.airflow.providers.standard.hooks.subprocess.SubprocessHook","filename":"subprocess.py","lineno":99}
{"timestamp":"2026-01-28T00:00:41.804002Z","level":"info","event":"        and joining_depend.refclassid = 'pg_class'::regclass","logger":"airflow.task.hooks.airflow.providers.standard.hooks.subprocess.SubprocessHook","filename":"subprocess.py","lineno":99}
{"timestamp":"2026-01-28T00:00:41.804027Z","level":"info","event":"        and joining_depend.refobjid != dependent_depend.refobjid","logger":"airflow.task.hooks.airflow.providers.standard.hooks.subprocess.SubprocessHook","filename":"subprocess.py","lineno":99}
{"timestamp":"2026-01-28T00:00:41.804056Z","level":"info","event":"","logger":"airflow.task.hooks.airflow.providers.standard.hooks.subprocess.SubprocessHook","filename":"subprocess.py","lineno":99}
{"timestamp":"2026-01-28T00:00:41.804085Z","level":"info","event":"    -- ... we can find the tables they query from in pg_class, but excluding system tables. Note we","logger":"airflow.task.hooks.airflow.providers.standard.hooks.subprocess.SubprocessHook","filename":"subprocess.py","lineno":99}
{"timestamp":"2026-01-28T00:00:41.804112Z","level":"info","event":"    -- don't need need to exclude _dependent_ system tables, because they only query from other","logger":"airflow.task.hooks.airflow.providers.standard.hooks.subprocess.SubprocessHook","filename":"subprocess.py","lineno":99}
{"timestamp":"2026-01-28T00:00:41.804139Z","level":"info","event":"    -- system tables, and so are automatically excluded by excluding _referenced_ system tables","logger":"airflow.task.hooks.airflow.providers.standard.hooks.subprocess.SubprocessHook","filename":"subprocess.py","lineno":99}
{"timestamp":"2026-01-28T00:00:41.804165Z","level":"info","event":"    join pg_class as referenced_class on referenced_class.oid = joining_depend.refobjid","logger":"airflow.task.hooks.airflow.providers.standard.hooks.subprocess.SubprocessHook","filename":"subprocess.py","lineno":99}
{"timestamp":"2026-01-28T00:00:41.804192Z","level":"info","event":"    join pg_namespace as referenced_namespace on referenced_namespace.oid = referenced_class.relnamespace","logger":"airflow.task.hooks.airflow.providers.standard.hooks.subprocess.SubprocessHook","filename":"subprocess.py","lineno":99}
{"timestamp":"2026-01-28T00:00:41.804219Z","level":"info","event":"        and referenced_namespace.nspname != 'information_schema'","logger":"airflow.task.hooks.airflow.providers.standard.hooks.subprocess.SubprocessHook","filename":"subprocess.py","lineno":99}
{"timestamp":"2026-01-28T00:00:41.804245Z","level":"info","event":"        and referenced_namespace.nspname not like 'pg\\_%'","logger":"airflow.task.hooks.airflow.providers.standard.hooks.subprocess.SubprocessHook","filename":"subprocess.py","lineno":99}
{"timestamp":"2026-01-28T00:00:41.804271Z","level":"info","event":"","logger":"airflow.task.hooks.airflow.providers.standard.hooks.subprocess.SubprocessHook","filename":"subprocess.py","lineno":99}
{"timestamp":"2026-01-28T00:00:41.804363Z","level":"info","event":"    order by","logger":"airflow.task.hooks.airflow.providers.standard.hooks.subprocess.SubprocessHook","filename":"subprocess.py","lineno":99}
{"timestamp":"2026-01-28T00:00:41.804415Z","level":"info","event":"        dependent_schema, dependent_name, referenced_schema, referenced_name;","logger":"airflow.task.hooks.airflow.providers.standard.hooks.subprocess.SubprocessHook","filename":"subprocess.py","lineno":99}
{"timestamp":"2026-01-28T00:00:41.804453Z","level":"info","event":"\u001b[0m00:00:41  Opening a new connection, currently in state init","logger":"airflow.task.hooks.airflow.providers.standard.hooks.subprocess.SubprocessHook","filename":"subprocess.py","lineno":99}
{"timestamp":"2026-01-28T00:00:41.823684Z","level":"info","event":"\u001b[0m00:00:41  SQL status: SELECT 0 in 0.020 seconds","logger":"airflow.task.hooks.airflow.providers.standard.hooks.subprocess.SubprocessHook","filename":"subprocess.py","lineno":99}
{"timestamp":"2026-01-28T00:00:41.826191Z","level":"info","event":"\u001b[0m00:00:41  Sending event: {'category': 'dbt', 'action': 'runnable_timing', 'label': 'ec020c50-a798-46c8-b47c-ba5f49ee3733', 'context': [<snowplow_tracker.self_describing_json.SelfDescribingJson object at 0x71d77635c650>]}","logger":"airflow.task.hooks.airflow.providers.standard.hooks.subprocess.SubprocessHook","filename":"subprocess.py","lineno":99}
{"timestamp":"2026-01-28T00:00:41.827192Z","level":"info","event":"\u001b[0m00:00:41  On master: ROLLBACK","logger":"airflow.task.hooks.airflow.providers.standard.hooks.subprocess.SubprocessHook","filename":"subprocess.py","lineno":99}
{"timestamp":"2026-01-28T00:00:41.828097Z","level":"info","event":"\u001b[0m00:00:41  On master: COMMIT","logger":"airflow.task.hooks.airflow.providers.standard.hooks.subprocess.SubprocessHook","filename":"subprocess.py","lineno":99}
{"timestamp":"2026-01-28T00:00:41.828534Z","level":"info","event":"\u001b[0m00:00:41  Using postgres connection \"master\"","logger":"airflow.task.hooks.airflow.providers.standard.hooks.subprocess.SubprocessHook","filename":"subprocess.py","lineno":99}
{"timestamp":"2026-01-28T00:00:41.828989Z","level":"info","event":"\u001b[0m00:00:41  On master: COMMIT","logger":"airflow.task.hooks.airflow.providers.standard.hooks.subprocess.SubprocessHook","filename":"subprocess.py","lineno":99}
{"timestamp":"2026-01-28T00:00:41.829704Z","level":"info","event":"\u001b[0m00:00:41  SQL status: COMMIT in 0.000 seconds","logger":"airflow.task.hooks.airflow.providers.standard.hooks.subprocess.SubprocessHook","filename":"subprocess.py","lineno":99}
{"timestamp":"2026-01-28T00:00:41.830158Z","level":"info","event":"\u001b[0m00:00:41  On master: Close","logger":"airflow.task.hooks.airflow.providers.standard.hooks.subprocess.SubprocessHook","filename":"subprocess.py","lineno":99}
{"timestamp":"2026-01-28T00:00:41.834888Z","level":"info","event":"\u001b[0m00:00:41  Began running node model.my_transformations.stg_data","logger":"airflow.task.hooks.airflow.providers.standard.hooks.subprocess.SubprocessHook","filename":"subprocess.py","lineno":99}
{"timestamp":"2026-01-28T00:00:41.835565Z","level":"info","event":"\u001b[0m00:00:41  1 of 1 START sql table model my_dbt_schema.stg_data ............................ [RUN]","logger":"airflow.task.hooks.airflow.providers.standard.hooks.subprocess.SubprocessHook","filename":"subprocess.py","lineno":99}
{"timestamp":"2026-01-28T00:00:41.836180Z","level":"info","event":"\u001b[0m00:00:41  Re-using an available connection from the pool (formerly list_scrapy_data_my_dbt_schema, now model.my_transformations.stg_data)","logger":"airflow.task.hooks.airflow.providers.standard.hooks.subprocess.SubprocessHook","filename":"subprocess.py","lineno":99}
{"timestamp":"2026-01-28T00:00:41.836653Z","level":"info","event":"\u001b[0m00:00:41  Began compiling node model.my_transformations.stg_data","logger":"airflow.task.hooks.airflow.providers.standard.hooks.subprocess.SubprocessHook","filename":"subprocess.py","lineno":99}
{"timestamp":"2026-01-28T00:00:41.849485Z","level":"info","event":"\u001b[0m00:00:41  Writing injected SQL for node \"model.my_transformations.stg_data\"","logger":"airflow.task.hooks.airflow.providers.standard.hooks.subprocess.SubprocessHook","filename":"subprocess.py","lineno":99}
{"timestamp":"2026-01-28T00:00:41.850748Z","level":"info","event":"\u001b[0m00:00:41  Began executing node model.my_transformations.stg_data","logger":"airflow.task.hooks.airflow.providers.standard.hooks.subprocess.SubprocessHook","filename":"subprocess.py","lineno":99}
{"timestamp":"2026-01-28T00:00:41.896496Z","level":"info","event":"\u001b[0m00:00:41  Writing runtime sql for node \"model.my_transformations.stg_data\"","logger":"airflow.task.hooks.airflow.providers.standard.hooks.subprocess.SubprocessHook","filename":"subprocess.py","lineno":99}
{"timestamp":"2026-01-28T00:00:41.897824Z","level":"info","event":"\u001b[0m00:00:41  Using postgres connection \"model.my_transformations.stg_data\"","logger":"airflow.task.hooks.airflow.providers.standard.hooks.subprocess.SubprocessHook","filename":"subprocess.py","lineno":99}
{"timestamp":"2026-01-28T00:00:41.898618Z","level":"info","event":"\u001b[0m00:00:41  On model.my_transformations.stg_data: /* {\"app\": \"dbt\", \"dbt_version\": \"1.11.2\", \"profile_name\": \"my_transformations\", \"target_name\": \"dev\", \"node_id\": \"model.my_transformations.stg_data\"} */","logger":"airflow.task.hooks.airflow.providers.standard.hooks.subprocess.SubprocessHook","filename":"subprocess.py","lineno":99}
{"timestamp":"2026-01-28T00:00:41.898951Z","level":"info","event":"","logger":"airflow.task.hooks.airflow.providers.standard.hooks.subprocess.SubprocessHook","filename":"subprocess.py","lineno":99}
{"timestamp":"2026-01-28T00:00:41.899131Z","level":"info","event":"","logger":"airflow.task.hooks.airflow.providers.standard.hooks.subprocess.SubprocessHook","filename":"subprocess.py","lineno":99}
{"timestamp":"2026-01-28T00:00:41.899242Z","level":"info","event":"","logger":"airflow.task.hooks.airflow.providers.standard.hooks.subprocess.SubprocessHook","filename":"subprocess.py","lineno":99}
{"timestamp":"2026-01-28T00:00:41.899312Z","level":"info","event":"","logger":"airflow.task.hooks.airflow.providers.standard.hooks.subprocess.SubprocessHook","filename":"subprocess.py","lineno":99}
{"timestamp":"2026-01-28T00:00:41.899376Z","level":"info","event":"  create  table \"scrapy_data\".\"my_dbt_schema\".\"stg_data__dbt_tmp\"","logger":"airflow.task.hooks.airflow.providers.standard.hooks.subprocess.SubprocessHook","filename":"subprocess.py","lineno":99}
{"timestamp":"2026-01-28T00:00:41.899430Z","level":"info","event":"","logger":"airflow.task.hooks.airflow.providers.standard.hooks.subprocess.SubprocessHook","filename":"subprocess.py","lineno":99}
{"timestamp":"2026-01-28T00:00:41.899488Z","level":"info","event":"","logger":"airflow.task.hooks.airflow.providers.standard.hooks.subprocess.SubprocessHook","filename":"subprocess.py","lineno":99}
{"timestamp":"2026-01-28T00:00:41.899546Z","level":"info","event":"    as","logger":"airflow.task.hooks.airflow.providers.standard.hooks.subprocess.SubprocessHook","filename":"subprocess.py","lineno":99}
{"timestamp":"2026-01-28T00:00:41.899600Z","level":"info","event":"","logger":"airflow.task.hooks.airflow.providers.standard.hooks.subprocess.SubprocessHook","filename":"subprocess.py","lineno":99}
{"timestamp":"2026-01-28T00:00:41.899651Z","level":"info","event":"  (","logger":"airflow.task.hooks.airflow.providers.standard.hooks.subprocess.SubprocessHook","filename":"subprocess.py","lineno":99}
{"timestamp":"2026-01-28T00:00:41.899720Z","level":"info","event":"    WITH data_to_stg AS (","logger":"airflow.task.hooks.airflow.providers.standard.hooks.subprocess.SubprocessHook","filename":"subprocess.py","lineno":99}
{"timestamp":"2026-01-28T00:00:41.899787Z","level":"info","event":"","logger":"airflow.task.hooks.airflow.providers.standard.hooks.subprocess.SubprocessHook","filename":"subprocess.py","lineno":99}
{"timestamp":"2026-01-28T00:00:41.899838Z","level":"info","event":"        SELECT * FROM \"scrapy_data\".\"public\".\"raw_data\"","logger":"airflow.task.hooks.airflow.providers.standard.hooks.subprocess.SubprocessHook","filename":"subprocess.py","lineno":99}
{"timestamp":"2026-01-28T00:00:41.899944Z","level":"info","event":"","logger":"airflow.task.hooks.airflow.providers.standard.hooks.subprocess.SubprocessHook","filename":"subprocess.py","lineno":99}
{"timestamp":"2026-01-28T00:00:41.900224Z","level":"info","event":")","logger":"airflow.task.hooks.airflow.providers.standard.hooks.subprocess.SubprocessHook","filename":"subprocess.py","lineno":99}
{"timestamp":"2026-01-28T00:00:41.900374Z","level":"info","event":"","logger":"airflow.task.hooks.airflow.providers.standard.hooks.subprocess.SubprocessHook","filename":"subprocess.py","lineno":99}
{"timestamp":"2026-01-28T00:00:41.900571Z","level":"info","event":"SELECT","logger":"airflow.task.hooks.airflow.providers.standard.hooks.subprocess.SubprocessHook","filename":"subprocess.py","lineno":99}
{"timestamp":"2026-01-28T00:00:41.900633Z","level":"info","event":"    CAST(id AS INTEGER) AS id,","logger":"airflow.task.hooks.airflow.providers.standard.hooks.subprocess.SubprocessHook","filename":"subprocess.py","lineno":99}
{"timestamp":"2026-01-28T00:00:41.900691Z","level":"info","event":"    -- CASE","logger":"airflow.task.hooks.airflow.providers.standard.hooks.subprocess.SubprocessHook","filename":"subprocess.py","lineno":99}
{"timestamp":"2026-01-28T00:00:41.900753Z","level":"info","event":"    --     WHEN full_title ILIKE '%notebook%' THEN 'notebook'","logger":"airflow.task.hooks.airflow.providers.standard.hooks.subprocess.SubprocessHook","filename":"subprocess.py","lineno":99}
{"timestamp":"2026-01-28T00:00:41.900818Z","level":"info","event":"    --     ELSE 'other'","logger":"airflow.task.hooks.airflow.providers.standard.hooks.subprocess.SubprocessHook","filename":"subprocess.py","lineno":99}
{"timestamp":"2026-01-28T00:00:41.900926Z","level":"info","event":"    -- END AS short_title,","logger":"airflow.task.hooks.airflow.providers.standard.hooks.subprocess.SubprocessHook","filename":"subprocess.py","lineno":99}
{"timestamp":"2026-01-28T00:00:41.901002Z","level":"info","event":"    short_title,","logger":"airflow.task.hooks.airflow.providers.standard.hooks.subprocess.SubprocessHook","filename":"subprocess.py","lineno":99}
{"timestamp":"2026-01-28T00:00:41.901070Z","level":"info","event":"    full_title,","logger":"airflow.task.hooks.airflow.providers.standard.hooks.subprocess.SubprocessHook","filename":"subprocess.py","lineno":99}
{"timestamp":"2026-01-28T00:00:41.901145Z","level":"info","event":"    memory,","logger":"airflow.task.hooks.airflow.providers.standard.hooks.subprocess.SubprocessHook","filename":"subprocess.py","lineno":99}
{"timestamp":"2026-01-28T00:00:41.901223Z","level":"info","event":"    storage,","logger":"airflow.task.hooks.airflow.providers.standard.hooks.subprocess.SubprocessHook","filename":"subprocess.py","lineno":99}
{"timestamp":"2026-01-28T00:00:41.901305Z","level":"info","event":"    LOWER(color) AS color,","logger":"airflow.task.hooks.airflow.providers.standard.hooks.subprocess.SubprocessHook","filename":"subprocess.py","lineno":99}
{"timestamp":"2026-01-28T00:00:41.901372Z","level":"info","event":"    CAST(REPLACE(REPLACE(price, '.', ''), ',', '.') AS NUMERIC(10, 2)) AS price,","logger":"airflow.task.hooks.airflow.providers.standard.hooks.subprocess.SubprocessHook","filename":"subprocess.py","lineno":99}
{"timestamp":"2026-01-28T00:00:41.901448Z","level":"info","event":"    scraped_at,","logger":"airflow.task.hooks.airflow.providers.standard.hooks.subprocess.SubprocessHook","filename":"subprocess.py","lineno":99}
{"timestamp":"2026-01-28T00:00:41.901589Z","level":"info","event":"    CASE","logger":"airflow.task.hooks.airflow.providers.standard.hooks.subprocess.SubprocessHook","filename":"subprocess.py","lineno":99}
{"timestamp":"2026-01-28T00:00:41.901722Z","level":"info","event":"        WHEN rating LIKE '%.%' THEN CAST(REGEXP_REPLACE(rating, '[^0-9.]', '', 'g') AS NUMERIC(10, 2))","logger":"airflow.task.hooks.airflow.providers.standard.hooks.subprocess.SubprocessHook","filename":"subprocess.py","lineno":99}
{"timestamp":"2026-01-28T00:00:41.901805Z","level":"info","event":"        ELSE NULL","logger":"airflow.task.hooks.airflow.providers.standard.hooks.subprocess.SubprocessHook","filename":"subprocess.py","lineno":99}
{"timestamp":"2026-01-28T00:00:41.901866Z","level":"info","event":"    END AS rating,","logger":"airflow.task.hooks.airflow.providers.standard.hooks.subprocess.SubprocessHook","filename":"subprocess.py","lineno":99}
{"timestamp":"2026-01-28T00:00:41.901921Z","level":"info","event":"    site_name","logger":"airflow.task.hooks.airflow.providers.standard.hooks.subprocess.SubprocessHook","filename":"subprocess.py","lineno":99}
{"timestamp":"2026-01-28T00:00:41.901976Z","level":"info","event":"FROM","logger":"airflow.task.hooks.airflow.providers.standard.hooks.subprocess.SubprocessHook","filename":"subprocess.py","lineno":99}
{"timestamp":"2026-01-28T00:00:41.902084Z","level":"info","event":"    data_to_stg","logger":"airflow.task.hooks.airflow.providers.standard.hooks.subprocess.SubprocessHook","filename":"subprocess.py","lineno":99}
{"timestamp":"2026-01-28T00:00:41.902217Z","level":"info","event":"  );","logger":"airflow.task.hooks.airflow.providers.standard.hooks.subprocess.SubprocessHook","filename":"subprocess.py","lineno":99}
{"timestamp":"2026-01-28T00:00:41.902278Z","level":"info","event":"","logger":"airflow.task.hooks.airflow.providers.standard.hooks.subprocess.SubprocessHook","filename":"subprocess.py","lineno":99}
{"timestamp":"2026-01-28T00:00:41.902380Z","level":"info","event":"\u001b[0m00:00:41  Opening a new connection, currently in state closed","logger":"airflow.task.hooks.airflow.providers.standard.hooks.subprocess.SubprocessHook","filename":"subprocess.py","lineno":99}
{"timestamp":"2026-01-28T00:00:41.945213Z","level":"info","event":"\u001b[0m00:00:41  SQL status: SELECT 1159 in 0.046 seconds","logger":"airflow.task.hooks.airflow.providers.standard.hooks.subprocess.SubprocessHook","filename":"subprocess.py","lineno":99}
{"timestamp":"2026-01-28T00:00:41.956731Z","level":"info","event":"\u001b[0m00:00:41  Using postgres connection \"model.my_transformations.stg_data\"","logger":"airflow.task.hooks.airflow.providers.standard.hooks.subprocess.SubprocessHook","filename":"subprocess.py","lineno":99}
{"timestamp":"2026-01-28T00:00:41.957461Z","level":"info","event":"\u001b[0m00:00:41  On model.my_transformations.stg_data: /* {\"app\": \"dbt\", \"dbt_version\": \"1.11.2\", \"profile_name\": \"my_transformations\", \"target_name\": \"dev\", \"node_id\": \"model.my_transformations.stg_data\"} */","logger":"airflow.task.hooks.airflow.providers.standard.hooks.subprocess.SubprocessHook","filename":"subprocess.py","lineno":99}
{"timestamp":"2026-01-28T00:00:41.957568Z","level":"info","event":"alter table \"scrapy_data\".\"my_dbt_schema\".\"stg_data\" rename to \"stg_data__dbt_backup\"","logger":"airflow.task.hooks.airflow.providers.standard.hooks.subprocess.SubprocessHook","filename":"subprocess.py","lineno":99}
{"timestamp":"2026-01-28T00:00:41.958832Z","level":"info","event":"\u001b[0m00:00:41  SQL status: ALTER TABLE in 0.001 seconds","logger":"airflow.task.hooks.airflow.providers.standard.hooks.subprocess.SubprocessHook","filename":"subprocess.py","lineno":99}
{"timestamp":"2026-01-28T00:00:41.962575Z","level":"info","event":"\u001b[0m00:00:41  Using postgres connection \"model.my_transformations.stg_data\"","logger":"airflow.task.hooks.airflow.providers.standard.hooks.subprocess.SubprocessHook","filename":"subprocess.py","lineno":99}
{"timestamp":"2026-01-28T00:00:41.963018Z","level":"info","event":"\u001b[0m00:00:41  On model.my_transformations.stg_data: /* {\"app\": \"dbt\", \"dbt_version\": \"1.11.2\", \"profile_name\": \"my_transformations\", \"target_name\": \"dev\", \"node_id\": \"model.my_transformations.stg_data\"} */","logger":"airflow.task.hooks.airflow.providers.standard.hooks.subprocess.SubprocessHook","filename":"subprocess.py","lineno":99}
{"timestamp":"2026-01-28T00:00:41.963161Z","level":"info","event":"alter table \"scrapy_data\".\"my_dbt_schema\".\"stg_data__dbt_tmp\" rename to \"stg_data\"","logger":"airflow.task.hooks.airflow.providers.standard.hooks.subprocess.SubprocessHook","filename":"subprocess.py","lineno":99}
{"timestamp":"2026-01-28T00:00:41.963802Z","level":"info","event":"\u001b[0m00:00:41  SQL status: ALTER TABLE in 0.000 seconds","logger":"airflow.task.hooks.airflow.providers.standard.hooks.subprocess.SubprocessHook","filename":"subprocess.py","lineno":99}
{"timestamp":"2026-01-28T00:00:41.981795Z","level":"info","event":"\u001b[0m00:00:41  On model.my_transformations.stg_data: COMMIT","logger":"airflow.task.hooks.airflow.providers.standard.hooks.subprocess.SubprocessHook","filename":"subprocess.py","lineno":99}
{"timestamp":"2026-01-28T00:00:41.982402Z","level":"info","event":"\u001b[0m00:00:41  Using postgres connection \"model.my_transformations.stg_data\"","logger":"airflow.task.hooks.airflow.providers.standard.hooks.subprocess.SubprocessHook","filename":"subprocess.py","lineno":99}
{"timestamp":"2026-01-28T00:00:41.982859Z","level":"info","event":"\u001b[0m00:00:41  On model.my_transformations.stg_data: COMMIT","logger":"airflow.task.hooks.airflow.providers.standard.hooks.subprocess.SubprocessHook","filename":"subprocess.py","lineno":99}
{"timestamp":"2026-01-28T00:00:41.986315Z","level":"info","event":"\u001b[0m00:00:41  SQL status: COMMIT in 0.003 seconds","logger":"airflow.task.hooks.airflow.providers.standard.hooks.subprocess.SubprocessHook","filename":"subprocess.py","lineno":99}
{"timestamp":"2026-01-28T00:00:41.993832Z","level":"info","event":"\u001b[0m00:00:41  Applying DROP to: \"scrapy_data\".\"my_dbt_schema\".\"stg_data__dbt_backup\"","logger":"airflow.task.hooks.airflow.providers.standard.hooks.subprocess.SubprocessHook","filename":"subprocess.py","lineno":99}
{"timestamp":"2026-01-28T00:00:41.999952Z","level":"info","event":"\u001b[0m00:00:41  Using postgres connection \"model.my_transformations.stg_data\"","logger":"airflow.task.hooks.airflow.providers.standard.hooks.subprocess.SubprocessHook","filename":"subprocess.py","lineno":99}
{"timestamp":"2026-01-28T00:00:42.000449Z","level":"info","event":"\u001b[0m00:00:42  On model.my_transformations.stg_data: /* {\"app\": \"dbt\", \"dbt_version\": \"1.11.2\", \"profile_name\": \"my_transformations\", \"target_name\": \"dev\", \"node_id\": \"model.my_transformations.stg_data\"} */","logger":"airflow.task.hooks.airflow.providers.standard.hooks.subprocess.SubprocessHook","filename":"subprocess.py","lineno":99}
{"timestamp":"2026-01-28T00:00:42.000579Z","level":"info","event":"drop table if exists \"scrapy_data\".\"my_dbt_schema\".\"stg_data__dbt_backup\" cascade","logger":"airflow.task.hooks.airflow.providers.standard.hooks.subprocess.SubprocessHook","filename":"subprocess.py","lineno":99}
{"timestamp":"2026-01-28T00:00:42.015379Z","level":"info","event":"\u001b[0m00:00:42  SQL status: DROP TABLE in 0.014 seconds","logger":"airflow.task.hooks.airflow.providers.standard.hooks.subprocess.SubprocessHook","filename":"subprocess.py","lineno":99}
{"timestamp":"2026-01-28T00:00:42.018424Z","level":"info","event":"\u001b[0m00:00:42  On model.my_transformations.stg_data: Close","logger":"airflow.task.hooks.airflow.providers.standard.hooks.subprocess.SubprocessHook","filename":"subprocess.py","lineno":99}
{"timestamp":"2026-01-28T00:00:42.022270Z","level":"info","event":"\u001b[0m00:00:42  Sending event: {'category': 'dbt', 'action': 'run_model', 'label': 'ec020c50-a798-46c8-b47c-ba5f49ee3733', 'context': [<snowplow_tracker.self_describing_json.SelfDescribingJson object at 0x71d779998740>]}","logger":"airflow.task.hooks.airflow.providers.standard.hooks.subprocess.SubprocessHook","filename":"subprocess.py","lineno":99}
{"timestamp":"2026-01-28T00:00:42.023206Z","level":"info","event":"\u001b[0m00:00:42  1 of 1 OK created sql table model my_dbt_schema.stg_data ....................... [\u001b[32mSELECT 1159\u001b[0m in 0.18s]","logger":"airflow.task.hooks.airflow.providers.standard.hooks.subprocess.SubprocessHook","filename":"subprocess.py","lineno":99}
{"timestamp":"2026-01-28T00:00:42.024681Z","level":"info","event":"\u001b[0m00:00:42  Finished running node model.my_transformations.stg_data","logger":"airflow.task.hooks.airflow.providers.standard.hooks.subprocess.SubprocessHook","filename":"subprocess.py","lineno":99}
{"timestamp":"2026-01-28T00:00:42.026753Z","level":"info","event":"\u001b[0m00:00:42  On master: COMMIT","logger":"airflow.task.hooks.airflow.providers.standard.hooks.subprocess.SubprocessHook","filename":"subprocess.py","lineno":99}
{"timestamp":"2026-01-28T00:00:42.027175Z","level":"info","event":"\u001b[0m00:00:42  Using postgres connection \"master\"","logger":"airflow.task.hooks.airflow.providers.standard.hooks.subprocess.SubprocessHook","filename":"subprocess.py","lineno":99}
{"timestamp":"2026-01-28T00:00:42.027658Z","level":"info","event":"\u001b[0m00:00:42  On master: COMMIT","logger":"airflow.task.hooks.airflow.providers.standard.hooks.subprocess.SubprocessHook","filename":"subprocess.py","lineno":99}
{"timestamp":"2026-01-28T00:00:42.028167Z","level":"info","event":"\u001b[0m00:00:42  Opening a new connection, currently in state closed","logger":"airflow.task.hooks.airflow.providers.standard.hooks.subprocess.SubprocessHook","filename":"subprocess.py","lineno":99}
{"timestamp":"2026-01-28T00:00:42.037841Z","level":"info","event":"\u001b[0m00:00:42  SQL status: COMMIT in 0.009 seconds","logger":"airflow.task.hooks.airflow.providers.standard.hooks.subprocess.SubprocessHook","filename":"subprocess.py","lineno":99}
{"timestamp":"2026-01-28T00:00:42.038571Z","level":"info","event":"\u001b[0m00:00:42  On master: Close","logger":"airflow.task.hooks.airflow.providers.standard.hooks.subprocess.SubprocessHook","filename":"subprocess.py","lineno":99}
{"timestamp":"2026-01-28T00:00:42.039407Z","level":"info","event":"\u001b[0m00:00:42  Connection 'master' was properly closed.","logger":"airflow.task.hooks.airflow.providers.standard.hooks.subprocess.SubprocessHook","filename":"subprocess.py","lineno":99}
{"timestamp":"2026-01-28T00:00:42.039786Z","level":"info","event":"\u001b[0m00:00:42  Connection 'model.my_transformations.stg_data' was properly closed.","logger":"airflow.task.hooks.airflow.providers.standard.hooks.subprocess.SubprocessHook","filename":"subprocess.py","lineno":99}
{"timestamp":"2026-01-28T00:00:42.040226Z","level":"info","event":"\u001b[0m00:00:42","logger":"airflow.task.hooks.airflow.providers.standard.hooks.subprocess.SubprocessHook","filename":"subprocess.py","lineno":99}
{"timestamp":"2026-01-28T00:00:42.040837Z","level":"info","event":"\u001b[0m00:00:42  Finished running 1 table model in 0 hours 0 minutes and 0.36 seconds (0.36s).","logger":"airflow.task.hooks.airflow.providers.standard.hooks.subprocess.SubprocessHook","filename":"subprocess.py","lineno":99}
{"timestamp":"2026-01-28T00:00:42.041861Z","level":"info","event":"\u001b[0m00:00:42  Command end result","logger":"airflow.task.hooks.airflow.providers.standard.hooks.subprocess.SubprocessHook","filename":"subprocess.py","lineno":99}
{"timestamp":"2026-01-28T00:00:42.066751Z","level":"info","event":"\u001b[0m00:00:42  Wrote artifact WritableManifest to /opt/airflow/project/dbt_project/target/manifest.json","logger":"airflow.task.hooks.airflow.providers.standard.hooks.subprocess.SubprocessHook","filename":"subprocess.py","lineno":99}
{"timestamp":"2026-01-28T00:00:42.068959Z","level":"info","event":"\u001b[0m00:00:42  Wrote artifact SemanticManifest to /opt/airflow/project/dbt_project/target/semantic_manifest.json","logger":"airflow.task.hooks.airflow.providers.standard.hooks.subprocess.SubprocessHook","filename":"subprocess.py","lineno":99}
{"timestamp":"2026-01-28T00:00:42.076519Z","level":"info","event":"\u001b[0m00:00:42  Wrote artifact RunExecutionResult to /opt/airflow/project/dbt_project/target/run_results.json","logger":"airflow.task.hooks.airflow.providers.standard.hooks.subprocess.SubprocessHook","filename":"subprocess.py","lineno":99}
{"timestamp":"2026-01-28T00:00:42.077073Z","level":"info","event":"\u001b[0m00:00:42","logger":"airflow.task.hooks.airflow.providers.standard.hooks.subprocess.SubprocessHook","filename":"subprocess.py","lineno":99}
{"timestamp":"2026-01-28T00:00:42.077638Z","level":"info","event":"\u001b[0m00:00:42  \u001b[32mCompleted successfully\u001b[0m","logger":"airflow.task.hooks.airflow.providers.standard.hooks.subprocess.SubprocessHook","filename":"subprocess.py","lineno":99}
{"timestamp":"2026-01-28T00:00:42.078042Z","level":"info","event":"\u001b[0m00:00:42","logger":"airflow.task.hooks.airflow.providers.standard.hooks.subprocess.SubprocessHook","filename":"subprocess.py","lineno":99}
{"timestamp":"2026-01-28T00:00:42.078477Z","level":"info","event":"\u001b[0m00:00:42  Done. PASS=1 WARN=0 ERROR=0 SKIP=0 NO-OP=0 TOTAL=1","logger":"airflow.task.hooks.airflow.providers.standard.hooks.subprocess.SubprocessHook","filename":"subprocess.py","lineno":99}
{"timestamp":"2026-01-28T00:00:42.079684Z","level":"info","event":"\u001b[0m00:00:42  Resource report: {\"command_name\": \"run\", \"command_success\": true, \"command_wall_clock_time\": 1.6343158, \"process_in_blocks\": \"65416\", \"process_kernel_time\": 0.721868, \"process_mem_max_rss\": \"127368\", \"process_out_blocks\": \"1936\", \"process_user_time\": 2.588898}","logger":"airflow.task.hooks.airflow.providers.standard.hooks.subprocess.SubprocessHook","filename":"subprocess.py","lineno":99}
{"timestamp":"2026-01-28T00:00:42.080263Z","level":"info","event":"\u001b[0m00:00:42  Command `dbt run` succeeded at 00:00:42.079914 after 1.64 seconds","logger":"airflow.task.hooks.airflow.providers.standard.hooks.subprocess.SubprocessHook","filename":"subprocess.py","lineno":99}
{"timestamp":"2026-01-28T00:00:42.080815Z","level":"info","event":"\u001b[0m00:00:42  Sending event: {'category': 'dbt', 'action': 'invocation', 'label': 'end', 'context': [<snowplow_tracker.self_describing_json.SelfDescribingJson object at 0x71d776d279e0>, <snowplow_tracker.self_describing_json.SelfDescribingJson object at 0x71d777b5e4b0>, <snowplow_tracker.self_describing_json.SelfDescribingJson object at 0x71d777f55520>]}","logger":"airflow.task.hooks.airflow.providers.standard.hooks.subprocess.SubprocessHook","filename":"subprocess.py","lineno":99}
{"timestamp":"2026-01-28T00:00:42.081276Z","level":"info","event":"\u001b[0m00:00:42  Flushing usage events","logger":"airflow.task.hooks.airflow.providers.standard.hooks.subprocess.SubprocessHook","filename":"subprocess.py","lineno":99}
{"timestamp":"2026-01-28T00:00:42.793663Z","level":"info","event":"\u001b[0m00:00:42  An error was encountered while trying to flush usage events","logger":"airflow.task.hooks.airflow.providers.standard.hooks.subprocess.SubprocessHook","filename":"subprocess.py","lineno":99}
{"timestamp":"2026-01-28T00:00:43.251284Z","level":"info","event":"Command exited with return code 0","logger":"airflow.task.hooks.airflow.providers.standard.hooks.subprocess.SubprocessHook","filename":"subprocess.py","lineno":103}
{"timestamp":"2026-01-28T00:00:43.251958Z","level":"info","event":"Pushing xcom","ti":"RuntimeTaskInstance(id=UUID('019c01e6-5ea6-7f22-906e-94b51882fd91'), task_id='run_dbt_part1', dag_id='scrapy_pipeline', run_id='scheduled__2026-01-28T00:00:00+00:00', try_number=1, dag_version_id=UUID('019bfd81-981a-7641-b047-d02df10eff8c'), map_index=-1, hostname='4fc5979f3cf4', context_carrier={}, task=<Task(BashOperator): run_dbt_part1>, bundle_instance=LocalDagBundle(name=dags-folder), max_tries=0, start_date=datetime.datetime(2026, 1, 28, 0, 0, 39, 77507, tzinfo=datetime.timezone.utc), end_date=None, state=<TaskInstanceState.RUNNING: 'running'>, is_mapped=False, rendered_map_index=None)","logger":"task","filename":"task_runner.py","lineno":1370}
