{"timestamp":"2026-01-25T00:00:01.495326Z","level":"info","event":"DAG bundles loaded: dags-folder","logger":"airflow.dag_processing.bundles.manager.DagBundlesManager","filename":"manager.py","lineno":179}
{"timestamp":"2026-01-25T00:00:01.496095Z","level":"info","event":"Filling up the DagBag from /opt/airflow/dags/scrapy_pipeline.py","logger":"airflow.models.dagbag.DagBag","filename":"dagbag.py","lineno":593}
{"timestamp":"2026-01-25T00:00:01.654566Z","level":"info","event":"Tmp dir root location: /tmp","logger":"airflow.task.hooks.airflow.providers.standard.hooks.subprocess.SubprocessHook","filename":"subprocess.py","lineno":78}
{"timestamp":"2026-01-25T00:00:01.655793Z","level":"info","event":"Running command: ['/usr/bin/bash', '-c', 'cd /opt/airflow/project/dbt_project && dbt run --select stg_data --profiles-dir . --debug']","logger":"airflow.task.hooks.airflow.providers.standard.hooks.subprocess.SubprocessHook","filename":"subprocess.py","lineno":80}
{"timestamp":"2026-01-25T00:00:01.656575Z","level":"info","event":"Output:","logger":"airflow.task.hooks.airflow.providers.standard.hooks.subprocess.SubprocessHook","filename":"subprocess.py","lineno":92}
{"timestamp":"2026-01-25T00:00:03.815568Z","level":"info","event":"\u001b[0m00:00:03  Sending event: {'category': 'dbt', 'action': 'invocation', 'label': 'start', 'context': [<snowplow_tracker.self_describing_json.SelfDescribingJson object at 0x7080b7296570>, <snowplow_tracker.self_describing_json.SelfDescribingJson object at 0x7080b6c412e0>, <snowplow_tracker.self_describing_json.SelfDescribingJson object at 0x7080b7296690>]}","logger":"airflow.task.hooks.airflow.providers.standard.hooks.subprocess.SubprocessHook","filename":"subprocess.py","lineno":99}
{"timestamp":"2026-01-25T00:00:03.816411Z","level":"info","event":"\u001b[0m00:00:03  Running with dbt=1.11.2","logger":"airflow.task.hooks.airflow.providers.standard.hooks.subprocess.SubprocessHook","filename":"subprocess.py","lineno":99}
{"timestamp":"2026-01-25T00:00:03.817001Z","level":"info","event":"\u001b[0m00:00:03  running dbt with arguments {'empty': 'False', 'quiet': 'False', 'use_colors': 'True', 'write_json': 'True', 'partial_parse': 'True', 'cache_selected_only': 'False', 'version_check': 'True', 'fail_fast': 'False', 'indirect_selection': 'eager', 'no_print': 'None', 'target_path': 'None', 'printer_width': '80', 'warn_error': 'None', 'debug': 'True', 'send_anonymous_usage_stats': 'True', 'warn_error_options': 'WarnErrorOptionsV2(error=[], warn=[], silence=[])', 'log_cache_events': 'False', 'static_parser': 'True', 'profiles_dir': '.', 'use_experimental_parser': 'False', 'log_path': '/opt/airflow/project/dbt_project/logs', 'log_format': 'default', 'invocation_command': 'dbt run --select stg_data --profiles-dir . --debug', 'introspect': 'True'}","logger":"airflow.task.hooks.airflow.providers.standard.hooks.subprocess.SubprocessHook","filename":"subprocess.py","lineno":99}
{"timestamp":"2026-01-25T00:00:04.061651Z","level":"info","event":"\u001b[0m00:00:04  Sending event: {'category': 'dbt', 'action': 'project_id', 'label': '85f4f8d1-866c-48e5-8d68-1faab832bc45', 'context': [<snowplow_tracker.self_describing_json.SelfDescribingJson object at 0x7080b60891f0>]}","logger":"airflow.task.hooks.airflow.providers.standard.hooks.subprocess.SubprocessHook","filename":"subprocess.py","lineno":99}
{"timestamp":"2026-01-25T00:00:04.132737Z","level":"info","event":"\u001b[0m00:00:04  Sending event: {'category': 'dbt', 'action': 'adapter_info', 'label': '85f4f8d1-866c-48e5-8d68-1faab832bc45', 'context': [<snowplow_tracker.self_describing_json.SelfDescribingJson object at 0x7080b8754920>]}","logger":"airflow.task.hooks.airflow.providers.standard.hooks.subprocess.SubprocessHook","filename":"subprocess.py","lineno":99}
{"timestamp":"2026-01-25T00:00:04.133763Z","level":"info","event":"\u001b[0m00:00:04  Registered adapter: postgres=1.10.0","logger":"airflow.task.hooks.airflow.providers.standard.hooks.subprocess.SubprocessHook","filename":"subprocess.py","lineno":99}
{"timestamp":"2026-01-25T00:00:04.254566Z","level":"info","event":"\u001b[0m00:00:04  checksum: 3d40d8bbe1bef07db1c24822f2dbfff8bc07f2a48ed4fe2658a40653aec0b54b, vars: {}, profile: , target: , version: 1.11.2","logger":"airflow.task.hooks.airflow.providers.standard.hooks.subprocess.SubprocessHook","filename":"subprocess.py","lineno":99}
{"timestamp":"2026-01-25T00:00:04.414765Z","level":"info","event":"\u001b[0m00:00:04  Partial parsing enabled: 0 files deleted, 0 files added, 2 files changed.","logger":"airflow.task.hooks.airflow.providers.standard.hooks.subprocess.SubprocessHook","filename":"subprocess.py","lineno":99}
{"timestamp":"2026-01-25T00:00:04.415845Z","level":"info","event":"\u001b[0m00:00:04  Partial parsing: updated file: my_transformations://models/sources.yml","logger":"airflow.task.hooks.airflow.providers.standard.hooks.subprocess.SubprocessHook","filename":"subprocess.py","lineno":99}
{"timestamp":"2026-01-25T00:00:04.416324Z","level":"info","event":"\u001b[0m00:00:04  Partial parsing: updated file: my_transformations://models/stg_data.sql","logger":"airflow.task.hooks.airflow.providers.standard.hooks.subprocess.SubprocessHook","filename":"subprocess.py","lineno":99}
{"timestamp":"2026-01-25T00:00:05.019431Z","level":"info","event":"\u001b[0m00:00:05  Sending event: {'category': 'dbt', 'action': 'load_project', 'label': '85f4f8d1-866c-48e5-8d68-1faab832bc45', 'context': [<snowplow_tracker.self_describing_json.SelfDescribingJson object at 0x7080b4927230>]}","logger":"airflow.task.hooks.airflow.providers.standard.hooks.subprocess.SubprocessHook","filename":"subprocess.py","lineno":99}
{"timestamp":"2026-01-25T00:00:05.199614Z","level":"info","event":"\u001b[0m00:00:05  Wrote artifact WritableManifest to /opt/airflow/project/dbt_project/target/manifest.json","logger":"airflow.task.hooks.airflow.providers.standard.hooks.subprocess.SubprocessHook","filename":"subprocess.py","lineno":99}
{"timestamp":"2026-01-25T00:00:05.201952Z","level":"info","event":"\u001b[0m00:00:05  Wrote artifact SemanticManifest to /opt/airflow/project/dbt_project/target/semantic_manifest.json","logger":"airflow.task.hooks.airflow.providers.standard.hooks.subprocess.SubprocessHook","filename":"subprocess.py","lineno":99}
{"timestamp":"2026-01-25T00:00:05.223472Z","level":"info","event":"\u001b[0m00:00:05  Sending event: {'category': 'dbt', 'action': 'resource_counts', 'label': '85f4f8d1-866c-48e5-8d68-1faab832bc45', 'context': [<snowplow_tracker.self_describing_json.SelfDescribingJson object at 0x7080b45a28d0>]}","logger":"airflow.task.hooks.airflow.providers.standard.hooks.subprocess.SubprocessHook","filename":"subprocess.py","lineno":99}
{"timestamp":"2026-01-25T00:00:05.224009Z","level":"info","event":"\u001b[0m00:00:05  Found 1 seed, 3 models, 5 data tests, 1 source, 464 macros","logger":"airflow.task.hooks.airflow.providers.standard.hooks.subprocess.SubprocessHook","filename":"subprocess.py","lineno":99}
{"timestamp":"2026-01-25T00:00:05.224464Z","level":"info","event":"\u001b[0m00:00:05  Sending event: {'category': 'dbt', 'action': 'runnable_timing', 'label': '85f4f8d1-866c-48e5-8d68-1faab832bc45', 'context': [<snowplow_tracker.self_describing_json.SelfDescribingJson object at 0x7080b4502c00>]}","logger":"airflow.task.hooks.airflow.providers.standard.hooks.subprocess.SubprocessHook","filename":"subprocess.py","lineno":99}
{"timestamp":"2026-01-25T00:00:05.226371Z","level":"info","event":"\u001b[0m00:00:05","logger":"airflow.task.hooks.airflow.providers.standard.hooks.subprocess.SubprocessHook","filename":"subprocess.py","lineno":99}
{"timestamp":"2026-01-25T00:00:05.226800Z","level":"info","event":"\u001b[0m00:00:05  Concurrency: 1 threads (target='dev')","logger":"airflow.task.hooks.airflow.providers.standard.hooks.subprocess.SubprocessHook","filename":"subprocess.py","lineno":99}
{"timestamp":"2026-01-25T00:00:05.227255Z","level":"info","event":"\u001b[0m00:00:05","logger":"airflow.task.hooks.airflow.providers.standard.hooks.subprocess.SubprocessHook","filename":"subprocess.py","lineno":99}
{"timestamp":"2026-01-25T00:00:05.227966Z","level":"info","event":"\u001b[0m00:00:05  Acquiring new postgres connection 'master'","logger":"airflow.task.hooks.airflow.providers.standard.hooks.subprocess.SubprocessHook","filename":"subprocess.py","lineno":99}
{"timestamp":"2026-01-25T00:00:05.229538Z","level":"info","event":"\u001b[0m00:00:05  Acquiring new postgres connection 'list_scrapy_data_aws'","logger":"airflow.task.hooks.airflow.providers.standard.hooks.subprocess.SubprocessHook","filename":"subprocess.py","lineno":99}
{"timestamp":"2026-01-25T00:00:05.281392Z","level":"info","event":"\u001b[0m00:00:05  Using postgres connection \"list_scrapy_data_aws\"","logger":"airflow.task.hooks.airflow.providers.standard.hooks.subprocess.SubprocessHook","filename":"subprocess.py","lineno":99}
{"timestamp":"2026-01-25T00:00:05.281929Z","level":"info","event":"\u001b[0m00:00:05  On list_scrapy_data_aws: /* {\"app\": \"dbt\", \"dbt_version\": \"1.11.2\", \"profile_name\": \"my_transformations\", \"target_name\": \"dev\", \"connection_name\": \"list_scrapy_data_aws\"} */","logger":"airflow.task.hooks.airflow.providers.standard.hooks.subprocess.SubprocessHook","filename":"subprocess.py","lineno":99}
{"timestamp":"2026-01-25T00:00:05.282052Z","level":"info","event":"","logger":"airflow.task.hooks.airflow.providers.standard.hooks.subprocess.SubprocessHook","filename":"subprocess.py","lineno":99}
{"timestamp":"2026-01-25T00:00:05.282119Z","level":"info","event":"    select distinct nspname from pg_namespace","logger":"airflow.task.hooks.airflow.providers.standard.hooks.subprocess.SubprocessHook","filename":"subprocess.py","lineno":99}
{"timestamp":"2026-01-25T00:00:05.282168Z","level":"info","event":"","logger":"airflow.task.hooks.airflow.providers.standard.hooks.subprocess.SubprocessHook","filename":"subprocess.py","lineno":99}
{"timestamp":"2026-01-25T00:00:05.282474Z","level":"info","event":"\u001b[0m00:00:05  Opening a new connection, currently in state init","logger":"airflow.task.hooks.airflow.providers.standard.hooks.subprocess.SubprocessHook","filename":"subprocess.py","lineno":99}
{"timestamp":"2026-01-25T00:00:05.482392Z","level":"info","event":"\u001b[0m00:00:05  SQL status: SELECT 5 in 0.200 seconds","logger":"airflow.task.hooks.airflow.providers.standard.hooks.subprocess.SubprocessHook","filename":"subprocess.py","lineno":99}
{"timestamp":"2026-01-25T00:00:05.484071Z","level":"info","event":"\u001b[0m00:00:05  On list_scrapy_data_aws: Close","logger":"airflow.task.hooks.airflow.providers.standard.hooks.subprocess.SubprocessHook","filename":"subprocess.py","lineno":99}
{"timestamp":"2026-01-25T00:00:05.489448Z","level":"info","event":"\u001b[0m00:00:05  Re-using an available connection from the pool (formerly list_scrapy_data_aws, now list_scrapy_data_aws_my_dbt_schema)","logger":"airflow.task.hooks.airflow.providers.standard.hooks.subprocess.SubprocessHook","filename":"subprocess.py","lineno":99}
{"timestamp":"2026-01-25T00:00:05.495802Z","level":"info","event":"\u001b[0m00:00:05  Using postgres connection \"list_scrapy_data_aws_my_dbt_schema\"","logger":"airflow.task.hooks.airflow.providers.standard.hooks.subprocess.SubprocessHook","filename":"subprocess.py","lineno":99}
{"timestamp":"2026-01-25T00:00:05.496266Z","level":"info","event":"\u001b[0m00:00:05  On list_scrapy_data_aws_my_dbt_schema: /* {\"app\": \"dbt\", \"dbt_version\": \"1.11.2\", \"profile_name\": \"my_transformations\", \"target_name\": \"dev\", \"connection_name\": \"list_scrapy_data_aws_my_dbt_schema\"} */","logger":"airflow.task.hooks.airflow.providers.standard.hooks.subprocess.SubprocessHook","filename":"subprocess.py","lineno":99}
{"timestamp":"2026-01-25T00:00:05.496376Z","level":"info","event":"select","logger":"airflow.task.hooks.airflow.providers.standard.hooks.subprocess.SubprocessHook","filename":"subprocess.py","lineno":99}
{"timestamp":"2026-01-25T00:00:05.496456Z","level":"info","event":"      'scrapy_data_aws' as database,","logger":"airflow.task.hooks.airflow.providers.standard.hooks.subprocess.SubprocessHook","filename":"subprocess.py","lineno":99}
{"timestamp":"2026-01-25T00:00:05.496546Z","level":"info","event":"      tablename as name,","logger":"airflow.task.hooks.airflow.providers.standard.hooks.subprocess.SubprocessHook","filename":"subprocess.py","lineno":99}
{"timestamp":"2026-01-25T00:00:05.496630Z","level":"info","event":"      schemaname as schema,","logger":"airflow.task.hooks.airflow.providers.standard.hooks.subprocess.SubprocessHook","filename":"subprocess.py","lineno":99}
{"timestamp":"2026-01-25T00:00:05.496685Z","level":"info","event":"      'table' as type","logger":"airflow.task.hooks.airflow.providers.standard.hooks.subprocess.SubprocessHook","filename":"subprocess.py","lineno":99}
{"timestamp":"2026-01-25T00:00:05.496731Z","level":"info","event":"    from pg_tables","logger":"airflow.task.hooks.airflow.providers.standard.hooks.subprocess.SubprocessHook","filename":"subprocess.py","lineno":99}
{"timestamp":"2026-01-25T00:00:05.496788Z","level":"info","event":"    where schemaname ilike 'my_dbt_schema'","logger":"airflow.task.hooks.airflow.providers.standard.hooks.subprocess.SubprocessHook","filename":"subprocess.py","lineno":99}
{"timestamp":"2026-01-25T00:00:05.496844Z","level":"info","event":"    union all","logger":"airflow.task.hooks.airflow.providers.standard.hooks.subprocess.SubprocessHook","filename":"subprocess.py","lineno":99}
{"timestamp":"2026-01-25T00:00:05.496881Z","level":"info","event":"    select","logger":"airflow.task.hooks.airflow.providers.standard.hooks.subprocess.SubprocessHook","filename":"subprocess.py","lineno":99}
{"timestamp":"2026-01-25T00:00:05.496912Z","level":"info","event":"      'scrapy_data_aws' as database,","logger":"airflow.task.hooks.airflow.providers.standard.hooks.subprocess.SubprocessHook","filename":"subprocess.py","lineno":99}
{"timestamp":"2026-01-25T00:00:05.496943Z","level":"info","event":"      viewname as name,","logger":"airflow.task.hooks.airflow.providers.standard.hooks.subprocess.SubprocessHook","filename":"subprocess.py","lineno":99}
{"timestamp":"2026-01-25T00:00:05.496973Z","level":"info","event":"      schemaname as schema,","logger":"airflow.task.hooks.airflow.providers.standard.hooks.subprocess.SubprocessHook","filename":"subprocess.py","lineno":99}
{"timestamp":"2026-01-25T00:00:05.497002Z","level":"info","event":"      'view' as type","logger":"airflow.task.hooks.airflow.providers.standard.hooks.subprocess.SubprocessHook","filename":"subprocess.py","lineno":99}
{"timestamp":"2026-01-25T00:00:05.497030Z","level":"info","event":"    from pg_views","logger":"airflow.task.hooks.airflow.providers.standard.hooks.subprocess.SubprocessHook","filename":"subprocess.py","lineno":99}
{"timestamp":"2026-01-25T00:00:05.497058Z","level":"info","event":"    where schemaname ilike 'my_dbt_schema'","logger":"airflow.task.hooks.airflow.providers.standard.hooks.subprocess.SubprocessHook","filename":"subprocess.py","lineno":99}
{"timestamp":"2026-01-25T00:00:05.497087Z","level":"info","event":"    union all","logger":"airflow.task.hooks.airflow.providers.standard.hooks.subprocess.SubprocessHook","filename":"subprocess.py","lineno":99}
{"timestamp":"2026-01-25T00:00:05.497115Z","level":"info","event":"    select","logger":"airflow.task.hooks.airflow.providers.standard.hooks.subprocess.SubprocessHook","filename":"subprocess.py","lineno":99}
{"timestamp":"2026-01-25T00:00:05.497144Z","level":"info","event":"      'scrapy_data_aws' as database,","logger":"airflow.task.hooks.airflow.providers.standard.hooks.subprocess.SubprocessHook","filename":"subprocess.py","lineno":99}
{"timestamp":"2026-01-25T00:00:05.497174Z","level":"info","event":"      matviewname as name,","logger":"airflow.task.hooks.airflow.providers.standard.hooks.subprocess.SubprocessHook","filename":"subprocess.py","lineno":99}
{"timestamp":"2026-01-25T00:00:05.497202Z","level":"info","event":"      schemaname as schema,","logger":"airflow.task.hooks.airflow.providers.standard.hooks.subprocess.SubprocessHook","filename":"subprocess.py","lineno":99}
{"timestamp":"2026-01-25T00:00:05.497230Z","level":"info","event":"      'materialized_view' as type","logger":"airflow.task.hooks.airflow.providers.standard.hooks.subprocess.SubprocessHook","filename":"subprocess.py","lineno":99}
{"timestamp":"2026-01-25T00:00:05.497258Z","level":"info","event":"    from pg_matviews","logger":"airflow.task.hooks.airflow.providers.standard.hooks.subprocess.SubprocessHook","filename":"subprocess.py","lineno":99}
{"timestamp":"2026-01-25T00:00:05.497284Z","level":"info","event":"    where schemaname ilike 'my_dbt_schema'","logger":"airflow.task.hooks.airflow.providers.standard.hooks.subprocess.SubprocessHook","filename":"subprocess.py","lineno":99}
{"timestamp":"2026-01-25T00:00:05.497311Z","level":"info","event":"","logger":"airflow.task.hooks.airflow.providers.standard.hooks.subprocess.SubprocessHook","filename":"subprocess.py","lineno":99}
{"timestamp":"2026-01-25T00:00:05.497415Z","level":"info","event":"\u001b[0m00:00:05  Opening a new connection, currently in state closed","logger":"airflow.task.hooks.airflow.providers.standard.hooks.subprocess.SubprocessHook","filename":"subprocess.py","lineno":99}
{"timestamp":"2026-01-25T00:00:05.702651Z","level":"info","event":"\u001b[0m00:00:05  SQL status: SELECT 3 in 0.206 seconds","logger":"airflow.task.hooks.airflow.providers.standard.hooks.subprocess.SubprocessHook","filename":"subprocess.py","lineno":99}
{"timestamp":"2026-01-25T00:00:05.704410Z","level":"info","event":"\u001b[0m00:00:05  On list_scrapy_data_aws_my_dbt_schema: ROLLBACK","logger":"airflow.task.hooks.airflow.providers.standard.hooks.subprocess.SubprocessHook","filename":"subprocess.py","lineno":99}
{"timestamp":"2026-01-25T00:00:05.725048Z","level":"info","event":"\u001b[0m00:00:05  On list_scrapy_data_aws_my_dbt_schema: Close","logger":"airflow.task.hooks.airflow.providers.standard.hooks.subprocess.SubprocessHook","filename":"subprocess.py","lineno":99}
{"timestamp":"2026-01-25T00:00:05.731347Z","level":"info","event":"\u001b[0m00:00:05  Using postgres connection \"master\"","logger":"airflow.task.hooks.airflow.providers.standard.hooks.subprocess.SubprocessHook","filename":"subprocess.py","lineno":99}
{"timestamp":"2026-01-25T00:00:05.731937Z","level":"info","event":"\u001b[0m00:00:05  On master: /* {\"app\": \"dbt\", \"dbt_version\": \"1.11.2\", \"profile_name\": \"my_transformations\", \"target_name\": \"dev\", \"connection_name\": \"master\"} */","logger":"airflow.task.hooks.airflow.providers.standard.hooks.subprocess.SubprocessHook","filename":"subprocess.py","lineno":99}
{"timestamp":"2026-01-25T00:00:05.732052Z","level":"info","event":"select distinct","logger":"airflow.task.hooks.airflow.providers.standard.hooks.subprocess.SubprocessHook","filename":"subprocess.py","lineno":99}
{"timestamp":"2026-01-25T00:00:05.732118Z","level":"info","event":"        dependent_namespace.nspname as dependent_schema,","logger":"airflow.task.hooks.airflow.providers.standard.hooks.subprocess.SubprocessHook","filename":"subprocess.py","lineno":99}
{"timestamp":"2026-01-25T00:00:05.732165Z","level":"info","event":"        dependent_class.relname as dependent_name,","logger":"airflow.task.hooks.airflow.providers.standard.hooks.subprocess.SubprocessHook","filename":"subprocess.py","lineno":99}
{"timestamp":"2026-01-25T00:00:05.732206Z","level":"info","event":"        referenced_namespace.nspname as referenced_schema,","logger":"airflow.task.hooks.airflow.providers.standard.hooks.subprocess.SubprocessHook","filename":"subprocess.py","lineno":99}
{"timestamp":"2026-01-25T00:00:05.732244Z","level":"info","event":"        referenced_class.relname as referenced_name","logger":"airflow.task.hooks.airflow.providers.standard.hooks.subprocess.SubprocessHook","filename":"subprocess.py","lineno":99}
{"timestamp":"2026-01-25T00:00:05.732282Z","level":"info","event":"","logger":"airflow.task.hooks.airflow.providers.standard.hooks.subprocess.SubprocessHook","filename":"subprocess.py","lineno":99}
{"timestamp":"2026-01-25T00:00:05.732320Z","level":"info","event":"    -- Query for views: views are entries in pg_class with an entry in pg_rewrite, but we avoid","logger":"airflow.task.hooks.airflow.providers.standard.hooks.subprocess.SubprocessHook","filename":"subprocess.py","lineno":99}
{"timestamp":"2026-01-25T00:00:05.732357Z","level":"info","event":"    -- a seq scan on pg_rewrite by leveraging the fact there is an \"internal\" row in pg_depend for","logger":"airflow.task.hooks.airflow.providers.standard.hooks.subprocess.SubprocessHook","filename":"subprocess.py","lineno":99}
{"timestamp":"2026-01-25T00:00:05.732393Z","level":"info","event":"    -- the view...","logger":"airflow.task.hooks.airflow.providers.standard.hooks.subprocess.SubprocessHook","filename":"subprocess.py","lineno":99}
{"timestamp":"2026-01-25T00:00:05.732428Z","level":"info","event":"    from pg_class as dependent_class","logger":"airflow.task.hooks.airflow.providers.standard.hooks.subprocess.SubprocessHook","filename":"subprocess.py","lineno":99}
{"timestamp":"2026-01-25T00:00:05.732553Z","level":"info","event":"    join pg_namespace as dependent_namespace on dependent_namespace.oid = dependent_class.relnamespace","logger":"airflow.task.hooks.airflow.providers.standard.hooks.subprocess.SubprocessHook","filename":"subprocess.py","lineno":99}
{"timestamp":"2026-01-25T00:00:05.732675Z","level":"info","event":"    join pg_depend as dependent_depend on dependent_depend.refobjid = dependent_class.oid","logger":"airflow.task.hooks.airflow.providers.standard.hooks.subprocess.SubprocessHook","filename":"subprocess.py","lineno":99}
{"timestamp":"2026-01-25T00:00:05.732726Z","level":"info","event":"        and dependent_depend.classid = 'pg_rewrite'::regclass","logger":"airflow.task.hooks.airflow.providers.standard.hooks.subprocess.SubprocessHook","filename":"subprocess.py","lineno":99}
{"timestamp":"2026-01-25T00:00:05.732810Z","level":"info","event":"        and dependent_depend.refclassid = 'pg_class'::regclass","logger":"airflow.task.hooks.airflow.providers.standard.hooks.subprocess.SubprocessHook","filename":"subprocess.py","lineno":99}
{"timestamp":"2026-01-25T00:00:05.732860Z","level":"info","event":"        and dependent_depend.deptype = 'i'","logger":"airflow.task.hooks.airflow.providers.standard.hooks.subprocess.SubprocessHook","filename":"subprocess.py","lineno":99}
{"timestamp":"2026-01-25T00:00:05.732894Z","level":"info","event":"","logger":"airflow.task.hooks.airflow.providers.standard.hooks.subprocess.SubprocessHook","filename":"subprocess.py","lineno":99}
{"timestamp":"2026-01-25T00:00:05.732924Z","level":"info","event":"    -- ... and via pg_depend (that has a row per column, hence the need for \"distinct\" above, and","logger":"airflow.task.hooks.airflow.providers.standard.hooks.subprocess.SubprocessHook","filename":"subprocess.py","lineno":99}
{"timestamp":"2026-01-25T00:00:05.732955Z","level":"info","event":"    -- making sure to exclude the internal row to avoid a view appearing to depend on itself)...","logger":"airflow.task.hooks.airflow.providers.standard.hooks.subprocess.SubprocessHook","filename":"subprocess.py","lineno":99}
{"timestamp":"2026-01-25T00:00:05.732986Z","level":"info","event":"    join pg_depend as joining_depend on joining_depend.objid = dependent_depend.objid","logger":"airflow.task.hooks.airflow.providers.standard.hooks.subprocess.SubprocessHook","filename":"subprocess.py","lineno":99}
{"timestamp":"2026-01-25T00:00:05.733015Z","level":"info","event":"        and joining_depend.classid = 'pg_rewrite'::regclass","logger":"airflow.task.hooks.airflow.providers.standard.hooks.subprocess.SubprocessHook","filename":"subprocess.py","lineno":99}
{"timestamp":"2026-01-25T00:00:05.733043Z","level":"info","event":"        and joining_depend.refclassid = 'pg_class'::regclass","logger":"airflow.task.hooks.airflow.providers.standard.hooks.subprocess.SubprocessHook","filename":"subprocess.py","lineno":99}
{"timestamp":"2026-01-25T00:00:05.733070Z","level":"info","event":"        and joining_depend.refobjid != dependent_depend.refobjid","logger":"airflow.task.hooks.airflow.providers.standard.hooks.subprocess.SubprocessHook","filename":"subprocess.py","lineno":99}
{"timestamp":"2026-01-25T00:00:05.733098Z","level":"info","event":"","logger":"airflow.task.hooks.airflow.providers.standard.hooks.subprocess.SubprocessHook","filename":"subprocess.py","lineno":99}
{"timestamp":"2026-01-25T00:00:05.733126Z","level":"info","event":"    -- ... we can find the tables they query from in pg_class, but excluding system tables. Note we","logger":"airflow.task.hooks.airflow.providers.standard.hooks.subprocess.SubprocessHook","filename":"subprocess.py","lineno":99}
{"timestamp":"2026-01-25T00:00:05.733185Z","level":"info","event":"    -- don't need need to exclude _dependent_ system tables, because they only query from other","logger":"airflow.task.hooks.airflow.providers.standard.hooks.subprocess.SubprocessHook","filename":"subprocess.py","lineno":99}
{"timestamp":"2026-01-25T00:00:05.733219Z","level":"info","event":"    -- system tables, and so are automatically excluded by excluding _referenced_ system tables","logger":"airflow.task.hooks.airflow.providers.standard.hooks.subprocess.SubprocessHook","filename":"subprocess.py","lineno":99}
{"timestamp":"2026-01-25T00:00:05.733247Z","level":"info","event":"    join pg_class as referenced_class on referenced_class.oid = joining_depend.refobjid","logger":"airflow.task.hooks.airflow.providers.standard.hooks.subprocess.SubprocessHook","filename":"subprocess.py","lineno":99}
{"timestamp":"2026-01-25T00:00:05.733275Z","level":"info","event":"    join pg_namespace as referenced_namespace on referenced_namespace.oid = referenced_class.relnamespace","logger":"airflow.task.hooks.airflow.providers.standard.hooks.subprocess.SubprocessHook","filename":"subprocess.py","lineno":99}
{"timestamp":"2026-01-25T00:00:05.733303Z","level":"info","event":"        and referenced_namespace.nspname != 'information_schema'","logger":"airflow.task.hooks.airflow.providers.standard.hooks.subprocess.SubprocessHook","filename":"subprocess.py","lineno":99}
{"timestamp":"2026-01-25T00:00:05.733329Z","level":"info","event":"        and referenced_namespace.nspname not like 'pg\\_%'","logger":"airflow.task.hooks.airflow.providers.standard.hooks.subprocess.SubprocessHook","filename":"subprocess.py","lineno":99}
{"timestamp":"2026-01-25T00:00:05.733356Z","level":"info","event":"","logger":"airflow.task.hooks.airflow.providers.standard.hooks.subprocess.SubprocessHook","filename":"subprocess.py","lineno":99}
{"timestamp":"2026-01-25T00:00:05.733382Z","level":"info","event":"    order by","logger":"airflow.task.hooks.airflow.providers.standard.hooks.subprocess.SubprocessHook","filename":"subprocess.py","lineno":99}
{"timestamp":"2026-01-25T00:00:05.733409Z","level":"info","event":"        dependent_schema, dependent_name, referenced_schema, referenced_name;","logger":"airflow.task.hooks.airflow.providers.standard.hooks.subprocess.SubprocessHook","filename":"subprocess.py","lineno":99}
{"timestamp":"2026-01-25T00:00:05.733449Z","level":"info","event":"\u001b[0m00:00:05  Opening a new connection, currently in state init","logger":"airflow.task.hooks.airflow.providers.standard.hooks.subprocess.SubprocessHook","filename":"subprocess.py","lineno":99}
{"timestamp":"2026-01-25T00:00:05.926130Z","level":"info","event":"\u001b[0m00:00:05  SQL status: SELECT 0 in 0.193 seconds","logger":"airflow.task.hooks.airflow.providers.standard.hooks.subprocess.SubprocessHook","filename":"subprocess.py","lineno":99}
{"timestamp":"2026-01-25T00:00:05.927573Z","level":"info","event":"\u001b[0m00:00:05  Sending event: {'category': 'dbt', 'action': 'runnable_timing', 'label': '85f4f8d1-866c-48e5-8d68-1faab832bc45', 'context': [<snowplow_tracker.self_describing_json.SelfDescribingJson object at 0x7080b45a2f90>]}","logger":"airflow.task.hooks.airflow.providers.standard.hooks.subprocess.SubprocessHook","filename":"subprocess.py","lineno":99}
{"timestamp":"2026-01-25T00:00:05.928154Z","level":"info","event":"\u001b[0m00:00:05  On master: ROLLBACK","logger":"airflow.task.hooks.airflow.providers.standard.hooks.subprocess.SubprocessHook","filename":"subprocess.py","lineno":99}
{"timestamp":"2026-01-25T00:00:05.947556Z","level":"info","event":"\u001b[0m00:00:05  On master: COMMIT","logger":"airflow.task.hooks.airflow.providers.standard.hooks.subprocess.SubprocessHook","filename":"subprocess.py","lineno":99}
{"timestamp":"2026-01-25T00:00:05.947973Z","level":"info","event":"\u001b[0m00:00:05  Using postgres connection \"master\"","logger":"airflow.task.hooks.airflow.providers.standard.hooks.subprocess.SubprocessHook","filename":"subprocess.py","lineno":99}
{"timestamp":"2026-01-25T00:00:05.948380Z","level":"info","event":"\u001b[0m00:00:05  On master: COMMIT","logger":"airflow.task.hooks.airflow.providers.standard.hooks.subprocess.SubprocessHook","filename":"subprocess.py","lineno":99}
{"timestamp":"2026-01-25T00:00:05.986029Z","level":"info","event":"\u001b[0m00:00:05  SQL status: COMMIT in 0.037 seconds","logger":"airflow.task.hooks.airflow.providers.standard.hooks.subprocess.SubprocessHook","filename":"subprocess.py","lineno":99}
{"timestamp":"2026-01-25T00:00:05.986561Z","level":"info","event":"\u001b[0m00:00:05  On master: Close","logger":"airflow.task.hooks.airflow.providers.standard.hooks.subprocess.SubprocessHook","filename":"subprocess.py","lineno":99}
{"timestamp":"2026-01-25T00:00:05.991094Z","level":"info","event":"\u001b[0m00:00:05  Began running node model.my_transformations.stg_data","logger":"airflow.task.hooks.airflow.providers.standard.hooks.subprocess.SubprocessHook","filename":"subprocess.py","lineno":99}
{"timestamp":"2026-01-25T00:00:05.991708Z","level":"info","event":"\u001b[0m00:00:05  1 of 1 START sql table model my_dbt_schema.stg_data ............................ [RUN]","logger":"airflow.task.hooks.airflow.providers.standard.hooks.subprocess.SubprocessHook","filename":"subprocess.py","lineno":99}
{"timestamp":"2026-01-25T00:00:05.992485Z","level":"info","event":"\u001b[0m00:00:05  Re-using an available connection from the pool (formerly list_scrapy_data_aws_my_dbt_schema, now model.my_transformations.stg_data)","logger":"airflow.task.hooks.airflow.providers.standard.hooks.subprocess.SubprocessHook","filename":"subprocess.py","lineno":99}
{"timestamp":"2026-01-25T00:00:05.992970Z","level":"info","event":"\u001b[0m00:00:05  Began compiling node model.my_transformations.stg_data","logger":"airflow.task.hooks.airflow.providers.standard.hooks.subprocess.SubprocessHook","filename":"subprocess.py","lineno":99}
{"timestamp":"2026-01-25T00:00:06.001730Z","level":"info","event":"\u001b[0m00:00:06  Writing injected SQL for node \"model.my_transformations.stg_data\"","logger":"airflow.task.hooks.airflow.providers.standard.hooks.subprocess.SubprocessHook","filename":"subprocess.py","lineno":99}
{"timestamp":"2026-01-25T00:00:06.002634Z","level":"info","event":"\u001b[0m00:00:06  Began executing node model.my_transformations.stg_data","logger":"airflow.task.hooks.airflow.providers.standard.hooks.subprocess.SubprocessHook","filename":"subprocess.py","lineno":99}
{"timestamp":"2026-01-25T00:00:06.043046Z","level":"info","event":"\u001b[0m00:00:06  Writing runtime sql for node \"model.my_transformations.stg_data\"","logger":"airflow.task.hooks.airflow.providers.standard.hooks.subprocess.SubprocessHook","filename":"subprocess.py","lineno":99}
{"timestamp":"2026-01-25T00:00:06.044484Z","level":"info","event":"\u001b[0m00:00:06  Using postgres connection \"model.my_transformations.stg_data\"","logger":"airflow.task.hooks.airflow.providers.standard.hooks.subprocess.SubprocessHook","filename":"subprocess.py","lineno":99}
{"timestamp":"2026-01-25T00:00:06.045105Z","level":"info","event":"\u001b[0m00:00:06  On model.my_transformations.stg_data: /* {\"app\": \"dbt\", \"dbt_version\": \"1.11.2\", \"profile_name\": \"my_transformations\", \"target_name\": \"dev\", \"node_id\": \"model.my_transformations.stg_data\"} */","logger":"airflow.task.hooks.airflow.providers.standard.hooks.subprocess.SubprocessHook","filename":"subprocess.py","lineno":99}
{"timestamp":"2026-01-25T00:00:06.045199Z","level":"info","event":"","logger":"airflow.task.hooks.airflow.providers.standard.hooks.subprocess.SubprocessHook","filename":"subprocess.py","lineno":99}
{"timestamp":"2026-01-25T00:00:06.045254Z","level":"info","event":"","logger":"airflow.task.hooks.airflow.providers.standard.hooks.subprocess.SubprocessHook","filename":"subprocess.py","lineno":99}
{"timestamp":"2026-01-25T00:00:06.045294Z","level":"info","event":"","logger":"airflow.task.hooks.airflow.providers.standard.hooks.subprocess.SubprocessHook","filename":"subprocess.py","lineno":99}
{"timestamp":"2026-01-25T00:00:06.045327Z","level":"info","event":"","logger":"airflow.task.hooks.airflow.providers.standard.hooks.subprocess.SubprocessHook","filename":"subprocess.py","lineno":99}
{"timestamp":"2026-01-25T00:00:06.045357Z","level":"info","event":"  create  table \"scrapy_data_aws\".\"my_dbt_schema\".\"stg_data__dbt_tmp\"","logger":"airflow.task.hooks.airflow.providers.standard.hooks.subprocess.SubprocessHook","filename":"subprocess.py","lineno":99}
{"timestamp":"2026-01-25T00:00:06.045389Z","level":"info","event":"","logger":"airflow.task.hooks.airflow.providers.standard.hooks.subprocess.SubprocessHook","filename":"subprocess.py","lineno":99}
{"timestamp":"2026-01-25T00:00:06.045419Z","level":"info","event":"","logger":"airflow.task.hooks.airflow.providers.standard.hooks.subprocess.SubprocessHook","filename":"subprocess.py","lineno":99}
{"timestamp":"2026-01-25T00:00:06.045448Z","level":"info","event":"    as","logger":"airflow.task.hooks.airflow.providers.standard.hooks.subprocess.SubprocessHook","filename":"subprocess.py","lineno":99}
{"timestamp":"2026-01-25T00:00:06.045478Z","level":"info","event":"","logger":"airflow.task.hooks.airflow.providers.standard.hooks.subprocess.SubprocessHook","filename":"subprocess.py","lineno":99}
{"timestamp":"2026-01-25T00:00:06.045507Z","level":"info","event":"  (","logger":"airflow.task.hooks.airflow.providers.standard.hooks.subprocess.SubprocessHook","filename":"subprocess.py","lineno":99}
{"timestamp":"2026-01-25T00:00:06.045535Z","level":"info","event":"    WITH data_to_stg AS (","logger":"airflow.task.hooks.airflow.providers.standard.hooks.subprocess.SubprocessHook","filename":"subprocess.py","lineno":99}
{"timestamp":"2026-01-25T00:00:06.045564Z","level":"info","event":"","logger":"airflow.task.hooks.airflow.providers.standard.hooks.subprocess.SubprocessHook","filename":"subprocess.py","lineno":99}
{"timestamp":"2026-01-25T00:00:06.045591Z","level":"info","event":"        SELECT * FROM \"scrapy_data_aws\".\"public\".\"raw_data\"","logger":"airflow.task.hooks.airflow.providers.standard.hooks.subprocess.SubprocessHook","filename":"subprocess.py","lineno":99}
{"timestamp":"2026-01-25T00:00:06.045620Z","level":"info","event":"","logger":"airflow.task.hooks.airflow.providers.standard.hooks.subprocess.SubprocessHook","filename":"subprocess.py","lineno":99}
{"timestamp":"2026-01-25T00:00:06.045648Z","level":"info","event":")","logger":"airflow.task.hooks.airflow.providers.standard.hooks.subprocess.SubprocessHook","filename":"subprocess.py","lineno":99}
{"timestamp":"2026-01-25T00:00:06.045676Z","level":"info","event":"","logger":"airflow.task.hooks.airflow.providers.standard.hooks.subprocess.SubprocessHook","filename":"subprocess.py","lineno":99}
{"timestamp":"2026-01-25T00:00:06.045704Z","level":"info","event":"SELECT","logger":"airflow.task.hooks.airflow.providers.standard.hooks.subprocess.SubprocessHook","filename":"subprocess.py","lineno":99}
{"timestamp":"2026-01-25T00:00:06.045731Z","level":"info","event":"    CAST(id AS INTEGER) AS id,","logger":"airflow.task.hooks.airflow.providers.standard.hooks.subprocess.SubprocessHook","filename":"subprocess.py","lineno":99}
{"timestamp":"2026-01-25T00:00:06.045759Z","level":"info","event":"    -- CASE","logger":"airflow.task.hooks.airflow.providers.standard.hooks.subprocess.SubprocessHook","filename":"subprocess.py","lineno":99}
{"timestamp":"2026-01-25T00:00:06.045785Z","level":"info","event":"    --     WHEN full_title ILIKE '%notebook%' THEN 'notebook'","logger":"airflow.task.hooks.airflow.providers.standard.hooks.subprocess.SubprocessHook","filename":"subprocess.py","lineno":99}
{"timestamp":"2026-01-25T00:00:06.045812Z","level":"info","event":"    --     ELSE 'other'","logger":"airflow.task.hooks.airflow.providers.standard.hooks.subprocess.SubprocessHook","filename":"subprocess.py","lineno":99}
{"timestamp":"2026-01-25T00:00:06.045843Z","level":"info","event":"    -- END AS short_title,","logger":"airflow.task.hooks.airflow.providers.standard.hooks.subprocess.SubprocessHook","filename":"subprocess.py","lineno":99}
{"timestamp":"2026-01-25T00:00:06.045871Z","level":"info","event":"    short_title,","logger":"airflow.task.hooks.airflow.providers.standard.hooks.subprocess.SubprocessHook","filename":"subprocess.py","lineno":99}
{"timestamp":"2026-01-25T00:00:06.045899Z","level":"info","event":"    full_title,","logger":"airflow.task.hooks.airflow.providers.standard.hooks.subprocess.SubprocessHook","filename":"subprocess.py","lineno":99}
{"timestamp":"2026-01-25T00:00:06.045926Z","level":"info","event":"    memory,","logger":"airflow.task.hooks.airflow.providers.standard.hooks.subprocess.SubprocessHook","filename":"subprocess.py","lineno":99}
{"timestamp":"2026-01-25T00:00:06.045964Z","level":"info","event":"    storage,","logger":"airflow.task.hooks.airflow.providers.standard.hooks.subprocess.SubprocessHook","filename":"subprocess.py","lineno":99}
{"timestamp":"2026-01-25T00:00:06.045991Z","level":"info","event":"    LOWER(color) AS color,","logger":"airflow.task.hooks.airflow.providers.standard.hooks.subprocess.SubprocessHook","filename":"subprocess.py","lineno":99}
{"timestamp":"2026-01-25T00:00:06.046018Z","level":"info","event":"    CAST(REPLACE(REPLACE(price, '.', ''), ',', '.') AS NUMERIC(10, 2)) AS price,","logger":"airflow.task.hooks.airflow.providers.standard.hooks.subprocess.SubprocessHook","filename":"subprocess.py","lineno":99}
{"timestamp":"2026-01-25T00:00:06.046050Z","level":"info","event":"    scraped_at,","logger":"airflow.task.hooks.airflow.providers.standard.hooks.subprocess.SubprocessHook","filename":"subprocess.py","lineno":99}
{"timestamp":"2026-01-25T00:00:06.046117Z","level":"info","event":"    CASE","logger":"airflow.task.hooks.airflow.providers.standard.hooks.subprocess.SubprocessHook","filename":"subprocess.py","lineno":99}
{"timestamp":"2026-01-25T00:00:06.046166Z","level":"info","event":"        WHEN rating LIKE '%.%' THEN CAST(REGEXP_REPLACE(rating, '[^0-9.]', '', 'g') AS NUMERIC(10, 2))","logger":"airflow.task.hooks.airflow.providers.standard.hooks.subprocess.SubprocessHook","filename":"subprocess.py","lineno":99}
{"timestamp":"2026-01-25T00:00:06.046221Z","level":"info","event":"        ELSE NULL","logger":"airflow.task.hooks.airflow.providers.standard.hooks.subprocess.SubprocessHook","filename":"subprocess.py","lineno":99}
{"timestamp":"2026-01-25T00:00:06.046257Z","level":"info","event":"    END AS rating,","logger":"airflow.task.hooks.airflow.providers.standard.hooks.subprocess.SubprocessHook","filename":"subprocess.py","lineno":99}
{"timestamp":"2026-01-25T00:00:06.046286Z","level":"info","event":"    site_name","logger":"airflow.task.hooks.airflow.providers.standard.hooks.subprocess.SubprocessHook","filename":"subprocess.py","lineno":99}
{"timestamp":"2026-01-25T00:00:06.046316Z","level":"info","event":"FROM","logger":"airflow.task.hooks.airflow.providers.standard.hooks.subprocess.SubprocessHook","filename":"subprocess.py","lineno":99}
{"timestamp":"2026-01-25T00:00:06.046344Z","level":"info","event":"    data_to_stg","logger":"airflow.task.hooks.airflow.providers.standard.hooks.subprocess.SubprocessHook","filename":"subprocess.py","lineno":99}
{"timestamp":"2026-01-25T00:00:06.046372Z","level":"info","event":"  );","logger":"airflow.task.hooks.airflow.providers.standard.hooks.subprocess.SubprocessHook","filename":"subprocess.py","lineno":99}
{"timestamp":"2026-01-25T00:00:06.046400Z","level":"info","event":"","logger":"airflow.task.hooks.airflow.providers.standard.hooks.subprocess.SubprocessHook","filename":"subprocess.py","lineno":99}
{"timestamp":"2026-01-25T00:00:06.046432Z","level":"info","event":"\u001b[0m00:00:06  Opening a new connection, currently in state closed","logger":"airflow.task.hooks.airflow.providers.standard.hooks.subprocess.SubprocessHook","filename":"subprocess.py","lineno":99}
{"timestamp":"2026-01-25T00:00:06.237267Z","level":"info","event":"\u001b[0m00:00:06  Postgres adapter: Postgres error: column \"short_title\" does not exist","logger":"airflow.task.hooks.airflow.providers.standard.hooks.subprocess.SubprocessHook","filename":"subprocess.py","lineno":99}
{"timestamp":"2026-01-25T00:00:06.237429Z","level":"info","event":"LINE 24:     short_title,","logger":"airflow.task.hooks.airflow.providers.standard.hooks.subprocess.SubprocessHook","filename":"subprocess.py","lineno":99}
{"timestamp":"2026-01-25T00:00:06.237474Z","level":"info","event":"             ^","logger":"airflow.task.hooks.airflow.providers.standard.hooks.subprocess.SubprocessHook","filename":"subprocess.py","lineno":99}
{"timestamp":"2026-01-25T00:00:06.237538Z","level":"info","event":"","logger":"airflow.task.hooks.airflow.providers.standard.hooks.subprocess.SubprocessHook","filename":"subprocess.py","lineno":99}
{"timestamp":"2026-01-25T00:00:06.237782Z","level":"info","event":"\u001b[0m00:00:06  On model.my_transformations.stg_data: ROLLBACK","logger":"airflow.task.hooks.airflow.providers.standard.hooks.subprocess.SubprocessHook","filename":"subprocess.py","lineno":99}
{"timestamp":"2026-01-25T00:00:06.257404Z","level":"info","event":"\u001b[0m00:00:06  On model.my_transformations.stg_data: Close","logger":"airflow.task.hooks.airflow.providers.standard.hooks.subprocess.SubprocessHook","filename":"subprocess.py","lineno":99}
{"timestamp":"2026-01-25T00:00:06.306247Z","level":"info","event":"\u001b[0m00:00:06  Database Error in model stg_data (models/stg_data.sql)","logger":"airflow.task.hooks.airflow.providers.standard.hooks.subprocess.SubprocessHook","filename":"subprocess.py","lineno":99}
{"timestamp":"2026-01-25T00:00:06.306431Z","level":"info","event":"  column \"short_title\" does not exist","logger":"airflow.task.hooks.airflow.providers.standard.hooks.subprocess.SubprocessHook","filename":"subprocess.py","lineno":99}
{"timestamp":"2026-01-25T00:00:06.306487Z","level":"info","event":"  LINE 24:     short_title,","logger":"airflow.task.hooks.airflow.providers.standard.hooks.subprocess.SubprocessHook","filename":"subprocess.py","lineno":99}
{"timestamp":"2026-01-25T00:00:06.306526Z","level":"info","event":"               ^","logger":"airflow.task.hooks.airflow.providers.standard.hooks.subprocess.SubprocessHook","filename":"subprocess.py","lineno":99}
{"timestamp":"2026-01-25T00:00:06.306561Z","level":"info","event":"  compiled code at target/run/my_transformations/models/stg_data.sql","logger":"airflow.task.hooks.airflow.providers.standard.hooks.subprocess.SubprocessHook","filename":"subprocess.py","lineno":99}
{"timestamp":"2026-01-25T00:00:06.308697Z","level":"info","event":"\u001b[0m00:00:06  Sending event: {'category': 'dbt', 'action': 'run_model', 'label': '85f4f8d1-866c-48e5-8d68-1faab832bc45', 'context': [<snowplow_tracker.self_describing_json.SelfDescribingJson object at 0x7080b5531e80>]}","logger":"airflow.task.hooks.airflow.providers.standard.hooks.subprocess.SubprocessHook","filename":"subprocess.py","lineno":99}
{"timestamp":"2026-01-25T00:00:06.309535Z","level":"info","event":"\u001b[0m00:00:06  1 of 1 ERROR creating sql table model my_dbt_schema.stg_data ................... [\u001b[31mERROR\u001b[0m in 0.31s]","logger":"airflow.task.hooks.airflow.providers.standard.hooks.subprocess.SubprocessHook","filename":"subprocess.py","lineno":99}
{"timestamp":"2026-01-25T00:00:06.310184Z","level":"info","event":"\u001b[0m00:00:06  Finished running node model.my_transformations.stg_data","logger":"airflow.task.hooks.airflow.providers.standard.hooks.subprocess.SubprocessHook","filename":"subprocess.py","lineno":99}
{"timestamp":"2026-01-25T00:00:06.310954Z","level":"info","event":"\u001b[0m00:00:06  Marking all children of 'model.my_transformations.stg_data' to be skipped because of status 'error'.  Reason: Database Error in model stg_data (models/stg_data.sql)","logger":"airflow.task.hooks.airflow.providers.standard.hooks.subprocess.SubprocessHook","filename":"subprocess.py","lineno":99}
{"timestamp":"2026-01-25T00:00:06.311049Z","level":"info","event":"  column \"short_title\" does not exist","logger":"airflow.task.hooks.airflow.providers.standard.hooks.subprocess.SubprocessHook","filename":"subprocess.py","lineno":99}
{"timestamp":"2026-01-25T00:00:06.311104Z","level":"info","event":"  LINE 24:     short_title,","logger":"airflow.task.hooks.airflow.providers.standard.hooks.subprocess.SubprocessHook","filename":"subprocess.py","lineno":99}
{"timestamp":"2026-01-25T00:00:06.311143Z","level":"info","event":"               ^","logger":"airflow.task.hooks.airflow.providers.standard.hooks.subprocess.SubprocessHook","filename":"subprocess.py","lineno":99}
{"timestamp":"2026-01-25T00:00:06.311179Z","level":"info","event":"  compiled code at target/run/my_transformations/models/stg_data.sql.","logger":"airflow.task.hooks.airflow.providers.standard.hooks.subprocess.SubprocessHook","filename":"subprocess.py","lineno":99}
{"timestamp":"2026-01-25T00:00:06.313608Z","level":"info","event":"\u001b[0m00:00:06  On master: COMMIT","logger":"airflow.task.hooks.airflow.providers.standard.hooks.subprocess.SubprocessHook","filename":"subprocess.py","lineno":99}
{"timestamp":"2026-01-25T00:00:06.314064Z","level":"info","event":"\u001b[0m00:00:06  Using postgres connection \"master\"","logger":"airflow.task.hooks.airflow.providers.standard.hooks.subprocess.SubprocessHook","filename":"subprocess.py","lineno":99}
{"timestamp":"2026-01-25T00:00:06.314478Z","level":"info","event":"\u001b[0m00:00:06  On master: COMMIT","logger":"airflow.task.hooks.airflow.providers.standard.hooks.subprocess.SubprocessHook","filename":"subprocess.py","lineno":99}
{"timestamp":"2026-01-25T00:00:06.314898Z","level":"info","event":"\u001b[0m00:00:06  Opening a new connection, currently in state closed","logger":"airflow.task.hooks.airflow.providers.standard.hooks.subprocess.SubprocessHook","filename":"subprocess.py","lineno":99}
{"timestamp":"2026-01-25T00:00:06.505300Z","level":"info","event":"\u001b[0m00:00:06  SQL status: COMMIT in 0.190 seconds","logger":"airflow.task.hooks.airflow.providers.standard.hooks.subprocess.SubprocessHook","filename":"subprocess.py","lineno":99}
{"timestamp":"2026-01-25T00:00:06.506122Z","level":"info","event":"\u001b[0m00:00:06  On master: Close","logger":"airflow.task.hooks.airflow.providers.standard.hooks.subprocess.SubprocessHook","filename":"subprocess.py","lineno":99}
{"timestamp":"2026-01-25T00:00:06.506896Z","level":"info","event":"\u001b[0m00:00:06  Connection 'master' was properly closed.","logger":"airflow.task.hooks.airflow.providers.standard.hooks.subprocess.SubprocessHook","filename":"subprocess.py","lineno":99}
{"timestamp":"2026-01-25T00:00:06.507148Z","level":"info","event":"\u001b[0m00:00:06  Connection 'model.my_transformations.stg_data' was properly closed.","logger":"airflow.task.hooks.airflow.providers.standard.hooks.subprocess.SubprocessHook","filename":"subprocess.py","lineno":99}
{"timestamp":"2026-01-25T00:00:06.507607Z","level":"info","event":"\u001b[0m00:00:06","logger":"airflow.task.hooks.airflow.providers.standard.hooks.subprocess.SubprocessHook","filename":"subprocess.py","lineno":99}
{"timestamp":"2026-01-25T00:00:06.508426Z","level":"info","event":"\u001b[0m00:00:06  Finished running 1 table model in 0 hours 0 minutes and 1.28 seconds (1.28s).","logger":"airflow.task.hooks.airflow.providers.standard.hooks.subprocess.SubprocessHook","filename":"subprocess.py","lineno":99}
{"timestamp":"2026-01-25T00:00:06.508796Z","level":"info","event":"\u001b[0m00:00:06  Command end result","logger":"airflow.task.hooks.airflow.providers.standard.hooks.subprocess.SubprocessHook","filename":"subprocess.py","lineno":99}
{"timestamp":"2026-01-25T00:00:06.532986Z","level":"info","event":"\u001b[0m00:00:06  Wrote artifact WritableManifest to /opt/airflow/project/dbt_project/target/manifest.json","logger":"airflow.task.hooks.airflow.providers.standard.hooks.subprocess.SubprocessHook","filename":"subprocess.py","lineno":99}
{"timestamp":"2026-01-25T00:00:06.535192Z","level":"info","event":"\u001b[0m00:00:06  Wrote artifact SemanticManifest to /opt/airflow/project/dbt_project/target/semantic_manifest.json","logger":"airflow.task.hooks.airflow.providers.standard.hooks.subprocess.SubprocessHook","filename":"subprocess.py","lineno":99}
{"timestamp":"2026-01-25T00:00:06.542147Z","level":"info","event":"\u001b[0m00:00:06  Wrote artifact RunExecutionResult to /opt/airflow/project/dbt_project/target/run_results.json","logger":"airflow.task.hooks.airflow.providers.standard.hooks.subprocess.SubprocessHook","filename":"subprocess.py","lineno":99}
{"timestamp":"2026-01-25T00:00:06.542652Z","level":"info","event":"\u001b[0m00:00:06","logger":"airflow.task.hooks.airflow.providers.standard.hooks.subprocess.SubprocessHook","filename":"subprocess.py","lineno":99}
{"timestamp":"2026-01-25T00:00:06.543144Z","level":"info","event":"\u001b[0m00:00:06  \u001b[31mCompleted with 1 error, 0 partial successes, and 0 warnings:\u001b[0m","logger":"airflow.task.hooks.airflow.providers.standard.hooks.subprocess.SubprocessHook","filename":"subprocess.py","lineno":99}
{"timestamp":"2026-01-25T00:00:06.543605Z","level":"info","event":"\u001b[0m00:00:06","logger":"airflow.task.hooks.airflow.providers.standard.hooks.subprocess.SubprocessHook","filename":"subprocess.py","lineno":99}
{"timestamp":"2026-01-25T00:00:06.544107Z","level":"info","event":"\u001b[0m00:00:06  \u001b[31mFailure in model stg_data (models/stg_data.sql)\u001b[0m","logger":"airflow.task.hooks.airflow.providers.standard.hooks.subprocess.SubprocessHook","filename":"subprocess.py","lineno":99}
{"timestamp":"2026-01-25T00:00:06.544615Z","level":"info","event":"\u001b[0m00:00:06    Database Error in model stg_data (models/stg_data.sql)","logger":"airflow.task.hooks.airflow.providers.standard.hooks.subprocess.SubprocessHook","filename":"subprocess.py","lineno":99}
{"timestamp":"2026-01-25T00:00:06.544701Z","level":"info","event":"  column \"short_title\" does not exist","logger":"airflow.task.hooks.airflow.providers.standard.hooks.subprocess.SubprocessHook","filename":"subprocess.py","lineno":99}
{"timestamp":"2026-01-25T00:00:06.544754Z","level":"info","event":"  LINE 24:     short_title,","logger":"airflow.task.hooks.airflow.providers.standard.hooks.subprocess.SubprocessHook","filename":"subprocess.py","lineno":99}
{"timestamp":"2026-01-25T00:00:06.544792Z","level":"info","event":"               ^","logger":"airflow.task.hooks.airflow.providers.standard.hooks.subprocess.SubprocessHook","filename":"subprocess.py","lineno":99}
{"timestamp":"2026-01-25T00:00:06.544827Z","level":"info","event":"  compiled code at target/run/my_transformations/models/stg_data.sql","logger":"airflow.task.hooks.airflow.providers.standard.hooks.subprocess.SubprocessHook","filename":"subprocess.py","lineno":99}
{"timestamp":"2026-01-25T00:00:06.545174Z","level":"info","event":"\u001b[0m00:00:06","logger":"airflow.task.hooks.airflow.providers.standard.hooks.subprocess.SubprocessHook","filename":"subprocess.py","lineno":99}
{"timestamp":"2026-01-25T00:00:06.545509Z","level":"info","event":"\u001b[0m00:00:06    compiled code at target/compiled/my_transformations/models/stg_data.sql","logger":"airflow.task.hooks.airflow.providers.standard.hooks.subprocess.SubprocessHook","filename":"subprocess.py","lineno":99}
{"timestamp":"2026-01-25T00:00:06.545785Z","level":"info","event":"\u001b[0m00:00:06","logger":"airflow.task.hooks.airflow.providers.standard.hooks.subprocess.SubprocessHook","filename":"subprocess.py","lineno":99}
{"timestamp":"2026-01-25T00:00:06.546144Z","level":"info","event":"\u001b[0m00:00:06  Done. PASS=0 WARN=0 ERROR=1 SKIP=0 NO-OP=0 TOTAL=1","logger":"airflow.task.hooks.airflow.providers.standard.hooks.subprocess.SubprocessHook","filename":"subprocess.py","lineno":99}
{"timestamp":"2026-01-25T00:00:06.547347Z","level":"info","event":"\u001b[0m00:00:06  Resource report: {\"command_name\": \"run\", \"command_success\": false, \"command_wall_clock_time\": 2.8112137, \"process_in_blocks\": \"984\", \"process_kernel_time\": 0.553643, \"process_mem_max_rss\": \"134980\", \"process_out_blocks\": \"2840\", \"process_user_time\": 2.937999}","logger":"airflow.task.hooks.airflow.providers.standard.hooks.subprocess.SubprocessHook","filename":"subprocess.py","lineno":99}
{"timestamp":"2026-01-25T00:00:06.547925Z","level":"info","event":"\u001b[0m00:00:06  Command `dbt run` failed at 00:00:06.547574 after 2.81 seconds","logger":"airflow.task.hooks.airflow.providers.standard.hooks.subprocess.SubprocessHook","filename":"subprocess.py","lineno":99}
{"timestamp":"2026-01-25T00:00:06.548442Z","level":"info","event":"\u001b[0m00:00:06  Sending event: {'category': 'dbt', 'action': 'invocation', 'label': 'end', 'context': [<snowplow_tracker.self_describing_json.SelfDescribingJson object at 0x7080bafef410>, <snowplow_tracker.self_describing_json.SelfDescribingJson object at 0x7080b746b920>, <snowplow_tracker.self_describing_json.SelfDescribingJson object at 0x7080b392d340>]}","logger":"airflow.task.hooks.airflow.providers.standard.hooks.subprocess.SubprocessHook","filename":"subprocess.py","lineno":99}
{"timestamp":"2026-01-25T00:00:06.548903Z","level":"info","event":"\u001b[0m00:00:06  Flushing usage events","logger":"airflow.task.hooks.airflow.providers.standard.hooks.subprocess.SubprocessHook","filename":"subprocess.py","lineno":99}
{"timestamp":"2026-01-25T00:00:07.253782Z","level":"info","event":"\u001b[0m00:00:07  An error was encountered while trying to flush usage events","logger":"airflow.task.hooks.airflow.providers.standard.hooks.subprocess.SubprocessHook","filename":"subprocess.py","lineno":99}
{"timestamp":"2026-01-25T00:00:07.667828Z","level":"info","event":"Command exited with return code 1","logger":"airflow.task.hooks.airflow.providers.standard.hooks.subprocess.SubprocessHook","filename":"subprocess.py","lineno":103}
{"timestamp":"2026-01-25T00:00:07.668766Z","level":"error","event":"Task failed with exception","logger":"task","filename":"task_runner.py","lineno":986,"error_detail":[{"exc_type":"AirflowException","exc_value":"Bash command failed. The command returned a non-zero exit code 1.","exc_notes":[],"syntax_error":null,"is_cause":false,"frames":[{"filename":"/home/airflow/.local/lib/python3.12/site-packages/airflow/sdk/execution_time/task_runner.py","lineno":934,"name":"run"},{"filename":"/home/airflow/.local/lib/python3.12/site-packages/airflow/sdk/execution_time/task_runner.py","lineno":1325,"name":"_execute_task"},{"filename":"/home/airflow/.local/lib/python3.12/site-packages/airflow/sdk/bases/operator.py","lineno":417,"name":"wrapper"},{"filename":"/home/airflow/.local/lib/python3.12/site-packages/airflow/providers/standard/operators/bash.py","lineno":224,"name":"execute"}],"is_group":false,"exceptions":[]}]}
