{"timestamp":"2026-02-04T13:24:32.133998Z","level":"info","event":"DAG bundles loaded: dags-folder","logger":"airflow.dag_processing.bundles.manager.DagBundlesManager","filename":"manager.py","lineno":179}
{"timestamp":"2026-02-04T13:24:32.134627Z","level":"info","event":"Filling up the DagBag from /opt/airflow/dags/scrapy_pipeline.py","logger":"airflow.models.dagbag.DagBag","filename":"dagbag.py","lineno":593}
{"timestamp":"2026-02-04T13:24:32.264397Z","level":"info","event":"Tmp dir root location: /tmp","logger":"airflow.task.hooks.airflow.providers.standard.hooks.subprocess.SubprocessHook","filename":"subprocess.py","lineno":78}
{"timestamp":"2026-02-04T13:24:32.265431Z","level":"info","event":"Running command: ['/usr/bin/bash', '-c', 'cd /opt/airflow/project/dbt_project && dbt run --select stg_data --profiles-dir . --debug']","logger":"airflow.task.hooks.airflow.providers.standard.hooks.subprocess.SubprocessHook","filename":"subprocess.py","lineno":80}
{"timestamp":"2026-02-04T13:24:32.266298Z","level":"info","event":"Output:","logger":"airflow.task.hooks.airflow.providers.standard.hooks.subprocess.SubprocessHook","filename":"subprocess.py","lineno":92}
{"timestamp":"2026-02-04T13:24:34.418120Z","level":"info","event":"\u001b[0m13:24:34  Sending event: {'category': 'dbt', 'action': 'invocation', 'label': 'start', 'context': [<snowplow_tracker.self_describing_json.SelfDescribingJson object at 0x7429b312bcb0>, <snowplow_tracker.self_describing_json.SelfDescribingJson object at 0x7429b2c04260>, <snowplow_tracker.self_describing_json.SelfDescribingJson object at 0x7429b2aac050>]}","logger":"airflow.task.hooks.airflow.providers.standard.hooks.subprocess.SubprocessHook","filename":"subprocess.py","lineno":99}
{"timestamp":"2026-02-04T13:24:34.419363Z","level":"info","event":"\u001b[0m13:24:34  Running with dbt=1.11.2","logger":"airflow.task.hooks.airflow.providers.standard.hooks.subprocess.SubprocessHook","filename":"subprocess.py","lineno":99}
{"timestamp":"2026-02-04T13:24:34.419876Z","level":"info","event":"\u001b[0m13:24:34  running dbt with arguments {'use_colors': 'True', 'send_anonymous_usage_stats': 'True', 'empty': 'False', 'version_check': 'True', 'write_json': 'True', 'no_print': 'None', 'printer_width': '80', 'log_cache_events': 'False', 'warn_error_options': 'WarnErrorOptionsV2(error=[], warn=[], silence=[])', 'warn_error': 'None', 'profiles_dir': '.', 'invocation_command': 'dbt run --select stg_data --profiles-dir . --debug', 'log_path': '/opt/airflow/project/dbt_project/logs', 'use_experimental_parser': 'False', 'debug': 'True', 'quiet': 'False', 'static_parser': 'True', 'target_path': 'None', 'log_format': 'default', 'partial_parse': 'True', 'introspect': 'True', 'cache_selected_only': 'False', 'indirect_selection': 'eager', 'fail_fast': 'False'}","logger":"airflow.task.hooks.airflow.providers.standard.hooks.subprocess.SubprocessHook","filename":"subprocess.py","lineno":99}
{"timestamp":"2026-02-04T13:24:34.697890Z","level":"info","event":"\u001b[0m13:24:34  Sending event: {'category': 'dbt', 'action': 'project_id', 'label': '42d46b13-49f3-4a00-9107-ddc46251b94c', 'context': [<snowplow_tracker.self_describing_json.SelfDescribingJson object at 0x7429b1592ea0>]}","logger":"airflow.task.hooks.airflow.providers.standard.hooks.subprocess.SubprocessHook","filename":"subprocess.py","lineno":99}
{"timestamp":"2026-02-04T13:24:34.765891Z","level":"info","event":"\u001b[0m13:24:34  Sending event: {'category': 'dbt', 'action': 'adapter_info', 'label': '42d46b13-49f3-4a00-9107-ddc46251b94c', 'context': [<snowplow_tracker.self_describing_json.SelfDescribingJson object at 0x7429b30f9070>]}","logger":"airflow.task.hooks.airflow.providers.standard.hooks.subprocess.SubprocessHook","filename":"subprocess.py","lineno":99}
{"timestamp":"2026-02-04T13:24:34.776302Z","level":"info","event":"\u001b[0m13:24:34  Registered adapter: postgres=1.10.0","logger":"airflow.task.hooks.airflow.providers.standard.hooks.subprocess.SubprocessHook","filename":"subprocess.py","lineno":99}
{"timestamp":"2026-02-04T13:24:34.902559Z","level":"info","event":"\u001b[0m13:24:34  checksum: 3d40d8bbe1bef07db1c24822f2dbfff8bc07f2a48ed4fe2658a40653aec0b54b, vars: {}, profile: , target: , version: 1.11.2","logger":"airflow.task.hooks.airflow.providers.standard.hooks.subprocess.SubprocessHook","filename":"subprocess.py","lineno":99}
{"timestamp":"2026-02-04T13:24:35.083672Z","level":"info","event":"\u001b[0m13:24:35  Partial parsing enabled: 0 files deleted, 0 files added, 0 files changed.","logger":"airflow.task.hooks.airflow.providers.standard.hooks.subprocess.SubprocessHook","filename":"subprocess.py","lineno":99}
{"timestamp":"2026-02-04T13:24:35.084132Z","level":"info","event":"\u001b[0m13:24:35  Nothing changed, skipping partial parsing.","logger":"airflow.task.hooks.airflow.providers.standard.hooks.subprocess.SubprocessHook","filename":"subprocess.py","lineno":99}
{"timestamp":"2026-02-04T13:24:35.084431Z","level":"info","event":"\u001b[0m13:24:35  Partial parsing enabled, no changes found, skipping parsing","logger":"airflow.task.hooks.airflow.providers.standard.hooks.subprocess.SubprocessHook","filename":"subprocess.py","lineno":99}
{"timestamp":"2026-02-04T13:24:35.137881Z","level":"info","event":"\u001b[0m13:24:35  Sending event: {'category': 'dbt', 'action': 'load_project', 'label': '42d46b13-49f3-4a00-9107-ddc46251b94c', 'context': [<snowplow_tracker.self_describing_json.SelfDescribingJson object at 0x7429b1593d40>]}","logger":"airflow.task.hooks.airflow.providers.standard.hooks.subprocess.SubprocessHook","filename":"subprocess.py","lineno":99}
{"timestamp":"2026-02-04T13:24:35.225456Z","level":"info","event":"\u001b[0m13:24:35  Wrote artifact WritableManifest to /opt/airflow/project/dbt_project/target/manifest.json","logger":"airflow.task.hooks.airflow.providers.standard.hooks.subprocess.SubprocessHook","filename":"subprocess.py","lineno":99}
{"timestamp":"2026-02-04T13:24:35.235458Z","level":"info","event":"\u001b[0m13:24:35  Wrote artifact SemanticManifest to /opt/airflow/project/dbt_project/target/semantic_manifest.json","logger":"airflow.task.hooks.airflow.providers.standard.hooks.subprocess.SubprocessHook","filename":"subprocess.py","lineno":99}
{"timestamp":"2026-02-04T13:24:35.261809Z","level":"info","event":"\u001b[0m13:24:35  Sending event: {'category': 'dbt', 'action': 'resource_counts', 'label': '42d46b13-49f3-4a00-9107-ddc46251b94c', 'context': [<snowplow_tracker.self_describing_json.SelfDescribingJson object at 0x7429b012e600>]}","logger":"airflow.task.hooks.airflow.providers.standard.hooks.subprocess.SubprocessHook","filename":"subprocess.py","lineno":99}
{"timestamp":"2026-02-04T13:24:35.262422Z","level":"info","event":"\u001b[0m13:24:35  Found 3 models, 1 seed, 5 data tests, 1 source, 464 macros","logger":"airflow.task.hooks.airflow.providers.standard.hooks.subprocess.SubprocessHook","filename":"subprocess.py","lineno":99}
{"timestamp":"2026-02-04T13:24:35.262727Z","level":"info","event":"\u001b[0m13:24:35  Sending event: {'category': 'dbt', 'action': 'runnable_timing', 'label': '42d46b13-49f3-4a00-9107-ddc46251b94c', 'context': [<snowplow_tracker.self_describing_json.SelfDescribingJson object at 0x7429b118dca0>]}","logger":"airflow.task.hooks.airflow.providers.standard.hooks.subprocess.SubprocessHook","filename":"subprocess.py","lineno":99}
{"timestamp":"2026-02-04T13:24:35.264299Z","level":"info","event":"\u001b[0m13:24:35","logger":"airflow.task.hooks.airflow.providers.standard.hooks.subprocess.SubprocessHook","filename":"subprocess.py","lineno":99}
{"timestamp":"2026-02-04T13:24:35.264753Z","level":"info","event":"\u001b[0m13:24:35  Concurrency: 1 threads (target='dev')","logger":"airflow.task.hooks.airflow.providers.standard.hooks.subprocess.SubprocessHook","filename":"subprocess.py","lineno":99}
{"timestamp":"2026-02-04T13:24:35.265056Z","level":"info","event":"\u001b[0m13:24:35","logger":"airflow.task.hooks.airflow.providers.standard.hooks.subprocess.SubprocessHook","filename":"subprocess.py","lineno":99}
{"timestamp":"2026-02-04T13:24:35.265649Z","level":"info","event":"\u001b[0m13:24:35  Acquiring new postgres connection 'master'","logger":"airflow.task.hooks.airflow.providers.standard.hooks.subprocess.SubprocessHook","filename":"subprocess.py","lineno":99}
{"timestamp":"2026-02-04T13:24:35.266866Z","level":"info","event":"\u001b[0m13:24:35  Acquiring new postgres connection 'list_scrapy_data'","logger":"airflow.task.hooks.airflow.providers.standard.hooks.subprocess.SubprocessHook","filename":"subprocess.py","lineno":99}
{"timestamp":"2026-02-04T13:24:35.314352Z","level":"info","event":"\u001b[0m13:24:35  Using postgres connection \"list_scrapy_data\"","logger":"airflow.task.hooks.airflow.providers.standard.hooks.subprocess.SubprocessHook","filename":"subprocess.py","lineno":99}
{"timestamp":"2026-02-04T13:24:35.314884Z","level":"info","event":"\u001b[0m13:24:35  On list_scrapy_data: /* {\"app\": \"dbt\", \"dbt_version\": \"1.11.2\", \"profile_name\": \"my_transformations\", \"target_name\": \"dev\", \"connection_name\": \"list_scrapy_data\"} */","logger":"airflow.task.hooks.airflow.providers.standard.hooks.subprocess.SubprocessHook","filename":"subprocess.py","lineno":99}
{"timestamp":"2026-02-04T13:24:35.314972Z","level":"info","event":"","logger":"airflow.task.hooks.airflow.providers.standard.hooks.subprocess.SubprocessHook","filename":"subprocess.py","lineno":99}
{"timestamp":"2026-02-04T13:24:35.315023Z","level":"info","event":"    select distinct nspname from pg_namespace","logger":"airflow.task.hooks.airflow.providers.standard.hooks.subprocess.SubprocessHook","filename":"subprocess.py","lineno":99}
{"timestamp":"2026-02-04T13:24:35.315059Z","level":"info","event":"","logger":"airflow.task.hooks.airflow.providers.standard.hooks.subprocess.SubprocessHook","filename":"subprocess.py","lineno":99}
{"timestamp":"2026-02-04T13:24:35.315303Z","level":"info","event":"\u001b[0m13:24:35  Opening a new connection, currently in state init","logger":"airflow.task.hooks.airflow.providers.standard.hooks.subprocess.SubprocessHook","filename":"subprocess.py","lineno":99}
{"timestamp":"2026-02-04T13:24:35.331981Z","level":"info","event":"\u001b[0m13:24:35  SQL status: SELECT 5 in 0.016 seconds","logger":"airflow.task.hooks.airflow.providers.standard.hooks.subprocess.SubprocessHook","filename":"subprocess.py","lineno":99}
{"timestamp":"2026-02-04T13:24:35.333562Z","level":"info","event":"\u001b[0m13:24:35  On list_scrapy_data: Close","logger":"airflow.task.hooks.airflow.providers.standard.hooks.subprocess.SubprocessHook","filename":"subprocess.py","lineno":99}
{"timestamp":"2026-02-04T13:24:35.337932Z","level":"info","event":"\u001b[0m13:24:35  Re-using an available connection from the pool (formerly list_scrapy_data, now list_scrapy_data_my_dbt_schema)","logger":"airflow.task.hooks.airflow.providers.standard.hooks.subprocess.SubprocessHook","filename":"subprocess.py","lineno":99}
{"timestamp":"2026-02-04T13:24:35.343842Z","level":"info","event":"\u001b[0m13:24:35  Using postgres connection \"list_scrapy_data_my_dbt_schema\"","logger":"airflow.task.hooks.airflow.providers.standard.hooks.subprocess.SubprocessHook","filename":"subprocess.py","lineno":99}
{"timestamp":"2026-02-04T13:24:35.344296Z","level":"info","event":"\u001b[0m13:24:35  On list_scrapy_data_my_dbt_schema: /* {\"app\": \"dbt\", \"dbt_version\": \"1.11.2\", \"profile_name\": \"my_transformations\", \"target_name\": \"dev\", \"connection_name\": \"list_scrapy_data_my_dbt_schema\"} */","logger":"airflow.task.hooks.airflow.providers.standard.hooks.subprocess.SubprocessHook","filename":"subprocess.py","lineno":99}
{"timestamp":"2026-02-04T13:24:35.344402Z","level":"info","event":"select","logger":"airflow.task.hooks.airflow.providers.standard.hooks.subprocess.SubprocessHook","filename":"subprocess.py","lineno":99}
{"timestamp":"2026-02-04T13:24:35.344493Z","level":"info","event":"      'scrapy_data' as database,","logger":"airflow.task.hooks.airflow.providers.standard.hooks.subprocess.SubprocessHook","filename":"subprocess.py","lineno":99}
{"timestamp":"2026-02-04T13:24:35.344538Z","level":"info","event":"      tablename as name,","logger":"airflow.task.hooks.airflow.providers.standard.hooks.subprocess.SubprocessHook","filename":"subprocess.py","lineno":99}
{"timestamp":"2026-02-04T13:24:35.344582Z","level":"info","event":"      schemaname as schema,","logger":"airflow.task.hooks.airflow.providers.standard.hooks.subprocess.SubprocessHook","filename":"subprocess.py","lineno":99}
{"timestamp":"2026-02-04T13:24:35.344616Z","level":"info","event":"      'table' as type","logger":"airflow.task.hooks.airflow.providers.standard.hooks.subprocess.SubprocessHook","filename":"subprocess.py","lineno":99}
{"timestamp":"2026-02-04T13:24:35.344649Z","level":"info","event":"    from pg_tables","logger":"airflow.task.hooks.airflow.providers.standard.hooks.subprocess.SubprocessHook","filename":"subprocess.py","lineno":99}
{"timestamp":"2026-02-04T13:24:35.344682Z","level":"info","event":"    where schemaname ilike 'my_dbt_schema'","logger":"airflow.task.hooks.airflow.providers.standard.hooks.subprocess.SubprocessHook","filename":"subprocess.py","lineno":99}
{"timestamp":"2026-02-04T13:24:35.344715Z","level":"info","event":"    union all","logger":"airflow.task.hooks.airflow.providers.standard.hooks.subprocess.SubprocessHook","filename":"subprocess.py","lineno":99}
{"timestamp":"2026-02-04T13:24:35.344746Z","level":"info","event":"    select","logger":"airflow.task.hooks.airflow.providers.standard.hooks.subprocess.SubprocessHook","filename":"subprocess.py","lineno":99}
{"timestamp":"2026-02-04T13:24:35.344777Z","level":"info","event":"      'scrapy_data' as database,","logger":"airflow.task.hooks.airflow.providers.standard.hooks.subprocess.SubprocessHook","filename":"subprocess.py","lineno":99}
{"timestamp":"2026-02-04T13:24:35.344808Z","level":"info","event":"      viewname as name,","logger":"airflow.task.hooks.airflow.providers.standard.hooks.subprocess.SubprocessHook","filename":"subprocess.py","lineno":99}
{"timestamp":"2026-02-04T13:24:35.344838Z","level":"info","event":"      schemaname as schema,","logger":"airflow.task.hooks.airflow.providers.standard.hooks.subprocess.SubprocessHook","filename":"subprocess.py","lineno":99}
{"timestamp":"2026-02-04T13:24:35.344870Z","level":"info","event":"      'view' as type","logger":"airflow.task.hooks.airflow.providers.standard.hooks.subprocess.SubprocessHook","filename":"subprocess.py","lineno":99}
{"timestamp":"2026-02-04T13:24:35.344903Z","level":"info","event":"    from pg_views","logger":"airflow.task.hooks.airflow.providers.standard.hooks.subprocess.SubprocessHook","filename":"subprocess.py","lineno":99}
{"timestamp":"2026-02-04T13:24:35.344934Z","level":"info","event":"    where schemaname ilike 'my_dbt_schema'","logger":"airflow.task.hooks.airflow.providers.standard.hooks.subprocess.SubprocessHook","filename":"subprocess.py","lineno":99}
{"timestamp":"2026-02-04T13:24:35.344966Z","level":"info","event":"    union all","logger":"airflow.task.hooks.airflow.providers.standard.hooks.subprocess.SubprocessHook","filename":"subprocess.py","lineno":99}
{"timestamp":"2026-02-04T13:24:35.344996Z","level":"info","event":"    select","logger":"airflow.task.hooks.airflow.providers.standard.hooks.subprocess.SubprocessHook","filename":"subprocess.py","lineno":99}
{"timestamp":"2026-02-04T13:24:35.345035Z","level":"info","event":"      'scrapy_data' as database,","logger":"airflow.task.hooks.airflow.providers.standard.hooks.subprocess.SubprocessHook","filename":"subprocess.py","lineno":99}
{"timestamp":"2026-02-04T13:24:35.345069Z","level":"info","event":"      matviewname as name,","logger":"airflow.task.hooks.airflow.providers.standard.hooks.subprocess.SubprocessHook","filename":"subprocess.py","lineno":99}
{"timestamp":"2026-02-04T13:24:35.345101Z","level":"info","event":"      schemaname as schema,","logger":"airflow.task.hooks.airflow.providers.standard.hooks.subprocess.SubprocessHook","filename":"subprocess.py","lineno":99}
{"timestamp":"2026-02-04T13:24:35.345131Z","level":"info","event":"      'materialized_view' as type","logger":"airflow.task.hooks.airflow.providers.standard.hooks.subprocess.SubprocessHook","filename":"subprocess.py","lineno":99}
{"timestamp":"2026-02-04T13:24:35.345161Z","level":"info","event":"    from pg_matviews","logger":"airflow.task.hooks.airflow.providers.standard.hooks.subprocess.SubprocessHook","filename":"subprocess.py","lineno":99}
{"timestamp":"2026-02-04T13:24:35.345191Z","level":"info","event":"    where schemaname ilike 'my_dbt_schema'","logger":"airflow.task.hooks.airflow.providers.standard.hooks.subprocess.SubprocessHook","filename":"subprocess.py","lineno":99}
{"timestamp":"2026-02-04T13:24:35.345221Z","level":"info","event":"","logger":"airflow.task.hooks.airflow.providers.standard.hooks.subprocess.SubprocessHook","filename":"subprocess.py","lineno":99}
{"timestamp":"2026-02-04T13:24:35.345251Z","level":"info","event":"\u001b[0m13:24:35  Opening a new connection, currently in state closed","logger":"airflow.task.hooks.airflow.providers.standard.hooks.subprocess.SubprocessHook","filename":"subprocess.py","lineno":99}
{"timestamp":"2026-02-04T13:24:35.360909Z","level":"info","event":"\u001b[0m13:24:35  SQL status: SELECT 3 in 0.016 seconds","logger":"airflow.task.hooks.airflow.providers.standard.hooks.subprocess.SubprocessHook","filename":"subprocess.py","lineno":99}
{"timestamp":"2026-02-04T13:24:35.362423Z","level":"info","event":"\u001b[0m13:24:35  On list_scrapy_data_my_dbt_schema: ROLLBACK","logger":"airflow.task.hooks.airflow.providers.standard.hooks.subprocess.SubprocessHook","filename":"subprocess.py","lineno":99}
{"timestamp":"2026-02-04T13:24:35.363030Z","level":"info","event":"\u001b[0m13:24:35  On list_scrapy_data_my_dbt_schema: Close","logger":"airflow.task.hooks.airflow.providers.standard.hooks.subprocess.SubprocessHook","filename":"subprocess.py","lineno":99}
{"timestamp":"2026-02-04T13:24:35.367916Z","level":"info","event":"\u001b[0m13:24:35  Using postgres connection \"master\"","logger":"airflow.task.hooks.airflow.providers.standard.hooks.subprocess.SubprocessHook","filename":"subprocess.py","lineno":99}
{"timestamp":"2026-02-04T13:24:35.368486Z","level":"info","event":"\u001b[0m13:24:35  On master: /* {\"app\": \"dbt\", \"dbt_version\": \"1.11.2\", \"profile_name\": \"my_transformations\", \"target_name\": \"dev\", \"connection_name\": \"master\"} */","logger":"airflow.task.hooks.airflow.providers.standard.hooks.subprocess.SubprocessHook","filename":"subprocess.py","lineno":99}
{"timestamp":"2026-02-04T13:24:35.368593Z","level":"info","event":"select distinct","logger":"airflow.task.hooks.airflow.providers.standard.hooks.subprocess.SubprocessHook","filename":"subprocess.py","lineno":99}
{"timestamp":"2026-02-04T13:24:35.368654Z","level":"info","event":"        dependent_namespace.nspname as dependent_schema,","logger":"airflow.task.hooks.airflow.providers.standard.hooks.subprocess.SubprocessHook","filename":"subprocess.py","lineno":99}
{"timestamp":"2026-02-04T13:24:35.368694Z","level":"info","event":"        dependent_class.relname as dependent_name,","logger":"airflow.task.hooks.airflow.providers.standard.hooks.subprocess.SubprocessHook","filename":"subprocess.py","lineno":99}
{"timestamp":"2026-02-04T13:24:35.368730Z","level":"info","event":"        referenced_namespace.nspname as referenced_schema,","logger":"airflow.task.hooks.airflow.providers.standard.hooks.subprocess.SubprocessHook","filename":"subprocess.py","lineno":99}
{"timestamp":"2026-02-04T13:24:35.368763Z","level":"info","event":"        referenced_class.relname as referenced_name","logger":"airflow.task.hooks.airflow.providers.standard.hooks.subprocess.SubprocessHook","filename":"subprocess.py","lineno":99}
{"timestamp":"2026-02-04T13:24:35.368795Z","level":"info","event":"","logger":"airflow.task.hooks.airflow.providers.standard.hooks.subprocess.SubprocessHook","filename":"subprocess.py","lineno":99}
{"timestamp":"2026-02-04T13:24:35.368829Z","level":"info","event":"    -- Query for views: views are entries in pg_class with an entry in pg_rewrite, but we avoid","logger":"airflow.task.hooks.airflow.providers.standard.hooks.subprocess.SubprocessHook","filename":"subprocess.py","lineno":99}
{"timestamp":"2026-02-04T13:24:35.368862Z","level":"info","event":"    -- a seq scan on pg_rewrite by leveraging the fact there is an \"internal\" row in pg_depend for","logger":"airflow.task.hooks.airflow.providers.standard.hooks.subprocess.SubprocessHook","filename":"subprocess.py","lineno":99}
{"timestamp":"2026-02-04T13:24:35.368894Z","level":"info","event":"    -- the view...","logger":"airflow.task.hooks.airflow.providers.standard.hooks.subprocess.SubprocessHook","filename":"subprocess.py","lineno":99}
{"timestamp":"2026-02-04T13:24:35.368927Z","level":"info","event":"    from pg_class as dependent_class","logger":"airflow.task.hooks.airflow.providers.standard.hooks.subprocess.SubprocessHook","filename":"subprocess.py","lineno":99}
{"timestamp":"2026-02-04T13:24:35.368958Z","level":"info","event":"    join pg_namespace as dependent_namespace on dependent_namespace.oid = dependent_class.relnamespace","logger":"airflow.task.hooks.airflow.providers.standard.hooks.subprocess.SubprocessHook","filename":"subprocess.py","lineno":99}
{"timestamp":"2026-02-04T13:24:35.368989Z","level":"info","event":"    join pg_depend as dependent_depend on dependent_depend.refobjid = dependent_class.oid","logger":"airflow.task.hooks.airflow.providers.standard.hooks.subprocess.SubprocessHook","filename":"subprocess.py","lineno":99}
{"timestamp":"2026-02-04T13:24:35.369019Z","level":"info","event":"        and dependent_depend.classid = 'pg_rewrite'::regclass","logger":"airflow.task.hooks.airflow.providers.standard.hooks.subprocess.SubprocessHook","filename":"subprocess.py","lineno":99}
{"timestamp":"2026-02-04T13:24:35.369049Z","level":"info","event":"        and dependent_depend.refclassid = 'pg_class'::regclass","logger":"airflow.task.hooks.airflow.providers.standard.hooks.subprocess.SubprocessHook","filename":"subprocess.py","lineno":99}
{"timestamp":"2026-02-04T13:24:35.369079Z","level":"info","event":"        and dependent_depend.deptype = 'i'","logger":"airflow.task.hooks.airflow.providers.standard.hooks.subprocess.SubprocessHook","filename":"subprocess.py","lineno":99}
{"timestamp":"2026-02-04T13:24:35.369109Z","level":"info","event":"","logger":"airflow.task.hooks.airflow.providers.standard.hooks.subprocess.SubprocessHook","filename":"subprocess.py","lineno":99}
{"timestamp":"2026-02-04T13:24:35.369138Z","level":"info","event":"    -- ... and via pg_depend (that has a row per column, hence the need for \"distinct\" above, and","logger":"airflow.task.hooks.airflow.providers.standard.hooks.subprocess.SubprocessHook","filename":"subprocess.py","lineno":99}
{"timestamp":"2026-02-04T13:24:35.369216Z","level":"info","event":"    -- making sure to exclude the internal row to avoid a view appearing to depend on itself)...","logger":"airflow.task.hooks.airflow.providers.standard.hooks.subprocess.SubprocessHook","filename":"subprocess.py","lineno":99}
{"timestamp":"2026-02-04T13:24:35.369254Z","level":"info","event":"    join pg_depend as joining_depend on joining_depend.objid = dependent_depend.objid","logger":"airflow.task.hooks.airflow.providers.standard.hooks.subprocess.SubprocessHook","filename":"subprocess.py","lineno":99}
{"timestamp":"2026-02-04T13:24:35.369458Z","level":"info","event":"        and joining_depend.classid = 'pg_rewrite'::regclass","logger":"airflow.task.hooks.airflow.providers.standard.hooks.subprocess.SubprocessHook","filename":"subprocess.py","lineno":99}
{"timestamp":"2026-02-04T13:24:35.369498Z","level":"info","event":"        and joining_depend.refclassid = 'pg_class'::regclass","logger":"airflow.task.hooks.airflow.providers.standard.hooks.subprocess.SubprocessHook","filename":"subprocess.py","lineno":99}
{"timestamp":"2026-02-04T13:24:35.369526Z","level":"info","event":"        and joining_depend.refobjid != dependent_depend.refobjid","logger":"airflow.task.hooks.airflow.providers.standard.hooks.subprocess.SubprocessHook","filename":"subprocess.py","lineno":99}
{"timestamp":"2026-02-04T13:24:35.369552Z","level":"info","event":"","logger":"airflow.task.hooks.airflow.providers.standard.hooks.subprocess.SubprocessHook","filename":"subprocess.py","lineno":99}
{"timestamp":"2026-02-04T13:24:35.369604Z","level":"info","event":"    -- ... we can find the tables they query from in pg_class, but excluding system tables. Note we","logger":"airflow.task.hooks.airflow.providers.standard.hooks.subprocess.SubprocessHook","filename":"subprocess.py","lineno":99}
{"timestamp":"2026-02-04T13:24:35.369633Z","level":"info","event":"    -- don't need need to exclude _dependent_ system tables, because they only query from other","logger":"airflow.task.hooks.airflow.providers.standard.hooks.subprocess.SubprocessHook","filename":"subprocess.py","lineno":99}
{"timestamp":"2026-02-04T13:24:35.369659Z","level":"info","event":"    -- system tables, and so are automatically excluded by excluding _referenced_ system tables","logger":"airflow.task.hooks.airflow.providers.standard.hooks.subprocess.SubprocessHook","filename":"subprocess.py","lineno":99}
{"timestamp":"2026-02-04T13:24:35.369685Z","level":"info","event":"    join pg_class as referenced_class on referenced_class.oid = joining_depend.refobjid","logger":"airflow.task.hooks.airflow.providers.standard.hooks.subprocess.SubprocessHook","filename":"subprocess.py","lineno":99}
{"timestamp":"2026-02-04T13:24:35.369710Z","level":"info","event":"    join pg_namespace as referenced_namespace on referenced_namespace.oid = referenced_class.relnamespace","logger":"airflow.task.hooks.airflow.providers.standard.hooks.subprocess.SubprocessHook","filename":"subprocess.py","lineno":99}
{"timestamp":"2026-02-04T13:24:35.369756Z","level":"info","event":"        and referenced_namespace.nspname != 'information_schema'","logger":"airflow.task.hooks.airflow.providers.standard.hooks.subprocess.SubprocessHook","filename":"subprocess.py","lineno":99}
{"timestamp":"2026-02-04T13:24:35.369786Z","level":"info","event":"        and referenced_namespace.nspname not like 'pg\\_%'","logger":"airflow.task.hooks.airflow.providers.standard.hooks.subprocess.SubprocessHook","filename":"subprocess.py","lineno":99}
{"timestamp":"2026-02-04T13:24:35.369811Z","level":"info","event":"","logger":"airflow.task.hooks.airflow.providers.standard.hooks.subprocess.SubprocessHook","filename":"subprocess.py","lineno":99}
{"timestamp":"2026-02-04T13:24:35.369837Z","level":"info","event":"    order by","logger":"airflow.task.hooks.airflow.providers.standard.hooks.subprocess.SubprocessHook","filename":"subprocess.py","lineno":99}
{"timestamp":"2026-02-04T13:24:35.369885Z","level":"info","event":"        dependent_schema, dependent_name, referenced_schema, referenced_name;","logger":"airflow.task.hooks.airflow.providers.standard.hooks.subprocess.SubprocessHook","filename":"subprocess.py","lineno":99}
{"timestamp":"2026-02-04T13:24:35.369918Z","level":"info","event":"\u001b[0m13:24:35  Opening a new connection, currently in state init","logger":"airflow.task.hooks.airflow.providers.standard.hooks.subprocess.SubprocessHook","filename":"subprocess.py","lineno":99}
{"timestamp":"2026-02-04T13:24:35.385168Z","level":"info","event":"\u001b[0m13:24:35  SQL status: SELECT 0 in 0.016 seconds","logger":"airflow.task.hooks.airflow.providers.standard.hooks.subprocess.SubprocessHook","filename":"subprocess.py","lineno":99}
{"timestamp":"2026-02-04T13:24:35.386457Z","level":"info","event":"\u001b[0m13:24:35  Sending event: {'category': 'dbt', 'action': 'runnable_timing', 'label': '42d46b13-49f3-4a00-9107-ddc46251b94c', 'context': [<snowplow_tracker.self_describing_json.SelfDescribingJson object at 0x7429b0de5490>]}","logger":"airflow.task.hooks.airflow.providers.standard.hooks.subprocess.SubprocessHook","filename":"subprocess.py","lineno":99}
{"timestamp":"2026-02-04T13:24:35.387000Z","level":"info","event":"\u001b[0m13:24:35  On master: ROLLBACK","logger":"airflow.task.hooks.airflow.providers.standard.hooks.subprocess.SubprocessHook","filename":"subprocess.py","lineno":99}
{"timestamp":"2026-02-04T13:24:35.387516Z","level":"info","event":"\u001b[0m13:24:35  On master: COMMIT","logger":"airflow.task.hooks.airflow.providers.standard.hooks.subprocess.SubprocessHook","filename":"subprocess.py","lineno":99}
{"timestamp":"2026-02-04T13:24:35.387916Z","level":"info","event":"\u001b[0m13:24:35  Using postgres connection \"master\"","logger":"airflow.task.hooks.airflow.providers.standard.hooks.subprocess.SubprocessHook","filename":"subprocess.py","lineno":99}
{"timestamp":"2026-02-04T13:24:35.388322Z","level":"info","event":"\u001b[0m13:24:35  On master: COMMIT","logger":"airflow.task.hooks.airflow.providers.standard.hooks.subprocess.SubprocessHook","filename":"subprocess.py","lineno":99}
{"timestamp":"2026-02-04T13:24:35.388929Z","level":"info","event":"\u001b[0m13:24:35  SQL status: COMMIT in 0.000 seconds","logger":"airflow.task.hooks.airflow.providers.standard.hooks.subprocess.SubprocessHook","filename":"subprocess.py","lineno":99}
{"timestamp":"2026-02-04T13:24:35.389342Z","level":"info","event":"\u001b[0m13:24:35  On master: Close","logger":"airflow.task.hooks.airflow.providers.standard.hooks.subprocess.SubprocessHook","filename":"subprocess.py","lineno":99}
{"timestamp":"2026-02-04T13:24:35.392797Z","level":"info","event":"\u001b[0m13:24:35  Began running node model.my_transformations.stg_data","logger":"airflow.task.hooks.airflow.providers.standard.hooks.subprocess.SubprocessHook","filename":"subprocess.py","lineno":99}
{"timestamp":"2026-02-04T13:24:35.393349Z","level":"info","event":"\u001b[0m13:24:35  1 of 1 START sql table model my_dbt_schema.stg_data ............................ [RUN]","logger":"airflow.task.hooks.airflow.providers.standard.hooks.subprocess.SubprocessHook","filename":"subprocess.py","lineno":99}
{"timestamp":"2026-02-04T13:24:35.393845Z","level":"info","event":"\u001b[0m13:24:35  Re-using an available connection from the pool (formerly list_scrapy_data_my_dbt_schema, now model.my_transformations.stg_data)","logger":"airflow.task.hooks.airflow.providers.standard.hooks.subprocess.SubprocessHook","filename":"subprocess.py","lineno":99}
{"timestamp":"2026-02-04T13:24:35.394307Z","level":"info","event":"\u001b[0m13:24:35  Began compiling node model.my_transformations.stg_data","logger":"airflow.task.hooks.airflow.providers.standard.hooks.subprocess.SubprocessHook","filename":"subprocess.py","lineno":99}
{"timestamp":"2026-02-04T13:24:35.404077Z","level":"info","event":"\u001b[0m13:24:35  Writing injected SQL for node \"model.my_transformations.stg_data\"","logger":"airflow.task.hooks.airflow.providers.standard.hooks.subprocess.SubprocessHook","filename":"subprocess.py","lineno":99}
{"timestamp":"2026-02-04T13:24:35.404821Z","level":"info","event":"\u001b[0m13:24:35  Began executing node model.my_transformations.stg_data","logger":"airflow.task.hooks.airflow.providers.standard.hooks.subprocess.SubprocessHook","filename":"subprocess.py","lineno":99}
{"timestamp":"2026-02-04T13:24:35.441382Z","level":"info","event":"\u001b[0m13:24:35  Writing runtime sql for node \"model.my_transformations.stg_data\"","logger":"airflow.task.hooks.airflow.providers.standard.hooks.subprocess.SubprocessHook","filename":"subprocess.py","lineno":99}
{"timestamp":"2026-02-04T13:24:35.442274Z","level":"info","event":"\u001b[0m13:24:35  Using postgres connection \"model.my_transformations.stg_data\"","logger":"airflow.task.hooks.airflow.providers.standard.hooks.subprocess.SubprocessHook","filename":"subprocess.py","lineno":99}
{"timestamp":"2026-02-04T13:24:35.442739Z","level":"info","event":"\u001b[0m13:24:35  On model.my_transformations.stg_data: /* {\"app\": \"dbt\", \"dbt_version\": \"1.11.2\", \"profile_name\": \"my_transformations\", \"target_name\": \"dev\", \"node_id\": \"model.my_transformations.stg_data\"} */","logger":"airflow.task.hooks.airflow.providers.standard.hooks.subprocess.SubprocessHook","filename":"subprocess.py","lineno":99}
{"timestamp":"2026-02-04T13:24:35.442815Z","level":"info","event":"","logger":"airflow.task.hooks.airflow.providers.standard.hooks.subprocess.SubprocessHook","filename":"subprocess.py","lineno":99}
{"timestamp":"2026-02-04T13:24:35.442864Z","level":"info","event":"","logger":"airflow.task.hooks.airflow.providers.standard.hooks.subprocess.SubprocessHook","filename":"subprocess.py","lineno":99}
{"timestamp":"2026-02-04T13:24:35.442899Z","level":"info","event":"","logger":"airflow.task.hooks.airflow.providers.standard.hooks.subprocess.SubprocessHook","filename":"subprocess.py","lineno":99}
{"timestamp":"2026-02-04T13:24:35.442928Z","level":"info","event":"","logger":"airflow.task.hooks.airflow.providers.standard.hooks.subprocess.SubprocessHook","filename":"subprocess.py","lineno":99}
{"timestamp":"2026-02-04T13:24:35.442956Z","level":"info","event":"  create  table \"scrapy_data\".\"my_dbt_schema\".\"stg_data__dbt_tmp\"","logger":"airflow.task.hooks.airflow.providers.standard.hooks.subprocess.SubprocessHook","filename":"subprocess.py","lineno":99}
{"timestamp":"2026-02-04T13:24:35.442984Z","level":"info","event":"","logger":"airflow.task.hooks.airflow.providers.standard.hooks.subprocess.SubprocessHook","filename":"subprocess.py","lineno":99}
{"timestamp":"2026-02-04T13:24:35.443009Z","level":"info","event":"","logger":"airflow.task.hooks.airflow.providers.standard.hooks.subprocess.SubprocessHook","filename":"subprocess.py","lineno":99}
{"timestamp":"2026-02-04T13:24:35.443035Z","level":"info","event":"    as","logger":"airflow.task.hooks.airflow.providers.standard.hooks.subprocess.SubprocessHook","filename":"subprocess.py","lineno":99}
{"timestamp":"2026-02-04T13:24:35.443061Z","level":"info","event":"","logger":"airflow.task.hooks.airflow.providers.standard.hooks.subprocess.SubprocessHook","filename":"subprocess.py","lineno":99}
{"timestamp":"2026-02-04T13:24:35.443086Z","level":"info","event":"  (","logger":"airflow.task.hooks.airflow.providers.standard.hooks.subprocess.SubprocessHook","filename":"subprocess.py","lineno":99}
{"timestamp":"2026-02-04T13:24:35.443111Z","level":"info","event":"    WITH data_to_stg AS (","logger":"airflow.task.hooks.airflow.providers.standard.hooks.subprocess.SubprocessHook","filename":"subprocess.py","lineno":99}
{"timestamp":"2026-02-04T13:24:35.443136Z","level":"info","event":"","logger":"airflow.task.hooks.airflow.providers.standard.hooks.subprocess.SubprocessHook","filename":"subprocess.py","lineno":99}
{"timestamp":"2026-02-04T13:24:35.443160Z","level":"info","event":"        SELECT","logger":"airflow.task.hooks.airflow.providers.standard.hooks.subprocess.SubprocessHook","filename":"subprocess.py","lineno":99}
{"timestamp":"2026-02-04T13:24:35.443184Z","level":"info","event":"            *,","logger":"airflow.task.hooks.airflow.providers.standard.hooks.subprocess.SubprocessHook","filename":"subprocess.py","lineno":99}
{"timestamp":"2026-02-04T13:24:35.443207Z","level":"info","event":"            ROW_NUMBER() OVER (","logger":"airflow.task.hooks.airflow.providers.standard.hooks.subprocess.SubprocessHook","filename":"subprocess.py","lineno":99}
{"timestamp":"2026-02-04T13:24:35.443231Z","level":"info","event":"                PARTITION BY full_title, memory, storage, color, site_name","logger":"airflow.task.hooks.airflow.providers.standard.hooks.subprocess.SubprocessHook","filename":"subprocess.py","lineno":99}
{"timestamp":"2026-02-04T13:24:35.443256Z","level":"info","event":"                ORDER BY scraped_at DESC","logger":"airflow.task.hooks.airflow.providers.standard.hooks.subprocess.SubprocessHook","filename":"subprocess.py","lineno":99}
{"timestamp":"2026-02-04T13:24:35.443283Z","level":"info","event":"            ) AS row_num","logger":"airflow.task.hooks.airflow.providers.standard.hooks.subprocess.SubprocessHook","filename":"subprocess.py","lineno":99}
{"timestamp":"2026-02-04T13:24:35.443308Z","level":"info","event":"        FROM \"scrapy_data\".\"public\".\"raw_data\"","logger":"airflow.task.hooks.airflow.providers.standard.hooks.subprocess.SubprocessHook","filename":"subprocess.py","lineno":99}
{"timestamp":"2026-02-04T13:24:35.443333Z","level":"info","event":"","logger":"airflow.task.hooks.airflow.providers.standard.hooks.subprocess.SubprocessHook","filename":"subprocess.py","lineno":99}
{"timestamp":"2026-02-04T13:24:35.443357Z","level":"info","event":")","logger":"airflow.task.hooks.airflow.providers.standard.hooks.subprocess.SubprocessHook","filename":"subprocess.py","lineno":99}
{"timestamp":"2026-02-04T13:24:35.443381Z","level":"info","event":"","logger":"airflow.task.hooks.airflow.providers.standard.hooks.subprocess.SubprocessHook","filename":"subprocess.py","lineno":99}
{"timestamp":"2026-02-04T13:24:35.443404Z","level":"info","event":"SELECT","logger":"airflow.task.hooks.airflow.providers.standard.hooks.subprocess.SubprocessHook","filename":"subprocess.py","lineno":99}
{"timestamp":"2026-02-04T13:24:35.443428Z","level":"info","event":"    CAST(id AS INTEGER) AS id,","logger":"airflow.task.hooks.airflow.providers.standard.hooks.subprocess.SubprocessHook","filename":"subprocess.py","lineno":99}
{"timestamp":"2026-02-04T13:24:35.443454Z","level":"info","event":"    -- CASE","logger":"airflow.task.hooks.airflow.providers.standard.hooks.subprocess.SubprocessHook","filename":"subprocess.py","lineno":99}
{"timestamp":"2026-02-04T13:24:35.443478Z","level":"info","event":"    --     WHEN full_title ILIKE '%notebook%' THEN 'notebook'","logger":"airflow.task.hooks.airflow.providers.standard.hooks.subprocess.SubprocessHook","filename":"subprocess.py","lineno":99}
{"timestamp":"2026-02-04T13:24:35.443503Z","level":"info","event":"    --     ELSE 'other'","logger":"airflow.task.hooks.airflow.providers.standard.hooks.subprocess.SubprocessHook","filename":"subprocess.py","lineno":99}
{"timestamp":"2026-02-04T13:24:35.443528Z","level":"info","event":"    -- END AS short_title,","logger":"airflow.task.hooks.airflow.providers.standard.hooks.subprocess.SubprocessHook","filename":"subprocess.py","lineno":99}
{"timestamp":"2026-02-04T13:24:35.443551Z","level":"info","event":"    short_title,","logger":"airflow.task.hooks.airflow.providers.standard.hooks.subprocess.SubprocessHook","filename":"subprocess.py","lineno":99}
{"timestamp":"2026-02-04T13:24:35.443575Z","level":"info","event":"    full_title,","logger":"airflow.task.hooks.airflow.providers.standard.hooks.subprocess.SubprocessHook","filename":"subprocess.py","lineno":99}
{"timestamp":"2026-02-04T13:24:35.443599Z","level":"info","event":"    memory,","logger":"airflow.task.hooks.airflow.providers.standard.hooks.subprocess.SubprocessHook","filename":"subprocess.py","lineno":99}
{"timestamp":"2026-02-04T13:24:35.443623Z","level":"info","event":"    storage,","logger":"airflow.task.hooks.airflow.providers.standard.hooks.subprocess.SubprocessHook","filename":"subprocess.py","lineno":99}
{"timestamp":"2026-02-04T13:24:35.443646Z","level":"info","event":"    LOWER(color) AS color,","logger":"airflow.task.hooks.airflow.providers.standard.hooks.subprocess.SubprocessHook","filename":"subprocess.py","lineno":99}
{"timestamp":"2026-02-04T13:24:35.443670Z","level":"info","event":"    CAST(REPLACE(REPLACE(price, '.', ''), ',', '.') AS NUMERIC(10, 2)) AS price,","logger":"airflow.task.hooks.airflow.providers.standard.hooks.subprocess.SubprocessHook","filename":"subprocess.py","lineno":99}
{"timestamp":"2026-02-04T13:24:35.443693Z","level":"info","event":"    scraped_at,","logger":"airflow.task.hooks.airflow.providers.standard.hooks.subprocess.SubprocessHook","filename":"subprocess.py","lineno":99}
{"timestamp":"2026-02-04T13:24:35.443717Z","level":"info","event":"    CASE","logger":"airflow.task.hooks.airflow.providers.standard.hooks.subprocess.SubprocessHook","filename":"subprocess.py","lineno":99}
{"timestamp":"2026-02-04T13:24:35.443740Z","level":"info","event":"        WHEN rating LIKE '%.%' THEN CAST(REGEXP_REPLACE(rating, '[^0-9.]', '', 'g') AS NUMERIC(10, 2))","logger":"airflow.task.hooks.airflow.providers.standard.hooks.subprocess.SubprocessHook","filename":"subprocess.py","lineno":99}
{"timestamp":"2026-02-04T13:24:35.443766Z","level":"info","event":"        ELSE NULL","logger":"airflow.task.hooks.airflow.providers.standard.hooks.subprocess.SubprocessHook","filename":"subprocess.py","lineno":99}
{"timestamp":"2026-02-04T13:24:35.443794Z","level":"info","event":"    END AS rating,","logger":"airflow.task.hooks.airflow.providers.standard.hooks.subprocess.SubprocessHook","filename":"subprocess.py","lineno":99}
{"timestamp":"2026-02-04T13:24:35.443819Z","level":"info","event":"    site_name","logger":"airflow.task.hooks.airflow.providers.standard.hooks.subprocess.SubprocessHook","filename":"subprocess.py","lineno":99}
{"timestamp":"2026-02-04T13:24:35.443843Z","level":"info","event":"FROM","logger":"airflow.task.hooks.airflow.providers.standard.hooks.subprocess.SubprocessHook","filename":"subprocess.py","lineno":99}
{"timestamp":"2026-02-04T13:24:35.443866Z","level":"info","event":"    data_to_stg","logger":"airflow.task.hooks.airflow.providers.standard.hooks.subprocess.SubprocessHook","filename":"subprocess.py","lineno":99}
{"timestamp":"2026-02-04T13:24:35.443889Z","level":"info","event":"WHERE","logger":"airflow.task.hooks.airflow.providers.standard.hooks.subprocess.SubprocessHook","filename":"subprocess.py","lineno":99}
{"timestamp":"2026-02-04T13:24:35.443912Z","level":"info","event":"","logger":"airflow.task.hooks.airflow.providers.standard.hooks.subprocess.SubprocessHook","filename":"subprocess.py","lineno":99}
{"timestamp":"2026-02-04T13:24:35.443935Z","level":"info","event":"        row_num = 1","logger":"airflow.task.hooks.airflow.providers.standard.hooks.subprocess.SubprocessHook","filename":"subprocess.py","lineno":99}
{"timestamp":"2026-02-04T13:24:35.443959Z","level":"info","event":"","logger":"airflow.task.hooks.airflow.providers.standard.hooks.subprocess.SubprocessHook","filename":"subprocess.py","lineno":99}
{"timestamp":"2026-02-04T13:24:35.443984Z","level":"info","event":"  );","logger":"airflow.task.hooks.airflow.providers.standard.hooks.subprocess.SubprocessHook","filename":"subprocess.py","lineno":99}
{"timestamp":"2026-02-04T13:24:35.444008Z","level":"info","event":"","logger":"airflow.task.hooks.airflow.providers.standard.hooks.subprocess.SubprocessHook","filename":"subprocess.py","lineno":99}
{"timestamp":"2026-02-04T13:24:35.444036Z","level":"info","event":"\u001b[0m13:24:35  Opening a new connection, currently in state closed","logger":"airflow.task.hooks.airflow.providers.standard.hooks.subprocess.SubprocessHook","filename":"subprocess.py","lineno":99}
{"timestamp":"2026-02-04T13:24:35.482419Z","level":"info","event":"\u001b[0m13:24:35  SQL status: SELECT 782 in 0.039 seconds","logger":"airflow.task.hooks.airflow.providers.standard.hooks.subprocess.SubprocessHook","filename":"subprocess.py","lineno":99}
{"timestamp":"2026-02-04T13:24:35.491987Z","level":"info","event":"\u001b[0m13:24:35  Using postgres connection \"model.my_transformations.stg_data\"","logger":"airflow.task.hooks.airflow.providers.standard.hooks.subprocess.SubprocessHook","filename":"subprocess.py","lineno":99}
{"timestamp":"2026-02-04T13:24:35.492470Z","level":"info","event":"\u001b[0m13:24:35  On model.my_transformations.stg_data: /* {\"app\": \"dbt\", \"dbt_version\": \"1.11.2\", \"profile_name\": \"my_transformations\", \"target_name\": \"dev\", \"node_id\": \"model.my_transformations.stg_data\"} */","logger":"airflow.task.hooks.airflow.providers.standard.hooks.subprocess.SubprocessHook","filename":"subprocess.py","lineno":99}
{"timestamp":"2026-02-04T13:24:35.492546Z","level":"info","event":"alter table \"scrapy_data\".\"my_dbt_schema\".\"stg_data\" rename to \"stg_data__dbt_backup\"","logger":"airflow.task.hooks.airflow.providers.standard.hooks.subprocess.SubprocessHook","filename":"subprocess.py","lineno":99}
{"timestamp":"2026-02-04T13:24:35.493268Z","level":"info","event":"\u001b[0m13:24:35  SQL status: ALTER TABLE in 0.000 seconds","logger":"airflow.task.hooks.airflow.providers.standard.hooks.subprocess.SubprocessHook","filename":"subprocess.py","lineno":99}
{"timestamp":"2026-02-04T13:24:35.496115Z","level":"info","event":"\u001b[0m13:24:35  Using postgres connection \"model.my_transformations.stg_data\"","logger":"airflow.task.hooks.airflow.providers.standard.hooks.subprocess.SubprocessHook","filename":"subprocess.py","lineno":99}
{"timestamp":"2026-02-04T13:24:35.496570Z","level":"info","event":"\u001b[0m13:24:35  On model.my_transformations.stg_data: /* {\"app\": \"dbt\", \"dbt_version\": \"1.11.2\", \"profile_name\": \"my_transformations\", \"target_name\": \"dev\", \"node_id\": \"model.my_transformations.stg_data\"} */","logger":"airflow.task.hooks.airflow.providers.standard.hooks.subprocess.SubprocessHook","filename":"subprocess.py","lineno":99}
{"timestamp":"2026-02-04T13:24:35.496642Z","level":"info","event":"alter table \"scrapy_data\".\"my_dbt_schema\".\"stg_data__dbt_tmp\" rename to \"stg_data\"","logger":"airflow.task.hooks.airflow.providers.standard.hooks.subprocess.SubprocessHook","filename":"subprocess.py","lineno":99}
{"timestamp":"2026-02-04T13:24:35.497292Z","level":"info","event":"\u001b[0m13:24:35  SQL status: ALTER TABLE in 0.000 seconds","logger":"airflow.task.hooks.airflow.providers.standard.hooks.subprocess.SubprocessHook","filename":"subprocess.py","lineno":99}
{"timestamp":"2026-02-04T13:24:35.513016Z","level":"info","event":"\u001b[0m13:24:35  On model.my_transformations.stg_data: COMMIT","logger":"airflow.task.hooks.airflow.providers.standard.hooks.subprocess.SubprocessHook","filename":"subprocess.py","lineno":99}
{"timestamp":"2026-02-04T13:24:35.513479Z","level":"info","event":"\u001b[0m13:24:35  Using postgres connection \"model.my_transformations.stg_data\"","logger":"airflow.task.hooks.airflow.providers.standard.hooks.subprocess.SubprocessHook","filename":"subprocess.py","lineno":99}
{"timestamp":"2026-02-04T13:24:35.514004Z","level":"info","event":"\u001b[0m13:24:35  On model.my_transformations.stg_data: COMMIT","logger":"airflow.task.hooks.airflow.providers.standard.hooks.subprocess.SubprocessHook","filename":"subprocess.py","lineno":99}
{"timestamp":"2026-02-04T13:24:35.516249Z","level":"info","event":"\u001b[0m13:24:35  SQL status: COMMIT in 0.002 seconds","logger":"airflow.task.hooks.airflow.providers.standard.hooks.subprocess.SubprocessHook","filename":"subprocess.py","lineno":99}
{"timestamp":"2026-02-04T13:24:35.522341Z","level":"info","event":"\u001b[0m13:24:35  Applying DROP to: \"scrapy_data\".\"my_dbt_schema\".\"stg_data__dbt_backup\"","logger":"airflow.task.hooks.airflow.providers.standard.hooks.subprocess.SubprocessHook","filename":"subprocess.py","lineno":99}
{"timestamp":"2026-02-04T13:24:35.527788Z","level":"info","event":"\u001b[0m13:24:35  Using postgres connection \"model.my_transformations.stg_data\"","logger":"airflow.task.hooks.airflow.providers.standard.hooks.subprocess.SubprocessHook","filename":"subprocess.py","lineno":99}
{"timestamp":"2026-02-04T13:24:35.528221Z","level":"info","event":"\u001b[0m13:24:35  On model.my_transformations.stg_data: /* {\"app\": \"dbt\", \"dbt_version\": \"1.11.2\", \"profile_name\": \"my_transformations\", \"target_name\": \"dev\", \"node_id\": \"model.my_transformations.stg_data\"} */","logger":"airflow.task.hooks.airflow.providers.standard.hooks.subprocess.SubprocessHook","filename":"subprocess.py","lineno":99}
{"timestamp":"2026-02-04T13:24:35.528319Z","level":"info","event":"drop table if exists \"scrapy_data\".\"my_dbt_schema\".\"stg_data__dbt_backup\" cascade","logger":"airflow.task.hooks.airflow.providers.standard.hooks.subprocess.SubprocessHook","filename":"subprocess.py","lineno":99}
{"timestamp":"2026-02-04T13:24:35.533550Z","level":"info","event":"\u001b[0m13:24:35  SQL status: DROP TABLE in 0.005 seconds","logger":"airflow.task.hooks.airflow.providers.standard.hooks.subprocess.SubprocessHook","filename":"subprocess.py","lineno":99}
{"timestamp":"2026-02-04T13:24:35.536078Z","level":"info","event":"\u001b[0m13:24:35  On model.my_transformations.stg_data: Close","logger":"airflow.task.hooks.airflow.providers.standard.hooks.subprocess.SubprocessHook","filename":"subprocess.py","lineno":99}
{"timestamp":"2026-02-04T13:24:35.538487Z","level":"info","event":"\u001b[0m13:24:35  Sending event: {'category': 'dbt', 'action': 'run_model', 'label': '42d46b13-49f3-4a00-9107-ddc46251b94c', 'context': [<snowplow_tracker.self_describing_json.SelfDescribingJson object at 0x7429b4f40950>]}","logger":"airflow.task.hooks.airflow.providers.standard.hooks.subprocess.SubprocessHook","filename":"subprocess.py","lineno":99}
{"timestamp":"2026-02-04T13:24:35.539012Z","level":"info","event":"\u001b[0m13:24:35  1 of 1 OK created sql table model my_dbt_schema.stg_data ....................... [\u001b[32mSELECT 782\u001b[0m in 0.14s]","logger":"airflow.task.hooks.airflow.providers.standard.hooks.subprocess.SubprocessHook","filename":"subprocess.py","lineno":99}
{"timestamp":"2026-02-04T13:24:35.539692Z","level":"info","event":"\u001b[0m13:24:35  Finished running node model.my_transformations.stg_data","logger":"airflow.task.hooks.airflow.providers.standard.hooks.subprocess.SubprocessHook","filename":"subprocess.py","lineno":99}
{"timestamp":"2026-02-04T13:24:35.541498Z","level":"info","event":"\u001b[0m13:24:35  On master: COMMIT","logger":"airflow.task.hooks.airflow.providers.standard.hooks.subprocess.SubprocessHook","filename":"subprocess.py","lineno":99}
{"timestamp":"2026-02-04T13:24:35.541962Z","level":"info","event":"\u001b[0m13:24:35  Using postgres connection \"master\"","logger":"airflow.task.hooks.airflow.providers.standard.hooks.subprocess.SubprocessHook","filename":"subprocess.py","lineno":99}
{"timestamp":"2026-02-04T13:24:35.542372Z","level":"info","event":"\u001b[0m13:24:35  On master: COMMIT","logger":"airflow.task.hooks.airflow.providers.standard.hooks.subprocess.SubprocessHook","filename":"subprocess.py","lineno":99}
{"timestamp":"2026-02-04T13:24:35.542707Z","level":"info","event":"\u001b[0m13:24:35  Opening a new connection, currently in state closed","logger":"airflow.task.hooks.airflow.providers.standard.hooks.subprocess.SubprocessHook","filename":"subprocess.py","lineno":99}
{"timestamp":"2026-02-04T13:24:35.549900Z","level":"info","event":"\u001b[0m13:24:35  SQL status: COMMIT in 0.007 seconds","logger":"airflow.task.hooks.airflow.providers.standard.hooks.subprocess.SubprocessHook","filename":"subprocess.py","lineno":99}
{"timestamp":"2026-02-04T13:24:35.550388Z","level":"info","event":"\u001b[0m13:24:35  On master: Close","logger":"airflow.task.hooks.airflow.providers.standard.hooks.subprocess.SubprocessHook","filename":"subprocess.py","lineno":99}
{"timestamp":"2026-02-04T13:24:35.550979Z","level":"info","event":"\u001b[0m13:24:35  Connection 'master' was properly closed.","logger":"airflow.task.hooks.airflow.providers.standard.hooks.subprocess.SubprocessHook","filename":"subprocess.py","lineno":99}
{"timestamp":"2026-02-04T13:24:35.551497Z","level":"info","event":"\u001b[0m13:24:35  Connection 'model.my_transformations.stg_data' was properly closed.","logger":"airflow.task.hooks.airflow.providers.standard.hooks.subprocess.SubprocessHook","filename":"subprocess.py","lineno":99}
{"timestamp":"2026-02-04T13:24:35.552047Z","level":"info","event":"\u001b[0m13:24:35","logger":"airflow.task.hooks.airflow.providers.standard.hooks.subprocess.SubprocessHook","filename":"subprocess.py","lineno":99}
{"timestamp":"2026-02-04T13:24:35.552409Z","level":"info","event":"\u001b[0m13:24:35  Finished running 1 table model in 0 hours 0 minutes and 0.29 seconds (0.29s).","logger":"airflow.task.hooks.airflow.providers.standard.hooks.subprocess.SubprocessHook","filename":"subprocess.py","lineno":99}
{"timestamp":"2026-02-04T13:24:35.553394Z","level":"info","event":"\u001b[0m13:24:35  Command end result","logger":"airflow.task.hooks.airflow.providers.standard.hooks.subprocess.SubprocessHook","filename":"subprocess.py","lineno":99}
{"timestamp":"2026-02-04T13:24:35.574639Z","level":"info","event":"\u001b[0m13:24:35  Wrote artifact WritableManifest to /opt/airflow/project/dbt_project/target/manifest.json","logger":"airflow.task.hooks.airflow.providers.standard.hooks.subprocess.SubprocessHook","filename":"subprocess.py","lineno":99}
{"timestamp":"2026-02-04T13:24:35.576450Z","level":"info","event":"\u001b[0m13:24:35  Wrote artifact SemanticManifest to /opt/airflow/project/dbt_project/target/semantic_manifest.json","logger":"airflow.task.hooks.airflow.providers.standard.hooks.subprocess.SubprocessHook","filename":"subprocess.py","lineno":99}
{"timestamp":"2026-02-04T13:24:35.582027Z","level":"info","event":"\u001b[0m13:24:35  Wrote artifact RunExecutionResult to /opt/airflow/project/dbt_project/target/run_results.json","logger":"airflow.task.hooks.airflow.providers.standard.hooks.subprocess.SubprocessHook","filename":"subprocess.py","lineno":99}
{"timestamp":"2026-02-04T13:24:35.582389Z","level":"info","event":"\u001b[0m13:24:35","logger":"airflow.task.hooks.airflow.providers.standard.hooks.subprocess.SubprocessHook","filename":"subprocess.py","lineno":99}
{"timestamp":"2026-02-04T13:24:35.582898Z","level":"info","event":"\u001b[0m13:24:35  \u001b[32mCompleted successfully\u001b[0m","logger":"airflow.task.hooks.airflow.providers.standard.hooks.subprocess.SubprocessHook","filename":"subprocess.py","lineno":99}
{"timestamp":"2026-02-04T13:24:35.583179Z","level":"info","event":"\u001b[0m13:24:35","logger":"airflow.task.hooks.airflow.providers.standard.hooks.subprocess.SubprocessHook","filename":"subprocess.py","lineno":99}
{"timestamp":"2026-02-04T13:24:35.583418Z","level":"info","event":"\u001b[0m13:24:35  Done. PASS=1 WARN=0 ERROR=0 SKIP=0 NO-OP=0 TOTAL=1","logger":"airflow.task.hooks.airflow.providers.standard.hooks.subprocess.SubprocessHook","filename":"subprocess.py","lineno":99}
{"timestamp":"2026-02-04T13:24:35.585692Z","level":"info","event":"\u001b[0m13:24:35  Resource report: {\"command_name\": \"run\", \"command_success\": true, \"command_wall_clock_time\": 1.2428471, \"process_in_blocks\": \"42272\", \"process_kernel_time\": 0.526109, \"process_mem_max_rss\": \"127260\", \"process_out_blocks\": \"1936\", \"process_user_time\": 2.208855}","logger":"airflow.task.hooks.airflow.providers.standard.hooks.subprocess.SubprocessHook","filename":"subprocess.py","lineno":99}
{"timestamp":"2026-02-04T13:24:35.585765Z","level":"info","event":"\u001b[0m13:24:35  Command `dbt run` succeeded at 13:24:35.584767 after 1.24 seconds","logger":"airflow.task.hooks.airflow.providers.standard.hooks.subprocess.SubprocessHook","filename":"subprocess.py","lineno":99}
{"timestamp":"2026-02-04T13:24:35.585802Z","level":"info","event":"\u001b[0m13:24:35  Sending event: {'category': 'dbt', 'action': 'invocation', 'label': 'end', 'context': [<snowplow_tracker.self_describing_json.SelfDescribingJson object at 0x7429b2c6db20>, <snowplow_tracker.self_describing_json.SelfDescribingJson object at 0x7429b4f40950>, <snowplow_tracker.self_describing_json.SelfDescribingJson object at 0x7429b31540b0>]}","logger":"airflow.task.hooks.airflow.providers.standard.hooks.subprocess.SubprocessHook","filename":"subprocess.py","lineno":99}
{"timestamp":"2026-02-04T13:24:35.586706Z","level":"info","event":"\u001b[0m13:24:35  Flushing usage events","logger":"airflow.task.hooks.airflow.providers.standard.hooks.subprocess.SubprocessHook","filename":"subprocess.py","lineno":99}
{"timestamp":"2026-02-04T13:24:36.255594Z","level":"info","event":"\u001b[0m13:24:36  An error was encountered while trying to flush usage events","logger":"airflow.task.hooks.airflow.providers.standard.hooks.subprocess.SubprocessHook","filename":"subprocess.py","lineno":99}
{"timestamp":"2026-02-04T13:24:36.621148Z","level":"info","event":"Command exited with return code 0","logger":"airflow.task.hooks.airflow.providers.standard.hooks.subprocess.SubprocessHook","filename":"subprocess.py","lineno":103}
{"timestamp":"2026-02-04T13:24:36.621755Z","level":"info","event":"Pushing xcom","ti":"RuntimeTaskInstance(id=UUID('019c28d2-a6e6-70ac-9887-f583d736aef1'), task_id='run_dbt_part1', dag_id='scrapy_pipeline', run_id='scheduled__2026-02-03T22:30:00+00:00', try_number=1, dag_version_id=UUID('019c1489-5544-7059-b1ee-b747d346a304'), map_index=-1, hostname='b63c8f3d905d', context_carrier={}, task=<Task(BashOperator): run_dbt_part1>, bundle_instance=LocalDagBundle(name=dags-folder), max_tries=0, start_date=datetime.datetime(2026, 2, 4, 13, 24, 32, 102108, tzinfo=datetime.timezone.utc), end_date=None, state=<TaskInstanceState.RUNNING: 'running'>, is_mapped=False, rendered_map_index=None)","logger":"task","filename":"task_runner.py","lineno":1370}
