{"timestamp":"2026-01-30T03:38:35.884652Z","level":"info","event":"DAG bundles loaded: dags-folder","logger":"airflow.dag_processing.bundles.manager.DagBundlesManager","filename":"manager.py","lineno":179}
{"timestamp":"2026-01-30T03:38:35.885456Z","level":"info","event":"Filling up the DagBag from /opt/airflow/dags/scrapy_pipeline.py","logger":"airflow.models.dagbag.DagBag","filename":"dagbag.py","lineno":593}
{"timestamp":"2026-01-30T03:38:36.020346Z","level":"info","event":"Tmp dir root location: /tmp","logger":"airflow.task.hooks.airflow.providers.standard.hooks.subprocess.SubprocessHook","filename":"subprocess.py","lineno":78}
{"timestamp":"2026-01-30T03:38:36.021432Z","level":"info","event":"Running command: ['/usr/bin/bash', '-c', 'cd /opt/airflow/project/dbt_project && dbt run --select stg_data --profiles-dir . --debug']","logger":"airflow.task.hooks.airflow.providers.standard.hooks.subprocess.SubprocessHook","filename":"subprocess.py","lineno":80}
{"timestamp":"2026-01-30T03:38:36.022269Z","level":"info","event":"Output:","logger":"airflow.task.hooks.airflow.providers.standard.hooks.subprocess.SubprocessHook","filename":"subprocess.py","lineno":92}
{"timestamp":"2026-01-30T03:38:38.566619Z","level":"info","event":"\u001b[0m03:38:38  Sending event: {'category': 'dbt', 'action': 'invocation', 'label': 'start', 'context': [<snowplow_tracker.self_describing_json.SelfDescribingJson object at 0x7fcbef4b2750>, <snowplow_tracker.self_describing_json.SelfDescribingJson object at 0x7fcbeeeee3f0>, <snowplow_tracker.self_describing_json.SelfDescribingJson object at 0x7fcbef02dee0>]}","logger":"airflow.task.hooks.airflow.providers.standard.hooks.subprocess.SubprocessHook","filename":"subprocess.py","lineno":99}
{"timestamp":"2026-01-30T03:38:38.567879Z","level":"info","event":"\u001b[0m03:38:38  Running with dbt=1.11.2","logger":"airflow.task.hooks.airflow.providers.standard.hooks.subprocess.SubprocessHook","filename":"subprocess.py","lineno":99}
{"timestamp":"2026-01-30T03:38:38.568441Z","level":"info","event":"\u001b[0m03:38:38  running dbt with arguments {'use_colors': 'True', 'warn_error': 'None', 'partial_parse': 'True', 'printer_width': '80', 'debug': 'True', 'use_experimental_parser': 'False', 'indirect_selection': 'eager', 'empty': 'False', 'send_anonymous_usage_stats': 'True', 'quiet': 'False', 'write_json': 'True', 'invocation_command': 'dbt run --select stg_data --profiles-dir . --debug', 'target_path': 'None', 'log_path': '/opt/airflow/project/dbt_project/logs', 'version_check': 'True', 'log_cache_events': 'False', 'static_parser': 'True', 'cache_selected_only': 'False', 'log_format': 'default', 'profiles_dir': '.', 'introspect': 'True', 'fail_fast': 'False', 'no_print': 'None', 'warn_error_options': 'WarnErrorOptionsV2(error=[], warn=[], silence=[])'}","logger":"airflow.task.hooks.airflow.providers.standard.hooks.subprocess.SubprocessHook","filename":"subprocess.py","lineno":99}
{"timestamp":"2026-01-30T03:38:38.871189Z","level":"info","event":"\u001b[0m03:38:38  Sending event: {'category': 'dbt', 'action': 'project_id', 'label': '382c30f0-d924-4c1c-92e8-840093a9a6db', 'context': [<snowplow_tracker.self_describing_json.SelfDescribingJson object at 0x7fcbee33ade0>]}","logger":"airflow.task.hooks.airflow.providers.standard.hooks.subprocess.SubprocessHook","filename":"subprocess.py","lineno":99}
{"timestamp":"2026-01-30T03:38:38.940842Z","level":"info","event":"\u001b[0m03:38:38  Sending event: {'category': 'dbt', 'action': 'adapter_info', 'label': '382c30f0-d924-4c1c-92e8-840093a9a6db', 'context': [<snowplow_tracker.self_describing_json.SelfDescribingJson object at 0x7fcbef643230>]}","logger":"airflow.task.hooks.airflow.providers.standard.hooks.subprocess.SubprocessHook","filename":"subprocess.py","lineno":99}
{"timestamp":"2026-01-30T03:38:38.952591Z","level":"info","event":"\u001b[0m03:38:38  Registered adapter: postgres=1.10.0","logger":"airflow.task.hooks.airflow.providers.standard.hooks.subprocess.SubprocessHook","filename":"subprocess.py","lineno":99}
{"timestamp":"2026-01-30T03:38:39.072620Z","level":"info","event":"\u001b[0m03:38:39  checksum: 3d40d8bbe1bef07db1c24822f2dbfff8bc07f2a48ed4fe2658a40653aec0b54b, vars: {}, profile: , target: , version: 1.11.2","logger":"airflow.task.hooks.airflow.providers.standard.hooks.subprocess.SubprocessHook","filename":"subprocess.py","lineno":99}
{"timestamp":"2026-01-30T03:38:39.256692Z","level":"info","event":"\u001b[0m03:38:39  Partial parsing enabled: 0 files deleted, 0 files added, 1 files changed.","logger":"airflow.task.hooks.airflow.providers.standard.hooks.subprocess.SubprocessHook","filename":"subprocess.py","lineno":99}
{"timestamp":"2026-01-30T03:38:39.257349Z","level":"info","event":"\u001b[0m03:38:39  Partial parsing: updated file: my_transformations://models/stg_data.sql","logger":"airflow.task.hooks.airflow.providers.standard.hooks.subprocess.SubprocessHook","filename":"subprocess.py","lineno":99}
{"timestamp":"2026-01-30T03:38:39.713829Z","level":"info","event":"\u001b[0m03:38:39  Sending event: {'category': 'dbt', 'action': 'load_project', 'label': '382c30f0-d924-4c1c-92e8-840093a9a6db', 'context': [<snowplow_tracker.self_describing_json.SelfDescribingJson object at 0x7fcbecb66c90>]}","logger":"airflow.task.hooks.airflow.providers.standard.hooks.subprocess.SubprocessHook","filename":"subprocess.py","lineno":99}
{"timestamp":"2026-01-30T03:38:39.802719Z","level":"info","event":"\u001b[0m03:38:39  Wrote artifact WritableManifest to /opt/airflow/project/dbt_project/target/manifest.json","logger":"airflow.task.hooks.airflow.providers.standard.hooks.subprocess.SubprocessHook","filename":"subprocess.py","lineno":99}
{"timestamp":"2026-01-30T03:38:39.812763Z","level":"info","event":"\u001b[0m03:38:39  Wrote artifact SemanticManifest to /opt/airflow/project/dbt_project/target/semantic_manifest.json","logger":"airflow.task.hooks.airflow.providers.standard.hooks.subprocess.SubprocessHook","filename":"subprocess.py","lineno":99}
{"timestamp":"2026-01-30T03:38:39.926561Z","level":"info","event":"\u001b[0m03:38:39  Sending event: {'category': 'dbt', 'action': 'resource_counts', 'label': '382c30f0-d924-4c1c-92e8-840093a9a6db', 'context': [<snowplow_tracker.self_describing_json.SelfDescribingJson object at 0x7fcbef419bb0>]}","logger":"airflow.task.hooks.airflow.providers.standard.hooks.subprocess.SubprocessHook","filename":"subprocess.py","lineno":99}
{"timestamp":"2026-01-30T03:38:39.927056Z","level":"info","event":"\u001b[0m03:38:39  Found 3 models, 1 seed, 5 data tests, 1 source, 464 macros","logger":"airflow.task.hooks.airflow.providers.standard.hooks.subprocess.SubprocessHook","filename":"subprocess.py","lineno":99}
{"timestamp":"2026-01-30T03:38:39.927495Z","level":"info","event":"\u001b[0m03:38:39  Sending event: {'category': 'dbt', 'action': 'runnable_timing', 'label': '382c30f0-d924-4c1c-92e8-840093a9a6db', 'context': [<snowplow_tracker.self_describing_json.SelfDescribingJson object at 0x7fcbf1748c50>]}","logger":"airflow.task.hooks.airflow.providers.standard.hooks.subprocess.SubprocessHook","filename":"subprocess.py","lineno":99}
{"timestamp":"2026-01-30T03:38:39.929274Z","level":"info","event":"\u001b[0m03:38:39","logger":"airflow.task.hooks.airflow.providers.standard.hooks.subprocess.SubprocessHook","filename":"subprocess.py","lineno":99}
{"timestamp":"2026-01-30T03:38:39.929709Z","level":"info","event":"\u001b[0m03:38:39  Concurrency: 1 threads (target='dev')","logger":"airflow.task.hooks.airflow.providers.standard.hooks.subprocess.SubprocessHook","filename":"subprocess.py","lineno":99}
{"timestamp":"2026-01-30T03:38:39.930079Z","level":"info","event":"\u001b[0m03:38:39","logger":"airflow.task.hooks.airflow.providers.standard.hooks.subprocess.SubprocessHook","filename":"subprocess.py","lineno":99}
{"timestamp":"2026-01-30T03:38:39.930660Z","level":"info","event":"\u001b[0m03:38:39  Acquiring new postgres connection 'master'","logger":"airflow.task.hooks.airflow.providers.standard.hooks.subprocess.SubprocessHook","filename":"subprocess.py","lineno":99}
{"timestamp":"2026-01-30T03:38:39.931924Z","level":"info","event":"\u001b[0m03:38:39  Acquiring new postgres connection 'list_scrapy_data'","logger":"airflow.task.hooks.airflow.providers.standard.hooks.subprocess.SubprocessHook","filename":"subprocess.py","lineno":99}
{"timestamp":"2026-01-30T03:38:39.976440Z","level":"info","event":"\u001b[0m03:38:39  Using postgres connection \"list_scrapy_data\"","logger":"airflow.task.hooks.airflow.providers.standard.hooks.subprocess.SubprocessHook","filename":"subprocess.py","lineno":99}
{"timestamp":"2026-01-30T03:38:39.976925Z","level":"info","event":"\u001b[0m03:38:39  On list_scrapy_data: /* {\"app\": \"dbt\", \"dbt_version\": \"1.11.2\", \"profile_name\": \"my_transformations\", \"target_name\": \"dev\", \"connection_name\": \"list_scrapy_data\"} */","logger":"airflow.task.hooks.airflow.providers.standard.hooks.subprocess.SubprocessHook","filename":"subprocess.py","lineno":99}
{"timestamp":"2026-01-30T03:38:39.977009Z","level":"info","event":"","logger":"airflow.task.hooks.airflow.providers.standard.hooks.subprocess.SubprocessHook","filename":"subprocess.py","lineno":99}
{"timestamp":"2026-01-30T03:38:39.977058Z","level":"info","event":"    select distinct nspname from pg_namespace","logger":"airflow.task.hooks.airflow.providers.standard.hooks.subprocess.SubprocessHook","filename":"subprocess.py","lineno":99}
{"timestamp":"2026-01-30T03:38:39.977098Z","level":"info","event":"","logger":"airflow.task.hooks.airflow.providers.standard.hooks.subprocess.SubprocessHook","filename":"subprocess.py","lineno":99}
{"timestamp":"2026-01-30T03:38:39.977334Z","level":"info","event":"\u001b[0m03:38:39  Opening a new connection, currently in state init","logger":"airflow.task.hooks.airflow.providers.standard.hooks.subprocess.SubprocessHook","filename":"subprocess.py","lineno":99}
{"timestamp":"2026-01-30T03:38:39.995592Z","level":"info","event":"\u001b[0m03:38:39  SQL status: SELECT 5 in 0.018 seconds","logger":"airflow.task.hooks.airflow.providers.standard.hooks.subprocess.SubprocessHook","filename":"subprocess.py","lineno":99}
{"timestamp":"2026-01-30T03:38:39.997165Z","level":"info","event":"\u001b[0m03:38:39  On list_scrapy_data: Close","logger":"airflow.task.hooks.airflow.providers.standard.hooks.subprocess.SubprocessHook","filename":"subprocess.py","lineno":99}
{"timestamp":"2026-01-30T03:38:40.001944Z","level":"info","event":"\u001b[0m03:38:40  Re-using an available connection from the pool (formerly list_scrapy_data, now list_scrapy_data_my_dbt_schema)","logger":"airflow.task.hooks.airflow.providers.standard.hooks.subprocess.SubprocessHook","filename":"subprocess.py","lineno":99}
{"timestamp":"2026-01-30T03:38:40.008212Z","level":"info","event":"\u001b[0m03:38:40  Using postgres connection \"list_scrapy_data_my_dbt_schema\"","logger":"airflow.task.hooks.airflow.providers.standard.hooks.subprocess.SubprocessHook","filename":"subprocess.py","lineno":99}
{"timestamp":"2026-01-30T03:38:40.008675Z","level":"info","event":"\u001b[0m03:38:40  On list_scrapy_data_my_dbt_schema: /* {\"app\": \"dbt\", \"dbt_version\": \"1.11.2\", \"profile_name\": \"my_transformations\", \"target_name\": \"dev\", \"connection_name\": \"list_scrapy_data_my_dbt_schema\"} */","logger":"airflow.task.hooks.airflow.providers.standard.hooks.subprocess.SubprocessHook","filename":"subprocess.py","lineno":99}
{"timestamp":"2026-01-30T03:38:40.008782Z","level":"info","event":"select","logger":"airflow.task.hooks.airflow.providers.standard.hooks.subprocess.SubprocessHook","filename":"subprocess.py","lineno":99}
{"timestamp":"2026-01-30T03:38:40.008835Z","level":"info","event":"      'scrapy_data' as database,","logger":"airflow.task.hooks.airflow.providers.standard.hooks.subprocess.SubprocessHook","filename":"subprocess.py","lineno":99}
{"timestamp":"2026-01-30T03:38:40.008870Z","level":"info","event":"      tablename as name,","logger":"airflow.task.hooks.airflow.providers.standard.hooks.subprocess.SubprocessHook","filename":"subprocess.py","lineno":99}
{"timestamp":"2026-01-30T03:38:40.008902Z","level":"info","event":"      schemaname as schema,","logger":"airflow.task.hooks.airflow.providers.standard.hooks.subprocess.SubprocessHook","filename":"subprocess.py","lineno":99}
{"timestamp":"2026-01-30T03:38:40.008931Z","level":"info","event":"      'table' as type","logger":"airflow.task.hooks.airflow.providers.standard.hooks.subprocess.SubprocessHook","filename":"subprocess.py","lineno":99}
{"timestamp":"2026-01-30T03:38:40.008960Z","level":"info","event":"    from pg_tables","logger":"airflow.task.hooks.airflow.providers.standard.hooks.subprocess.SubprocessHook","filename":"subprocess.py","lineno":99}
{"timestamp":"2026-01-30T03:38:40.008988Z","level":"info","event":"    where schemaname ilike 'my_dbt_schema'","logger":"airflow.task.hooks.airflow.providers.standard.hooks.subprocess.SubprocessHook","filename":"subprocess.py","lineno":99}
{"timestamp":"2026-01-30T03:38:40.009016Z","level":"info","event":"    union all","logger":"airflow.task.hooks.airflow.providers.standard.hooks.subprocess.SubprocessHook","filename":"subprocess.py","lineno":99}
{"timestamp":"2026-01-30T03:38:40.009044Z","level":"info","event":"    select","logger":"airflow.task.hooks.airflow.providers.standard.hooks.subprocess.SubprocessHook","filename":"subprocess.py","lineno":99}
{"timestamp":"2026-01-30T03:38:40.009070Z","level":"info","event":"      'scrapy_data' as database,","logger":"airflow.task.hooks.airflow.providers.standard.hooks.subprocess.SubprocessHook","filename":"subprocess.py","lineno":99}
{"timestamp":"2026-01-30T03:38:40.009107Z","level":"info","event":"      viewname as name,","logger":"airflow.task.hooks.airflow.providers.standard.hooks.subprocess.SubprocessHook","filename":"subprocess.py","lineno":99}
{"timestamp":"2026-01-30T03:38:40.009138Z","level":"info","event":"      schemaname as schema,","logger":"airflow.task.hooks.airflow.providers.standard.hooks.subprocess.SubprocessHook","filename":"subprocess.py","lineno":99}
{"timestamp":"2026-01-30T03:38:40.009165Z","level":"info","event":"      'view' as type","logger":"airflow.task.hooks.airflow.providers.standard.hooks.subprocess.SubprocessHook","filename":"subprocess.py","lineno":99}
{"timestamp":"2026-01-30T03:38:40.009192Z","level":"info","event":"    from pg_views","logger":"airflow.task.hooks.airflow.providers.standard.hooks.subprocess.SubprocessHook","filename":"subprocess.py","lineno":99}
{"timestamp":"2026-01-30T03:38:40.009220Z","level":"info","event":"    where schemaname ilike 'my_dbt_schema'","logger":"airflow.task.hooks.airflow.providers.standard.hooks.subprocess.SubprocessHook","filename":"subprocess.py","lineno":99}
{"timestamp":"2026-01-30T03:38:40.009247Z","level":"info","event":"    union all","logger":"airflow.task.hooks.airflow.providers.standard.hooks.subprocess.SubprocessHook","filename":"subprocess.py","lineno":99}
{"timestamp":"2026-01-30T03:38:40.009274Z","level":"info","event":"    select","logger":"airflow.task.hooks.airflow.providers.standard.hooks.subprocess.SubprocessHook","filename":"subprocess.py","lineno":99}
{"timestamp":"2026-01-30T03:38:40.009302Z","level":"info","event":"      'scrapy_data' as database,","logger":"airflow.task.hooks.airflow.providers.standard.hooks.subprocess.SubprocessHook","filename":"subprocess.py","lineno":99}
{"timestamp":"2026-01-30T03:38:40.009329Z","level":"info","event":"      matviewname as name,","logger":"airflow.task.hooks.airflow.providers.standard.hooks.subprocess.SubprocessHook","filename":"subprocess.py","lineno":99}
{"timestamp":"2026-01-30T03:38:40.009357Z","level":"info","event":"      schemaname as schema,","logger":"airflow.task.hooks.airflow.providers.standard.hooks.subprocess.SubprocessHook","filename":"subprocess.py","lineno":99}
{"timestamp":"2026-01-30T03:38:40.009388Z","level":"info","event":"      'materialized_view' as type","logger":"airflow.task.hooks.airflow.providers.standard.hooks.subprocess.SubprocessHook","filename":"subprocess.py","lineno":99}
{"timestamp":"2026-01-30T03:38:40.009433Z","level":"info","event":"    from pg_matviews","logger":"airflow.task.hooks.airflow.providers.standard.hooks.subprocess.SubprocessHook","filename":"subprocess.py","lineno":99}
{"timestamp":"2026-01-30T03:38:40.009463Z","level":"info","event":"    where schemaname ilike 'my_dbt_schema'","logger":"airflow.task.hooks.airflow.providers.standard.hooks.subprocess.SubprocessHook","filename":"subprocess.py","lineno":99}
{"timestamp":"2026-01-30T03:38:40.009491Z","level":"info","event":"","logger":"airflow.task.hooks.airflow.providers.standard.hooks.subprocess.SubprocessHook","filename":"subprocess.py","lineno":99}
{"timestamp":"2026-01-30T03:38:40.009522Z","level":"info","event":"\u001b[0m03:38:40  Opening a new connection, currently in state closed","logger":"airflow.task.hooks.airflow.providers.standard.hooks.subprocess.SubprocessHook","filename":"subprocess.py","lineno":99}
{"timestamp":"2026-01-30T03:38:40.027130Z","level":"info","event":"\u001b[0m03:38:40  SQL status: SELECT 3 in 0.018 seconds","logger":"airflow.task.hooks.airflow.providers.standard.hooks.subprocess.SubprocessHook","filename":"subprocess.py","lineno":99}
{"timestamp":"2026-01-30T03:38:40.028667Z","level":"info","event":"\u001b[0m03:38:40  On list_scrapy_data_my_dbt_schema: ROLLBACK","logger":"airflow.task.hooks.airflow.providers.standard.hooks.subprocess.SubprocessHook","filename":"subprocess.py","lineno":99}
{"timestamp":"2026-01-30T03:38:40.029329Z","level":"info","event":"\u001b[0m03:38:40  On list_scrapy_data_my_dbt_schema: Close","logger":"airflow.task.hooks.airflow.providers.standard.hooks.subprocess.SubprocessHook","filename":"subprocess.py","lineno":99}
{"timestamp":"2026-01-30T03:38:40.034442Z","level":"info","event":"\u001b[0m03:38:40  Using postgres connection \"master\"","logger":"airflow.task.hooks.airflow.providers.standard.hooks.subprocess.SubprocessHook","filename":"subprocess.py","lineno":99}
{"timestamp":"2026-01-30T03:38:40.034984Z","level":"info","event":"\u001b[0m03:38:40  On master: /* {\"app\": \"dbt\", \"dbt_version\": \"1.11.2\", \"profile_name\": \"my_transformations\", \"target_name\": \"dev\", \"connection_name\": \"master\"} */","logger":"airflow.task.hooks.airflow.providers.standard.hooks.subprocess.SubprocessHook","filename":"subprocess.py","lineno":99}
{"timestamp":"2026-01-30T03:38:40.035068Z","level":"info","event":"select distinct","logger":"airflow.task.hooks.airflow.providers.standard.hooks.subprocess.SubprocessHook","filename":"subprocess.py","lineno":99}
{"timestamp":"2026-01-30T03:38:40.035120Z","level":"info","event":"        dependent_namespace.nspname as dependent_schema,","logger":"airflow.task.hooks.airflow.providers.standard.hooks.subprocess.SubprocessHook","filename":"subprocess.py","lineno":99}
{"timestamp":"2026-01-30T03:38:40.035156Z","level":"info","event":"        dependent_class.relname as dependent_name,","logger":"airflow.task.hooks.airflow.providers.standard.hooks.subprocess.SubprocessHook","filename":"subprocess.py","lineno":99}
{"timestamp":"2026-01-30T03:38:40.035188Z","level":"info","event":"        referenced_namespace.nspname as referenced_schema,","logger":"airflow.task.hooks.airflow.providers.standard.hooks.subprocess.SubprocessHook","filename":"subprocess.py","lineno":99}
{"timestamp":"2026-01-30T03:38:40.035217Z","level":"info","event":"        referenced_class.relname as referenced_name","logger":"airflow.task.hooks.airflow.providers.standard.hooks.subprocess.SubprocessHook","filename":"subprocess.py","lineno":99}
{"timestamp":"2026-01-30T03:38:40.035260Z","level":"info","event":"","logger":"airflow.task.hooks.airflow.providers.standard.hooks.subprocess.SubprocessHook","filename":"subprocess.py","lineno":99}
{"timestamp":"2026-01-30T03:38:40.035319Z","level":"info","event":"    -- Query for views: views are entries in pg_class with an entry in pg_rewrite, but we avoid","logger":"airflow.task.hooks.airflow.providers.standard.hooks.subprocess.SubprocessHook","filename":"subprocess.py","lineno":99}
{"timestamp":"2026-01-30T03:38:40.035366Z","level":"info","event":"    -- a seq scan on pg_rewrite by leveraging the fact there is an \"internal\" row in pg_depend for","logger":"airflow.task.hooks.airflow.providers.standard.hooks.subprocess.SubprocessHook","filename":"subprocess.py","lineno":99}
{"timestamp":"2026-01-30T03:38:40.035397Z","level":"info","event":"    -- the view...","logger":"airflow.task.hooks.airflow.providers.standard.hooks.subprocess.SubprocessHook","filename":"subprocess.py","lineno":99}
{"timestamp":"2026-01-30T03:38:40.035427Z","level":"info","event":"    from pg_class as dependent_class","logger":"airflow.task.hooks.airflow.providers.standard.hooks.subprocess.SubprocessHook","filename":"subprocess.py","lineno":99}
{"timestamp":"2026-01-30T03:38:40.035453Z","level":"info","event":"    join pg_namespace as dependent_namespace on dependent_namespace.oid = dependent_class.relnamespace","logger":"airflow.task.hooks.airflow.providers.standard.hooks.subprocess.SubprocessHook","filename":"subprocess.py","lineno":99}
{"timestamp":"2026-01-30T03:38:40.035480Z","level":"info","event":"    join pg_depend as dependent_depend on dependent_depend.refobjid = dependent_class.oid","logger":"airflow.task.hooks.airflow.providers.standard.hooks.subprocess.SubprocessHook","filename":"subprocess.py","lineno":99}
{"timestamp":"2026-01-30T03:38:40.035507Z","level":"info","event":"        and dependent_depend.classid = 'pg_rewrite'::regclass","logger":"airflow.task.hooks.airflow.providers.standard.hooks.subprocess.SubprocessHook","filename":"subprocess.py","lineno":99}
{"timestamp":"2026-01-30T03:38:40.035533Z","level":"info","event":"        and dependent_depend.refclassid = 'pg_class'::regclass","logger":"airflow.task.hooks.airflow.providers.standard.hooks.subprocess.SubprocessHook","filename":"subprocess.py","lineno":99}
{"timestamp":"2026-01-30T03:38:40.035565Z","level":"info","event":"        and dependent_depend.deptype = 'i'","logger":"airflow.task.hooks.airflow.providers.standard.hooks.subprocess.SubprocessHook","filename":"subprocess.py","lineno":99}
{"timestamp":"2026-01-30T03:38:40.035608Z","level":"info","event":"","logger":"airflow.task.hooks.airflow.providers.standard.hooks.subprocess.SubprocessHook","filename":"subprocess.py","lineno":99}
{"timestamp":"2026-01-30T03:38:40.035637Z","level":"info","event":"    -- ... and via pg_depend (that has a row per column, hence the need for \"distinct\" above, and","logger":"airflow.task.hooks.airflow.providers.standard.hooks.subprocess.SubprocessHook","filename":"subprocess.py","lineno":99}
{"timestamp":"2026-01-30T03:38:40.035666Z","level":"info","event":"    -- making sure to exclude the internal row to avoid a view appearing to depend on itself)...","logger":"airflow.task.hooks.airflow.providers.standard.hooks.subprocess.SubprocessHook","filename":"subprocess.py","lineno":99}
{"timestamp":"2026-01-30T03:38:40.035692Z","level":"info","event":"    join pg_depend as joining_depend on joining_depend.objid = dependent_depend.objid","logger":"airflow.task.hooks.airflow.providers.standard.hooks.subprocess.SubprocessHook","filename":"subprocess.py","lineno":99}
{"timestamp":"2026-01-30T03:38:40.035719Z","level":"info","event":"        and joining_depend.classid = 'pg_rewrite'::regclass","logger":"airflow.task.hooks.airflow.providers.standard.hooks.subprocess.SubprocessHook","filename":"subprocess.py","lineno":99}
{"timestamp":"2026-01-30T03:38:40.035744Z","level":"info","event":"        and joining_depend.refclassid = 'pg_class'::regclass","logger":"airflow.task.hooks.airflow.providers.standard.hooks.subprocess.SubprocessHook","filename":"subprocess.py","lineno":99}
{"timestamp":"2026-01-30T03:38:40.035771Z","level":"info","event":"        and joining_depend.refobjid != dependent_depend.refobjid","logger":"airflow.task.hooks.airflow.providers.standard.hooks.subprocess.SubprocessHook","filename":"subprocess.py","lineno":99}
{"timestamp":"2026-01-30T03:38:40.035796Z","level":"info","event":"","logger":"airflow.task.hooks.airflow.providers.standard.hooks.subprocess.SubprocessHook","filename":"subprocess.py","lineno":99}
{"timestamp":"2026-01-30T03:38:40.035821Z","level":"info","event":"    -- ... we can find the tables they query from in pg_class, but excluding system tables. Note we","logger":"airflow.task.hooks.airflow.providers.standard.hooks.subprocess.SubprocessHook","filename":"subprocess.py","lineno":99}
{"timestamp":"2026-01-30T03:38:40.035846Z","level":"info","event":"    -- don't need need to exclude _dependent_ system tables, because they only query from other","logger":"airflow.task.hooks.airflow.providers.standard.hooks.subprocess.SubprocessHook","filename":"subprocess.py","lineno":99}
{"timestamp":"2026-01-30T03:38:40.035872Z","level":"info","event":"    -- system tables, and so are automatically excluded by excluding _referenced_ system tables","logger":"airflow.task.hooks.airflow.providers.standard.hooks.subprocess.SubprocessHook","filename":"subprocess.py","lineno":99}
{"timestamp":"2026-01-30T03:38:40.035897Z","level":"info","event":"    join pg_class as referenced_class on referenced_class.oid = joining_depend.refobjid","logger":"airflow.task.hooks.airflow.providers.standard.hooks.subprocess.SubprocessHook","filename":"subprocess.py","lineno":99}
{"timestamp":"2026-01-30T03:38:40.035923Z","level":"info","event":"    join pg_namespace as referenced_namespace on referenced_namespace.oid = referenced_class.relnamespace","logger":"airflow.task.hooks.airflow.providers.standard.hooks.subprocess.SubprocessHook","filename":"subprocess.py","lineno":99}
{"timestamp":"2026-01-30T03:38:40.035950Z","level":"info","event":"        and referenced_namespace.nspname != 'information_schema'","logger":"airflow.task.hooks.airflow.providers.standard.hooks.subprocess.SubprocessHook","filename":"subprocess.py","lineno":99}
{"timestamp":"2026-01-30T03:38:40.035975Z","level":"info","event":"        and referenced_namespace.nspname not like 'pg\\_%'","logger":"airflow.task.hooks.airflow.providers.standard.hooks.subprocess.SubprocessHook","filename":"subprocess.py","lineno":99}
{"timestamp":"2026-01-30T03:38:40.036000Z","level":"info","event":"","logger":"airflow.task.hooks.airflow.providers.standard.hooks.subprocess.SubprocessHook","filename":"subprocess.py","lineno":99}
{"timestamp":"2026-01-30T03:38:40.036025Z","level":"info","event":"    order by","logger":"airflow.task.hooks.airflow.providers.standard.hooks.subprocess.SubprocessHook","filename":"subprocess.py","lineno":99}
{"timestamp":"2026-01-30T03:38:40.036051Z","level":"info","event":"        dependent_schema, dependent_name, referenced_schema, referenced_name;","logger":"airflow.task.hooks.airflow.providers.standard.hooks.subprocess.SubprocessHook","filename":"subprocess.py","lineno":99}
{"timestamp":"2026-01-30T03:38:40.036080Z","level":"info","event":"\u001b[0m03:38:40  Opening a new connection, currently in state init","logger":"airflow.task.hooks.airflow.providers.standard.hooks.subprocess.SubprocessHook","filename":"subprocess.py","lineno":99}
{"timestamp":"2026-01-30T03:38:40.052146Z","level":"info","event":"\u001b[0m03:38:40  SQL status: SELECT 0 in 0.016 seconds","logger":"airflow.task.hooks.airflow.providers.standard.hooks.subprocess.SubprocessHook","filename":"subprocess.py","lineno":99}
{"timestamp":"2026-01-30T03:38:40.053542Z","level":"info","event":"\u001b[0m03:38:40  Sending event: {'category': 'dbt', 'action': 'runnable_timing', 'label': '382c30f0-d924-4c1c-92e8-840093a9a6db', 'context': [<snowplow_tracker.self_describing_json.SelfDescribingJson object at 0x7fcbef419bb0>]}","logger":"airflow.task.hooks.airflow.providers.standard.hooks.subprocess.SubprocessHook","filename":"subprocess.py","lineno":99}
{"timestamp":"2026-01-30T03:38:40.054100Z","level":"info","event":"\u001b[0m03:38:40  On master: ROLLBACK","logger":"airflow.task.hooks.airflow.providers.standard.hooks.subprocess.SubprocessHook","filename":"subprocess.py","lineno":99}
{"timestamp":"2026-01-30T03:38:40.054815Z","level":"info","event":"\u001b[0m03:38:40  On master: COMMIT","logger":"airflow.task.hooks.airflow.providers.standard.hooks.subprocess.SubprocessHook","filename":"subprocess.py","lineno":99}
{"timestamp":"2026-01-30T03:38:40.055347Z","level":"info","event":"\u001b[0m03:38:40  Using postgres connection \"master\"","logger":"airflow.task.hooks.airflow.providers.standard.hooks.subprocess.SubprocessHook","filename":"subprocess.py","lineno":99}
{"timestamp":"2026-01-30T03:38:40.055770Z","level":"info","event":"\u001b[0m03:38:40  On master: COMMIT","logger":"airflow.task.hooks.airflow.providers.standard.hooks.subprocess.SubprocessHook","filename":"subprocess.py","lineno":99}
{"timestamp":"2026-01-30T03:38:40.056459Z","level":"info","event":"\u001b[0m03:38:40  SQL status: COMMIT in 0.000 seconds","logger":"airflow.task.hooks.airflow.providers.standard.hooks.subprocess.SubprocessHook","filename":"subprocess.py","lineno":99}
{"timestamp":"2026-01-30T03:38:40.056879Z","level":"info","event":"\u001b[0m03:38:40  On master: Close","logger":"airflow.task.hooks.airflow.providers.standard.hooks.subprocess.SubprocessHook","filename":"subprocess.py","lineno":99}
{"timestamp":"2026-01-30T03:38:40.061674Z","level":"info","event":"\u001b[0m03:38:40  Began running node model.my_transformations.stg_data","logger":"airflow.task.hooks.airflow.providers.standard.hooks.subprocess.SubprocessHook","filename":"subprocess.py","lineno":99}
{"timestamp":"2026-01-30T03:38:40.062528Z","level":"info","event":"\u001b[0m03:38:40  1 of 1 START sql table model my_dbt_schema.stg_data ............................ [RUN]","logger":"airflow.task.hooks.airflow.providers.standard.hooks.subprocess.SubprocessHook","filename":"subprocess.py","lineno":99}
{"timestamp":"2026-01-30T03:38:40.063156Z","level":"info","event":"\u001b[0m03:38:40  Re-using an available connection from the pool (formerly list_scrapy_data_my_dbt_schema, now model.my_transformations.stg_data)","logger":"airflow.task.hooks.airflow.providers.standard.hooks.subprocess.SubprocessHook","filename":"subprocess.py","lineno":99}
{"timestamp":"2026-01-30T03:38:40.063616Z","level":"info","event":"\u001b[0m03:38:40  Began compiling node model.my_transformations.stg_data","logger":"airflow.task.hooks.airflow.providers.standard.hooks.subprocess.SubprocessHook","filename":"subprocess.py","lineno":99}
{"timestamp":"2026-01-30T03:38:40.074230Z","level":"info","event":"\u001b[0m03:38:40  Writing injected SQL for node \"model.my_transformations.stg_data\"","logger":"airflow.task.hooks.airflow.providers.standard.hooks.subprocess.SubprocessHook","filename":"subprocess.py","lineno":99}
{"timestamp":"2026-01-30T03:38:40.075064Z","level":"info","event":"\u001b[0m03:38:40  Began executing node model.my_transformations.stg_data","logger":"airflow.task.hooks.airflow.providers.standard.hooks.subprocess.SubprocessHook","filename":"subprocess.py","lineno":99}
{"timestamp":"2026-01-30T03:38:40.115990Z","level":"info","event":"\u001b[0m03:38:40  Writing runtime sql for node \"model.my_transformations.stg_data\"","logger":"airflow.task.hooks.airflow.providers.standard.hooks.subprocess.SubprocessHook","filename":"subprocess.py","lineno":99}
{"timestamp":"2026-01-30T03:38:40.116871Z","level":"info","event":"\u001b[0m03:38:40  Using postgres connection \"model.my_transformations.stg_data\"","logger":"airflow.task.hooks.airflow.providers.standard.hooks.subprocess.SubprocessHook","filename":"subprocess.py","lineno":99}
{"timestamp":"2026-01-30T03:38:40.117393Z","level":"info","event":"\u001b[0m03:38:40  On model.my_transformations.stg_data: /* {\"app\": \"dbt\", \"dbt_version\": \"1.11.2\", \"profile_name\": \"my_transformations\", \"target_name\": \"dev\", \"node_id\": \"model.my_transformations.stg_data\"} */","logger":"airflow.task.hooks.airflow.providers.standard.hooks.subprocess.SubprocessHook","filename":"subprocess.py","lineno":99}
{"timestamp":"2026-01-30T03:38:40.117478Z","level":"info","event":"","logger":"airflow.task.hooks.airflow.providers.standard.hooks.subprocess.SubprocessHook","filename":"subprocess.py","lineno":99}
{"timestamp":"2026-01-30T03:38:40.117531Z","level":"info","event":"","logger":"airflow.task.hooks.airflow.providers.standard.hooks.subprocess.SubprocessHook","filename":"subprocess.py","lineno":99}
{"timestamp":"2026-01-30T03:38:40.117568Z","level":"info","event":"","logger":"airflow.task.hooks.airflow.providers.standard.hooks.subprocess.SubprocessHook","filename":"subprocess.py","lineno":99}
{"timestamp":"2026-01-30T03:38:40.117597Z","level":"info","event":"","logger":"airflow.task.hooks.airflow.providers.standard.hooks.subprocess.SubprocessHook","filename":"subprocess.py","lineno":99}
{"timestamp":"2026-01-30T03:38:40.117627Z","level":"info","event":"  create  table \"scrapy_data\".\"my_dbt_schema\".\"stg_data__dbt_tmp\"","logger":"airflow.task.hooks.airflow.providers.standard.hooks.subprocess.SubprocessHook","filename":"subprocess.py","lineno":99}
{"timestamp":"2026-01-30T03:38:40.117656Z","level":"info","event":"","logger":"airflow.task.hooks.airflow.providers.standard.hooks.subprocess.SubprocessHook","filename":"subprocess.py","lineno":99}
{"timestamp":"2026-01-30T03:38:40.117684Z","level":"info","event":"","logger":"airflow.task.hooks.airflow.providers.standard.hooks.subprocess.SubprocessHook","filename":"subprocess.py","lineno":99}
{"timestamp":"2026-01-30T03:38:40.117711Z","level":"info","event":"    as","logger":"airflow.task.hooks.airflow.providers.standard.hooks.subprocess.SubprocessHook","filename":"subprocess.py","lineno":99}
{"timestamp":"2026-01-30T03:38:40.117740Z","level":"info","event":"","logger":"airflow.task.hooks.airflow.providers.standard.hooks.subprocess.SubprocessHook","filename":"subprocess.py","lineno":99}
{"timestamp":"2026-01-30T03:38:40.117767Z","level":"info","event":"  (","logger":"airflow.task.hooks.airflow.providers.standard.hooks.subprocess.SubprocessHook","filename":"subprocess.py","lineno":99}
{"timestamp":"2026-01-30T03:38:40.117792Z","level":"info","event":"    WITH data_to_stg AS (","logger":"airflow.task.hooks.airflow.providers.standard.hooks.subprocess.SubprocessHook","filename":"subprocess.py","lineno":99}
{"timestamp":"2026-01-30T03:38:40.117819Z","level":"info","event":"","logger":"airflow.task.hooks.airflow.providers.standard.hooks.subprocess.SubprocessHook","filename":"subprocess.py","lineno":99}
{"timestamp":"2026-01-30T03:38:40.117845Z","level":"info","event":"        SELECT","logger":"airflow.task.hooks.airflow.providers.standard.hooks.subprocess.SubprocessHook","filename":"subprocess.py","lineno":99}
{"timestamp":"2026-01-30T03:38:40.117870Z","level":"info","event":"            *,","logger":"airflow.task.hooks.airflow.providers.standard.hooks.subprocess.SubprocessHook","filename":"subprocess.py","lineno":99}
{"timestamp":"2026-01-30T03:38:40.117896Z","level":"info","event":"            ROW_NUMBER() OVER (","logger":"airflow.task.hooks.airflow.providers.standard.hooks.subprocess.SubprocessHook","filename":"subprocess.py","lineno":99}
{"timestamp":"2026-01-30T03:38:40.117922Z","level":"info","event":"                PARTITION BY full_title, memory, storage, color, site_name","logger":"airflow.task.hooks.airflow.providers.standard.hooks.subprocess.SubprocessHook","filename":"subprocess.py","lineno":99}
{"timestamp":"2026-01-30T03:38:40.117947Z","level":"info","event":"                ORDER BY scraped_at DESC","logger":"airflow.task.hooks.airflow.providers.standard.hooks.subprocess.SubprocessHook","filename":"subprocess.py","lineno":99}
{"timestamp":"2026-01-30T03:38:40.117973Z","level":"info","event":"            ) AS row_num","logger":"airflow.task.hooks.airflow.providers.standard.hooks.subprocess.SubprocessHook","filename":"subprocess.py","lineno":99}
{"timestamp":"2026-01-30T03:38:40.117999Z","level":"info","event":"        FROM \"scrapy_data\".\"public\".\"raw_data\"","logger":"airflow.task.hooks.airflow.providers.standard.hooks.subprocess.SubprocessHook","filename":"subprocess.py","lineno":99}
{"timestamp":"2026-01-30T03:38:40.118024Z","level":"info","event":"","logger":"airflow.task.hooks.airflow.providers.standard.hooks.subprocess.SubprocessHook","filename":"subprocess.py","lineno":99}
{"timestamp":"2026-01-30T03:38:40.118050Z","level":"info","event":")","logger":"airflow.task.hooks.airflow.providers.standard.hooks.subprocess.SubprocessHook","filename":"subprocess.py","lineno":99}
{"timestamp":"2026-01-30T03:38:40.118075Z","level":"info","event":"","logger":"airflow.task.hooks.airflow.providers.standard.hooks.subprocess.SubprocessHook","filename":"subprocess.py","lineno":99}
{"timestamp":"2026-01-30T03:38:40.118101Z","level":"info","event":"SELECT","logger":"airflow.task.hooks.airflow.providers.standard.hooks.subprocess.SubprocessHook","filename":"subprocess.py","lineno":99}
{"timestamp":"2026-01-30T03:38:40.118126Z","level":"info","event":"    CAST(id AS INTEGER) AS id,","logger":"airflow.task.hooks.airflow.providers.standard.hooks.subprocess.SubprocessHook","filename":"subprocess.py","lineno":99}
{"timestamp":"2026-01-30T03:38:40.118151Z","level":"info","event":"    -- CASE","logger":"airflow.task.hooks.airflow.providers.standard.hooks.subprocess.SubprocessHook","filename":"subprocess.py","lineno":99}
{"timestamp":"2026-01-30T03:38:40.118175Z","level":"info","event":"    --     WHEN full_title ILIKE '%notebook%' THEN 'notebook'","logger":"airflow.task.hooks.airflow.providers.standard.hooks.subprocess.SubprocessHook","filename":"subprocess.py","lineno":99}
{"timestamp":"2026-01-30T03:38:40.118201Z","level":"info","event":"    --     ELSE 'other'","logger":"airflow.task.hooks.airflow.providers.standard.hooks.subprocess.SubprocessHook","filename":"subprocess.py","lineno":99}
{"timestamp":"2026-01-30T03:38:40.118228Z","level":"info","event":"    -- END AS short_title,","logger":"airflow.task.hooks.airflow.providers.standard.hooks.subprocess.SubprocessHook","filename":"subprocess.py","lineno":99}
{"timestamp":"2026-01-30T03:38:40.118254Z","level":"info","event":"    short_title,","logger":"airflow.task.hooks.airflow.providers.standard.hooks.subprocess.SubprocessHook","filename":"subprocess.py","lineno":99}
{"timestamp":"2026-01-30T03:38:40.118279Z","level":"info","event":"    full_title,","logger":"airflow.task.hooks.airflow.providers.standard.hooks.subprocess.SubprocessHook","filename":"subprocess.py","lineno":99}
{"timestamp":"2026-01-30T03:38:40.118305Z","level":"info","event":"    memory,","logger":"airflow.task.hooks.airflow.providers.standard.hooks.subprocess.SubprocessHook","filename":"subprocess.py","lineno":99}
{"timestamp":"2026-01-30T03:38:40.118330Z","level":"info","event":"    storage,","logger":"airflow.task.hooks.airflow.providers.standard.hooks.subprocess.SubprocessHook","filename":"subprocess.py","lineno":99}
{"timestamp":"2026-01-30T03:38:40.118355Z","level":"info","event":"    LOWER(color) AS color,","logger":"airflow.task.hooks.airflow.providers.standard.hooks.subprocess.SubprocessHook","filename":"subprocess.py","lineno":99}
{"timestamp":"2026-01-30T03:38:40.118380Z","level":"info","event":"    CAST(REPLACE(REPLACE(price, '.', ''), ',', '.') AS NUMERIC(10, 2)) AS price,","logger":"airflow.task.hooks.airflow.providers.standard.hooks.subprocess.SubprocessHook","filename":"subprocess.py","lineno":99}
{"timestamp":"2026-01-30T03:38:40.118406Z","level":"info","event":"    scraped_at,","logger":"airflow.task.hooks.airflow.providers.standard.hooks.subprocess.SubprocessHook","filename":"subprocess.py","lineno":99}
{"timestamp":"2026-01-30T03:38:40.118431Z","level":"info","event":"    CASE","logger":"airflow.task.hooks.airflow.providers.standard.hooks.subprocess.SubprocessHook","filename":"subprocess.py","lineno":99}
{"timestamp":"2026-01-30T03:38:40.118457Z","level":"info","event":"        WHEN rating LIKE '%.%' THEN CAST(REGEXP_REPLACE(rating, '[^0-9.]', '', 'g') AS NUMERIC(10, 2))","logger":"airflow.task.hooks.airflow.providers.standard.hooks.subprocess.SubprocessHook","filename":"subprocess.py","lineno":99}
{"timestamp":"2026-01-30T03:38:40.118501Z","level":"info","event":"        ELSE NULL","logger":"airflow.task.hooks.airflow.providers.standard.hooks.subprocess.SubprocessHook","filename":"subprocess.py","lineno":99}
{"timestamp":"2026-01-30T03:38:40.118633Z","level":"info","event":"    END AS rating,","logger":"airflow.task.hooks.airflow.providers.standard.hooks.subprocess.SubprocessHook","filename":"subprocess.py","lineno":99}
{"timestamp":"2026-01-30T03:38:40.119302Z","level":"info","event":"    site_name","logger":"airflow.task.hooks.airflow.providers.standard.hooks.subprocess.SubprocessHook","filename":"subprocess.py","lineno":99}
{"timestamp":"2026-01-30T03:38:40.119348Z","level":"info","event":"FROM","logger":"airflow.task.hooks.airflow.providers.standard.hooks.subprocess.SubprocessHook","filename":"subprocess.py","lineno":99}
{"timestamp":"2026-01-30T03:38:40.119381Z","level":"info","event":"    data_to_stg","logger":"airflow.task.hooks.airflow.providers.standard.hooks.subprocess.SubprocessHook","filename":"subprocess.py","lineno":99}
{"timestamp":"2026-01-30T03:38:40.119412Z","level":"info","event":"WHERE","logger":"airflow.task.hooks.airflow.providers.standard.hooks.subprocess.SubprocessHook","filename":"subprocess.py","lineno":99}
{"timestamp":"2026-01-30T03:38:40.119441Z","level":"info","event":"","logger":"airflow.task.hooks.airflow.providers.standard.hooks.subprocess.SubprocessHook","filename":"subprocess.py","lineno":99}
{"timestamp":"2026-01-30T03:38:40.119469Z","level":"info","event":"        row_num = 1","logger":"airflow.task.hooks.airflow.providers.standard.hooks.subprocess.SubprocessHook","filename":"subprocess.py","lineno":99}
{"timestamp":"2026-01-30T03:38:40.119496Z","level":"info","event":"","logger":"airflow.task.hooks.airflow.providers.standard.hooks.subprocess.SubprocessHook","filename":"subprocess.py","lineno":99}
{"timestamp":"2026-01-30T03:38:40.119523Z","level":"info","event":"  );","logger":"airflow.task.hooks.airflow.providers.standard.hooks.subprocess.SubprocessHook","filename":"subprocess.py","lineno":99}
{"timestamp":"2026-01-30T03:38:40.119550Z","level":"info","event":"","logger":"airflow.task.hooks.airflow.providers.standard.hooks.subprocess.SubprocessHook","filename":"subprocess.py","lineno":99}
{"timestamp":"2026-01-30T03:38:40.119581Z","level":"info","event":"\u001b[0m03:38:40  Opening a new connection, currently in state closed","logger":"airflow.task.hooks.airflow.providers.standard.hooks.subprocess.SubprocessHook","filename":"subprocess.py","lineno":99}
{"timestamp":"2026-01-30T03:38:40.153148Z","level":"info","event":"\u001b[0m03:38:40  SQL status: SELECT 607 in 0.035 seconds","logger":"airflow.task.hooks.airflow.providers.standard.hooks.subprocess.SubprocessHook","filename":"subprocess.py","lineno":99}
{"timestamp":"2026-01-30T03:38:40.163122Z","level":"info","event":"\u001b[0m03:38:40  Using postgres connection \"model.my_transformations.stg_data\"","logger":"airflow.task.hooks.airflow.providers.standard.hooks.subprocess.SubprocessHook","filename":"subprocess.py","lineno":99}
{"timestamp":"2026-01-30T03:38:40.163661Z","level":"info","event":"\u001b[0m03:38:40  On model.my_transformations.stg_data: /* {\"app\": \"dbt\", \"dbt_version\": \"1.11.2\", \"profile_name\": \"my_transformations\", \"target_name\": \"dev\", \"node_id\": \"model.my_transformations.stg_data\"} */","logger":"airflow.task.hooks.airflow.providers.standard.hooks.subprocess.SubprocessHook","filename":"subprocess.py","lineno":99}
{"timestamp":"2026-01-30T03:38:40.163810Z","level":"info","event":"alter table \"scrapy_data\".\"my_dbt_schema\".\"stg_data\" rename to \"stg_data__dbt_backup\"","logger":"airflow.task.hooks.airflow.providers.standard.hooks.subprocess.SubprocessHook","filename":"subprocess.py","lineno":99}
{"timestamp":"2026-01-30T03:38:40.164751Z","level":"info","event":"\u001b[0m03:38:40  SQL status: ALTER TABLE in 0.001 seconds","logger":"airflow.task.hooks.airflow.providers.standard.hooks.subprocess.SubprocessHook","filename":"subprocess.py","lineno":99}
{"timestamp":"2026-01-30T03:38:40.168504Z","level":"info","event":"\u001b[0m03:38:40  Using postgres connection \"model.my_transformations.stg_data\"","logger":"airflow.task.hooks.airflow.providers.standard.hooks.subprocess.SubprocessHook","filename":"subprocess.py","lineno":99}
{"timestamp":"2026-01-30T03:38:40.168962Z","level":"info","event":"\u001b[0m03:38:40  On model.my_transformations.stg_data: /* {\"app\": \"dbt\", \"dbt_version\": \"1.11.2\", \"profile_name\": \"my_transformations\", \"target_name\": \"dev\", \"node_id\": \"model.my_transformations.stg_data\"} */","logger":"airflow.task.hooks.airflow.providers.standard.hooks.subprocess.SubprocessHook","filename":"subprocess.py","lineno":99}
{"timestamp":"2026-01-30T03:38:40.169084Z","level":"info","event":"alter table \"scrapy_data\".\"my_dbt_schema\".\"stg_data__dbt_tmp\" rename to \"stg_data\"","logger":"airflow.task.hooks.airflow.providers.standard.hooks.subprocess.SubprocessHook","filename":"subprocess.py","lineno":99}
{"timestamp":"2026-01-30T03:38:40.169847Z","level":"info","event":"\u001b[0m03:38:40  SQL status: ALTER TABLE in 0.000 seconds","logger":"airflow.task.hooks.airflow.providers.standard.hooks.subprocess.SubprocessHook","filename":"subprocess.py","lineno":99}
{"timestamp":"2026-01-30T03:38:40.188037Z","level":"info","event":"\u001b[0m03:38:40  On model.my_transformations.stg_data: COMMIT","logger":"airflow.task.hooks.airflow.providers.standard.hooks.subprocess.SubprocessHook","filename":"subprocess.py","lineno":99}
{"timestamp":"2026-01-30T03:38:40.188511Z","level":"info","event":"\u001b[0m03:38:40  Using postgres connection \"model.my_transformations.stg_data\"","logger":"airflow.task.hooks.airflow.providers.standard.hooks.subprocess.SubprocessHook","filename":"subprocess.py","lineno":99}
{"timestamp":"2026-01-30T03:38:40.188988Z","level":"info","event":"\u001b[0m03:38:40  On model.my_transformations.stg_data: COMMIT","logger":"airflow.task.hooks.airflow.providers.standard.hooks.subprocess.SubprocessHook","filename":"subprocess.py","lineno":99}
{"timestamp":"2026-01-30T03:38:40.191270Z","level":"info","event":"\u001b[0m03:38:40  SQL status: COMMIT in 0.002 seconds","logger":"airflow.task.hooks.airflow.providers.standard.hooks.subprocess.SubprocessHook","filename":"subprocess.py","lineno":99}
{"timestamp":"2026-01-30T03:38:40.198673Z","level":"info","event":"\u001b[0m03:38:40  Applying DROP to: \"scrapy_data\".\"my_dbt_schema\".\"stg_data__dbt_backup\"","logger":"airflow.task.hooks.airflow.providers.standard.hooks.subprocess.SubprocessHook","filename":"subprocess.py","lineno":99}
{"timestamp":"2026-01-30T03:38:40.206358Z","level":"info","event":"\u001b[0m03:38:40  Using postgres connection \"model.my_transformations.stg_data\"","logger":"airflow.task.hooks.airflow.providers.standard.hooks.subprocess.SubprocessHook","filename":"subprocess.py","lineno":99}
{"timestamp":"2026-01-30T03:38:40.206888Z","level":"info","event":"\u001b[0m03:38:40  On model.my_transformations.stg_data: /* {\"app\": \"dbt\", \"dbt_version\": \"1.11.2\", \"profile_name\": \"my_transformations\", \"target_name\": \"dev\", \"node_id\": \"model.my_transformations.stg_data\"} */","logger":"airflow.task.hooks.airflow.providers.standard.hooks.subprocess.SubprocessHook","filename":"subprocess.py","lineno":99}
{"timestamp":"2026-01-30T03:38:40.206981Z","level":"info","event":"drop table if exists \"scrapy_data\".\"my_dbt_schema\".\"stg_data__dbt_backup\" cascade","logger":"airflow.task.hooks.airflow.providers.standard.hooks.subprocess.SubprocessHook","filename":"subprocess.py","lineno":99}
{"timestamp":"2026-01-30T03:38:40.212573Z","level":"info","event":"\u001b[0m03:38:40  SQL status: DROP TABLE in 0.005 seconds","logger":"airflow.task.hooks.airflow.providers.standard.hooks.subprocess.SubprocessHook","filename":"subprocess.py","lineno":99}
{"timestamp":"2026-01-30T03:38:40.215507Z","level":"info","event":"\u001b[0m03:38:40  On model.my_transformations.stg_data: Close","logger":"airflow.task.hooks.airflow.providers.standard.hooks.subprocess.SubprocessHook","filename":"subprocess.py","lineno":99}
{"timestamp":"2026-01-30T03:38:40.219119Z","level":"info","event":"\u001b[0m03:38:40  Sending event: {'category': 'dbt', 'action': 'run_model', 'label': '382c30f0-d924-4c1c-92e8-840093a9a6db', 'context': [<snowplow_tracker.self_describing_json.SelfDescribingJson object at 0x7fcbf19e8500>]}","logger":"airflow.task.hooks.airflow.providers.standard.hooks.subprocess.SubprocessHook","filename":"subprocess.py","lineno":99}
{"timestamp":"2026-01-30T03:38:40.220002Z","level":"info","event":"\u001b[0m03:38:40  1 of 1 OK created sql table model my_dbt_schema.stg_data ....................... [\u001b[32mSELECT 607\u001b[0m in 0.15s]","logger":"airflow.task.hooks.airflow.providers.standard.hooks.subprocess.SubprocessHook","filename":"subprocess.py","lineno":99}
{"timestamp":"2026-01-30T03:38:40.220687Z","level":"info","event":"\u001b[0m03:38:40  Finished running node model.my_transformations.stg_data","logger":"airflow.task.hooks.airflow.providers.standard.hooks.subprocess.SubprocessHook","filename":"subprocess.py","lineno":99}
{"timestamp":"2026-01-30T03:38:40.222722Z","level":"info","event":"\u001b[0m03:38:40  On master: COMMIT","logger":"airflow.task.hooks.airflow.providers.standard.hooks.subprocess.SubprocessHook","filename":"subprocess.py","lineno":99}
{"timestamp":"2026-01-30T03:38:40.223199Z","level":"info","event":"\u001b[0m03:38:40  Using postgres connection \"master\"","logger":"airflow.task.hooks.airflow.providers.standard.hooks.subprocess.SubprocessHook","filename":"subprocess.py","lineno":99}
{"timestamp":"2026-01-30T03:38:40.223600Z","level":"info","event":"\u001b[0m03:38:40  On master: COMMIT","logger":"airflow.task.hooks.airflow.providers.standard.hooks.subprocess.SubprocessHook","filename":"subprocess.py","lineno":99}
{"timestamp":"2026-01-30T03:38:40.223982Z","level":"info","event":"\u001b[0m03:38:40  Opening a new connection, currently in state closed","logger":"airflow.task.hooks.airflow.providers.standard.hooks.subprocess.SubprocessHook","filename":"subprocess.py","lineno":99}
{"timestamp":"2026-01-30T03:38:40.232143Z","level":"info","event":"\u001b[0m03:38:40  SQL status: COMMIT in 0.008 seconds","logger":"airflow.task.hooks.airflow.providers.standard.hooks.subprocess.SubprocessHook","filename":"subprocess.py","lineno":99}
{"timestamp":"2026-01-30T03:38:40.232697Z","level":"info","event":"\u001b[0m03:38:40  On master: Close","logger":"airflow.task.hooks.airflow.providers.standard.hooks.subprocess.SubprocessHook","filename":"subprocess.py","lineno":99}
{"timestamp":"2026-01-30T03:38:40.233733Z","level":"info","event":"\u001b[0m03:38:40  Connection 'master' was properly closed.","logger":"airflow.task.hooks.airflow.providers.standard.hooks.subprocess.SubprocessHook","filename":"subprocess.py","lineno":99}
{"timestamp":"2026-01-30T03:38:40.234233Z","level":"info","event":"\u001b[0m03:38:40  Connection 'model.my_transformations.stg_data' was properly closed.","logger":"airflow.task.hooks.airflow.providers.standard.hooks.subprocess.SubprocessHook","filename":"subprocess.py","lineno":99}
{"timestamp":"2026-01-30T03:38:40.234851Z","level":"info","event":"\u001b[0m03:38:40","logger":"airflow.task.hooks.airflow.providers.standard.hooks.subprocess.SubprocessHook","filename":"subprocess.py","lineno":99}
{"timestamp":"2026-01-30T03:38:40.235342Z","level":"info","event":"\u001b[0m03:38:40  Finished running 1 table model in 0 hours 0 minutes and 0.30 seconds (0.30s).","logger":"airflow.task.hooks.airflow.providers.standard.hooks.subprocess.SubprocessHook","filename":"subprocess.py","lineno":99}
{"timestamp":"2026-01-30T03:38:40.236431Z","level":"info","event":"\u001b[0m03:38:40  Command end result","logger":"airflow.task.hooks.airflow.providers.standard.hooks.subprocess.SubprocessHook","filename":"subprocess.py","lineno":99}
{"timestamp":"2026-01-30T03:38:40.259738Z","level":"info","event":"\u001b[0m03:38:40  Wrote artifact WritableManifest to /opt/airflow/project/dbt_project/target/manifest.json","logger":"airflow.task.hooks.airflow.providers.standard.hooks.subprocess.SubprocessHook","filename":"subprocess.py","lineno":99}
{"timestamp":"2026-01-30T03:38:40.261756Z","level":"info","event":"\u001b[0m03:38:40  Wrote artifact SemanticManifest to /opt/airflow/project/dbt_project/target/semantic_manifest.json","logger":"airflow.task.hooks.airflow.providers.standard.hooks.subprocess.SubprocessHook","filename":"subprocess.py","lineno":99}
{"timestamp":"2026-01-30T03:38:40.267716Z","level":"info","event":"\u001b[0m03:38:40  Wrote artifact RunExecutionResult to /opt/airflow/project/dbt_project/target/run_results.json","logger":"airflow.task.hooks.airflow.providers.standard.hooks.subprocess.SubprocessHook","filename":"subprocess.py","lineno":99}
{"timestamp":"2026-01-30T03:38:40.268399Z","level":"info","event":"\u001b[0m03:38:40","logger":"airflow.task.hooks.airflow.providers.standard.hooks.subprocess.SubprocessHook","filename":"subprocess.py","lineno":99}
{"timestamp":"2026-01-30T03:38:40.269124Z","level":"info","event":"\u001b[0m03:38:40  \u001b[32mCompleted successfully\u001b[0m","logger":"airflow.task.hooks.airflow.providers.standard.hooks.subprocess.SubprocessHook","filename":"subprocess.py","lineno":99}
{"timestamp":"2026-01-30T03:38:40.269662Z","level":"info","event":"\u001b[0m03:38:40","logger":"airflow.task.hooks.airflow.providers.standard.hooks.subprocess.SubprocessHook","filename":"subprocess.py","lineno":99}
{"timestamp":"2026-01-30T03:38:40.270104Z","level":"info","event":"\u001b[0m03:38:40  Done. PASS=1 WARN=0 ERROR=0 SKIP=0 NO-OP=0 TOTAL=1","logger":"airflow.task.hooks.airflow.providers.standard.hooks.subprocess.SubprocessHook","filename":"subprocess.py","lineno":99}
{"timestamp":"2026-01-30T03:38:40.271377Z","level":"info","event":"\u001b[0m03:38:40  Resource report: {\"command_name\": \"run\", \"command_success\": true, \"command_wall_clock_time\": 1.7845099, \"process_in_blocks\": \"46784\", \"process_kernel_time\": 0.600516, \"process_mem_max_rss\": \"131436\", \"process_out_blocks\": \"2848\", \"process_user_time\": 2.851507}","logger":"airflow.task.hooks.airflow.providers.standard.hooks.subprocess.SubprocessHook","filename":"subprocess.py","lineno":99}
{"timestamp":"2026-01-30T03:38:40.271947Z","level":"info","event":"\u001b[0m03:38:40  Command `dbt run` succeeded at 03:38:40.271614 after 1.79 seconds","logger":"airflow.task.hooks.airflow.providers.standard.hooks.subprocess.SubprocessHook","filename":"subprocess.py","lineno":99}
{"timestamp":"2026-01-30T03:38:40.272454Z","level":"info","event":"\u001b[0m03:38:40  Sending event: {'category': 'dbt', 'action': 'invocation', 'label': 'end', 'context': [<snowplow_tracker.self_describing_json.SelfDescribingJson object at 0x7fcbef088d70>, <snowplow_tracker.self_describing_json.SelfDescribingJson object at 0x7fcbf177f470>, <snowplow_tracker.self_describing_json.SelfDescribingJson object at 0x7fcbedbb90d0>]}","logger":"airflow.task.hooks.airflow.providers.standard.hooks.subprocess.SubprocessHook","filename":"subprocess.py","lineno":99}
{"timestamp":"2026-01-30T03:38:40.272918Z","level":"info","event":"\u001b[0m03:38:40  Flushing usage events","logger":"airflow.task.hooks.airflow.providers.standard.hooks.subprocess.SubprocessHook","filename":"subprocess.py","lineno":99}
{"timestamp":"2026-01-30T03:38:40.985372Z","level":"info","event":"\u001b[0m03:38:40  An error was encountered while trying to flush usage events","logger":"airflow.task.hooks.airflow.providers.standard.hooks.subprocess.SubprocessHook","filename":"subprocess.py","lineno":99}
{"timestamp":"2026-01-30T03:38:41.411246Z","level":"info","event":"Command exited with return code 0","logger":"airflow.task.hooks.airflow.providers.standard.hooks.subprocess.SubprocessHook","filename":"subprocess.py","lineno":103}
{"timestamp":"2026-01-30T03:38:41.411852Z","level":"info","event":"Pushing xcom","ti":"RuntimeTaskInstance(id=UUID('019c0cfa-4fbf-7ac9-bdbe-b8aab9fe49c0'), task_id='run_dbt_part1', dag_id='scrapy_pipeline', run_id='scheduled__2026-01-30T00:00:00+00:00', try_number=1, dag_version_id=UUID('019bfd81-981a-7641-b047-d02df10eff8c'), map_index=-1, hostname='4fc5979f3cf4', context_carrier={}, task=<Task(BashOperator): run_dbt_part1>, bundle_instance=LocalDagBundle(name=dags-folder), max_tries=0, start_date=datetime.datetime(2026, 1, 30, 3, 38, 35, 852897, tzinfo=datetime.timezone.utc), end_date=None, state=<TaskInstanceState.RUNNING: 'running'>, is_mapped=False, rendered_map_index=None)","logger":"task","filename":"task_runner.py","lineno":1370}
