{"timestamp":"2026-01-31T01:42:17.815609Z","level":"info","event":"DAG bundles loaded: dags-folder","logger":"airflow.dag_processing.bundles.manager.DagBundlesManager","filename":"manager.py","lineno":179}
{"timestamp":"2026-01-31T01:42:17.816279Z","level":"info","event":"Filling up the DagBag from /opt/airflow/dags/scrapy_pipeline.py","logger":"airflow.models.dagbag.DagBag","filename":"dagbag.py","lineno":593}
{"timestamp":"2026-01-31T01:42:17.957576Z","level":"info","event":"Tmp dir root location: /tmp","logger":"airflow.task.hooks.airflow.providers.standard.hooks.subprocess.SubprocessHook","filename":"subprocess.py","lineno":78}
{"timestamp":"2026-01-31T01:42:17.958680Z","level":"info","event":"Running command: ['/usr/bin/bash', '-c', 'cd /opt/airflow/project/dbt_project && dbt run --select stg_data --profiles-dir . --debug']","logger":"airflow.task.hooks.airflow.providers.standard.hooks.subprocess.SubprocessHook","filename":"subprocess.py","lineno":80}
{"timestamp":"2026-01-31T01:42:17.959490Z","level":"info","event":"Output:","logger":"airflow.task.hooks.airflow.providers.standard.hooks.subprocess.SubprocessHook","filename":"subprocess.py","lineno":92}
{"timestamp":"2026-01-31T01:42:20.257396Z","level":"info","event":"\u001b[0m01:42:20  Sending event: {'category': 'dbt', 'action': 'invocation', 'label': 'start', 'context': [<snowplow_tracker.self_describing_json.SelfDescribingJson object at 0x727820071be0>, <snowplow_tracker.self_describing_json.SelfDescribingJson object at 0x727821a158e0>, <snowplow_tracker.self_describing_json.SelfDescribingJson object at 0x72782190c140>]}","logger":"airflow.task.hooks.airflow.providers.standard.hooks.subprocess.SubprocessHook","filename":"subprocess.py","lineno":99}
{"timestamp":"2026-01-31T01:42:20.258113Z","level":"info","event":"\u001b[0m01:42:20  Running with dbt=1.11.2","logger":"airflow.task.hooks.airflow.providers.standard.hooks.subprocess.SubprocessHook","filename":"subprocess.py","lineno":99}
{"timestamp":"2026-01-31T01:42:20.258740Z","level":"info","event":"\u001b[0m01:42:20  running dbt with arguments {'write_json': 'True', 'log_format': 'default', 'warn_error': 'None', 'fail_fast': 'False', 'invocation_command': 'dbt run --select stg_data --profiles-dir . --debug', 'indirect_selection': 'eager', 'introspect': 'True', 'quiet': 'False', 'profiles_dir': '.', 'printer_width': '80', 'target_path': 'None', 'static_parser': 'True', 'cache_selected_only': 'False', 'use_experimental_parser': 'False', 'debug': 'True', 'version_check': 'True', 'send_anonymous_usage_stats': 'True', 'warn_error_options': 'WarnErrorOptionsV2(error=[], warn=[], silence=[])', 'log_path': '/opt/airflow/project/dbt_project/logs', 'log_cache_events': 'False', 'partial_parse': 'True', 'use_colors': 'True', 'no_print': 'None', 'empty': 'False'}","logger":"airflow.task.hooks.airflow.providers.standard.hooks.subprocess.SubprocessHook","filename":"subprocess.py","lineno":99}
{"timestamp":"2026-01-31T01:42:20.541969Z","level":"info","event":"\u001b[0m01:42:20  Sending event: {'category': 'dbt', 'action': 'project_id', 'label': '44f39005-e7b1-43e8-80be-297811fc9059', 'context': [<snowplow_tracker.self_describing_json.SelfDescribingJson object at 0x72781e17fc50>]}","logger":"airflow.task.hooks.airflow.providers.standard.hooks.subprocess.SubprocessHook","filename":"subprocess.py","lineno":99}
{"timestamp":"2026-01-31T01:42:20.609618Z","level":"info","event":"\u001b[0m01:42:20  Sending event: {'category': 'dbt', 'action': 'adapter_info', 'label': '44f39005-e7b1-43e8-80be-297811fc9059', 'context': [<snowplow_tracker.self_describing_json.SelfDescribingJson object at 0x72781e14b3b0>]}","logger":"airflow.task.hooks.airflow.providers.standard.hooks.subprocess.SubprocessHook","filename":"subprocess.py","lineno":99}
{"timestamp":"2026-01-31T01:42:20.620831Z","level":"info","event":"\u001b[0m01:42:20  Registered adapter: postgres=1.10.0","logger":"airflow.task.hooks.airflow.providers.standard.hooks.subprocess.SubprocessHook","filename":"subprocess.py","lineno":99}
{"timestamp":"2026-01-31T01:42:20.739855Z","level":"info","event":"\u001b[0m01:42:20  checksum: 3d40d8bbe1bef07db1c24822f2dbfff8bc07f2a48ed4fe2658a40653aec0b54b, vars: {}, profile: , target: , version: 1.11.2","logger":"airflow.task.hooks.airflow.providers.standard.hooks.subprocess.SubprocessHook","filename":"subprocess.py","lineno":99}
{"timestamp":"2026-01-31T01:42:20.914244Z","level":"info","event":"\u001b[0m01:42:20  Partial parsing enabled: 0 files deleted, 0 files added, 0 files changed.","logger":"airflow.task.hooks.airflow.providers.standard.hooks.subprocess.SubprocessHook","filename":"subprocess.py","lineno":99}
{"timestamp":"2026-01-31T01:42:20.914660Z","level":"info","event":"\u001b[0m01:42:20  Nothing changed, skipping partial parsing.","logger":"airflow.task.hooks.airflow.providers.standard.hooks.subprocess.SubprocessHook","filename":"subprocess.py","lineno":99}
{"timestamp":"2026-01-31T01:42:20.915057Z","level":"info","event":"\u001b[0m01:42:20  Partial parsing enabled, no changes found, skipping parsing","logger":"airflow.task.hooks.airflow.providers.standard.hooks.subprocess.SubprocessHook","filename":"subprocess.py","lineno":99}
{"timestamp":"2026-01-31T01:42:20.973395Z","level":"info","event":"\u001b[0m01:42:20  Sending event: {'category': 'dbt', 'action': 'load_project', 'label': '44f39005-e7b1-43e8-80be-297811fc9059', 'context': [<snowplow_tracker.self_describing_json.SelfDescribingJson object at 0x72781ddb7e60>]}","logger":"airflow.task.hooks.airflow.providers.standard.hooks.subprocess.SubprocessHook","filename":"subprocess.py","lineno":99}
{"timestamp":"2026-01-31T01:42:21.078538Z","level":"info","event":"\u001b[0m01:42:21  Wrote artifact WritableManifest to /opt/airflow/project/dbt_project/target/manifest.json","logger":"airflow.task.hooks.airflow.providers.standard.hooks.subprocess.SubprocessHook","filename":"subprocess.py","lineno":99}
{"timestamp":"2026-01-31T01:42:21.080408Z","level":"info","event":"\u001b[0m01:42:21  Wrote artifact SemanticManifest to /opt/airflow/project/dbt_project/target/semantic_manifest.json","logger":"airflow.task.hooks.airflow.providers.standard.hooks.subprocess.SubprocessHook","filename":"subprocess.py","lineno":99}
{"timestamp":"2026-01-31T01:42:21.150437Z","level":"info","event":"\u001b[0m01:42:21  Sending event: {'category': 'dbt', 'action': 'resource_counts', 'label': '44f39005-e7b1-43e8-80be-297811fc9059', 'context': [<snowplow_tracker.self_describing_json.SelfDescribingJson object at 0x72781cd186e0>]}","logger":"airflow.task.hooks.airflow.providers.standard.hooks.subprocess.SubprocessHook","filename":"subprocess.py","lineno":99}
{"timestamp":"2026-01-31T01:42:21.151899Z","level":"info","event":"\u001b[0m01:42:21  Found 3 models, 1 seed, 5 data tests, 1 source, 464 macros","logger":"airflow.task.hooks.airflow.providers.standard.hooks.subprocess.SubprocessHook","filename":"subprocess.py","lineno":99}
{"timestamp":"2026-01-31T01:42:21.152012Z","level":"info","event":"\u001b[0m01:42:21  Sending event: {'category': 'dbt', 'action': 'runnable_timing', 'label': '44f39005-e7b1-43e8-80be-297811fc9059', 'context': [<snowplow_tracker.self_describing_json.SelfDescribingJson object at 0x72781d9d4410>]}","logger":"airflow.task.hooks.airflow.providers.standard.hooks.subprocess.SubprocessHook","filename":"subprocess.py","lineno":99}
{"timestamp":"2026-01-31T01:42:21.153899Z","level":"info","event":"\u001b[0m01:42:21","logger":"airflow.task.hooks.airflow.providers.standard.hooks.subprocess.SubprocessHook","filename":"subprocess.py","lineno":99}
{"timestamp":"2026-01-31T01:42:21.156058Z","level":"info","event":"\u001b[0m01:42:21  Concurrency: 1 threads (target='dev')","logger":"airflow.task.hooks.airflow.providers.standard.hooks.subprocess.SubprocessHook","filename":"subprocess.py","lineno":99}
{"timestamp":"2026-01-31T01:42:21.156202Z","level":"info","event":"\u001b[0m01:42:21","logger":"airflow.task.hooks.airflow.providers.standard.hooks.subprocess.SubprocessHook","filename":"subprocess.py","lineno":99}
{"timestamp":"2026-01-31T01:42:21.156244Z","level":"info","event":"\u001b[0m01:42:21  Acquiring new postgres connection 'master'","logger":"airflow.task.hooks.airflow.providers.standard.hooks.subprocess.SubprocessHook","filename":"subprocess.py","lineno":99}
{"timestamp":"2026-01-31T01:42:21.157000Z","level":"info","event":"\u001b[0m01:42:21  Acquiring new postgres connection 'list_scrapy_data'","logger":"airflow.task.hooks.airflow.providers.standard.hooks.subprocess.SubprocessHook","filename":"subprocess.py","lineno":99}
{"timestamp":"2026-01-31T01:42:21.207673Z","level":"info","event":"\u001b[0m01:42:21  Using postgres connection \"list_scrapy_data\"","logger":"airflow.task.hooks.airflow.providers.standard.hooks.subprocess.SubprocessHook","filename":"subprocess.py","lineno":99}
{"timestamp":"2026-01-31T01:42:21.208314Z","level":"info","event":"\u001b[0m01:42:21  On list_scrapy_data: /* {\"app\": \"dbt\", \"dbt_version\": \"1.11.2\", \"profile_name\": \"my_transformations\", \"target_name\": \"dev\", \"connection_name\": \"list_scrapy_data\"} */","logger":"airflow.task.hooks.airflow.providers.standard.hooks.subprocess.SubprocessHook","filename":"subprocess.py","lineno":99}
{"timestamp":"2026-01-31T01:42:21.208441Z","level":"info","event":"","logger":"airflow.task.hooks.airflow.providers.standard.hooks.subprocess.SubprocessHook","filename":"subprocess.py","lineno":99}
{"timestamp":"2026-01-31T01:42:21.208496Z","level":"info","event":"    select distinct nspname from pg_namespace","logger":"airflow.task.hooks.airflow.providers.standard.hooks.subprocess.SubprocessHook","filename":"subprocess.py","lineno":99}
{"timestamp":"2026-01-31T01:42:21.208536Z","level":"info","event":"","logger":"airflow.task.hooks.airflow.providers.standard.hooks.subprocess.SubprocessHook","filename":"subprocess.py","lineno":99}
{"timestamp":"2026-01-31T01:42:21.208785Z","level":"info","event":"\u001b[0m01:42:21  Opening a new connection, currently in state init","logger":"airflow.task.hooks.airflow.providers.standard.hooks.subprocess.SubprocessHook","filename":"subprocess.py","lineno":99}
{"timestamp":"2026-01-31T01:42:21.227419Z","level":"info","event":"\u001b[0m01:42:21  SQL status: SELECT 5 in 0.018 seconds","logger":"airflow.task.hooks.airflow.providers.standard.hooks.subprocess.SubprocessHook","filename":"subprocess.py","lineno":99}
{"timestamp":"2026-01-31T01:42:21.229034Z","level":"info","event":"\u001b[0m01:42:21  On list_scrapy_data: Close","logger":"airflow.task.hooks.airflow.providers.standard.hooks.subprocess.SubprocessHook","filename":"subprocess.py","lineno":99}
{"timestamp":"2026-01-31T01:42:21.234008Z","level":"info","event":"\u001b[0m01:42:21  Re-using an available connection from the pool (formerly list_scrapy_data, now list_scrapy_data_my_dbt_schema)","logger":"airflow.task.hooks.airflow.providers.standard.hooks.subprocess.SubprocessHook","filename":"subprocess.py","lineno":99}
{"timestamp":"2026-01-31T01:42:21.241502Z","level":"info","event":"\u001b[0m01:42:21  Using postgres connection \"list_scrapy_data_my_dbt_schema\"","logger":"airflow.task.hooks.airflow.providers.standard.hooks.subprocess.SubprocessHook","filename":"subprocess.py","lineno":99}
{"timestamp":"2026-01-31T01:42:21.242147Z","level":"info","event":"\u001b[0m01:42:21  On list_scrapy_data_my_dbt_schema: /* {\"app\": \"dbt\", \"dbt_version\": \"1.11.2\", \"profile_name\": \"my_transformations\", \"target_name\": \"dev\", \"connection_name\": \"list_scrapy_data_my_dbt_schema\"} */","logger":"airflow.task.hooks.airflow.providers.standard.hooks.subprocess.SubprocessHook","filename":"subprocess.py","lineno":99}
{"timestamp":"2026-01-31T01:42:21.242259Z","level":"info","event":"select","logger":"airflow.task.hooks.airflow.providers.standard.hooks.subprocess.SubprocessHook","filename":"subprocess.py","lineno":99}
{"timestamp":"2026-01-31T01:42:21.242337Z","level":"info","event":"      'scrapy_data' as database,","logger":"airflow.task.hooks.airflow.providers.standard.hooks.subprocess.SubprocessHook","filename":"subprocess.py","lineno":99}
{"timestamp":"2026-01-31T01:42:21.242378Z","level":"info","event":"      tablename as name,","logger":"airflow.task.hooks.airflow.providers.standard.hooks.subprocess.SubprocessHook","filename":"subprocess.py","lineno":99}
{"timestamp":"2026-01-31T01:42:21.242411Z","level":"info","event":"      schemaname as schema,","logger":"airflow.task.hooks.airflow.providers.standard.hooks.subprocess.SubprocessHook","filename":"subprocess.py","lineno":99}
{"timestamp":"2026-01-31T01:42:21.242441Z","level":"info","event":"      'table' as type","logger":"airflow.task.hooks.airflow.providers.standard.hooks.subprocess.SubprocessHook","filename":"subprocess.py","lineno":99}
{"timestamp":"2026-01-31T01:42:21.242470Z","level":"info","event":"    from pg_tables","logger":"airflow.task.hooks.airflow.providers.standard.hooks.subprocess.SubprocessHook","filename":"subprocess.py","lineno":99}
{"timestamp":"2026-01-31T01:42:21.242497Z","level":"info","event":"    where schemaname ilike 'my_dbt_schema'","logger":"airflow.task.hooks.airflow.providers.standard.hooks.subprocess.SubprocessHook","filename":"subprocess.py","lineno":99}
{"timestamp":"2026-01-31T01:42:21.242524Z","level":"info","event":"    union all","logger":"airflow.task.hooks.airflow.providers.standard.hooks.subprocess.SubprocessHook","filename":"subprocess.py","lineno":99}
{"timestamp":"2026-01-31T01:42:21.242553Z","level":"info","event":"    select","logger":"airflow.task.hooks.airflow.providers.standard.hooks.subprocess.SubprocessHook","filename":"subprocess.py","lineno":99}
{"timestamp":"2026-01-31T01:42:21.242581Z","level":"info","event":"      'scrapy_data' as database,","logger":"airflow.task.hooks.airflow.providers.standard.hooks.subprocess.SubprocessHook","filename":"subprocess.py","lineno":99}
{"timestamp":"2026-01-31T01:42:21.242609Z","level":"info","event":"      viewname as name,","logger":"airflow.task.hooks.airflow.providers.standard.hooks.subprocess.SubprocessHook","filename":"subprocess.py","lineno":99}
{"timestamp":"2026-01-31T01:42:21.242636Z","level":"info","event":"      schemaname as schema,","logger":"airflow.task.hooks.airflow.providers.standard.hooks.subprocess.SubprocessHook","filename":"subprocess.py","lineno":99}
{"timestamp":"2026-01-31T01:42:21.242663Z","level":"info","event":"      'view' as type","logger":"airflow.task.hooks.airflow.providers.standard.hooks.subprocess.SubprocessHook","filename":"subprocess.py","lineno":99}
{"timestamp":"2026-01-31T01:42:21.242690Z","level":"info","event":"    from pg_views","logger":"airflow.task.hooks.airflow.providers.standard.hooks.subprocess.SubprocessHook","filename":"subprocess.py","lineno":99}
{"timestamp":"2026-01-31T01:42:21.242717Z","level":"info","event":"    where schemaname ilike 'my_dbt_schema'","logger":"airflow.task.hooks.airflow.providers.standard.hooks.subprocess.SubprocessHook","filename":"subprocess.py","lineno":99}
{"timestamp":"2026-01-31T01:42:21.242744Z","level":"info","event":"    union all","logger":"airflow.task.hooks.airflow.providers.standard.hooks.subprocess.SubprocessHook","filename":"subprocess.py","lineno":99}
{"timestamp":"2026-01-31T01:42:21.242771Z","level":"info","event":"    select","logger":"airflow.task.hooks.airflow.providers.standard.hooks.subprocess.SubprocessHook","filename":"subprocess.py","lineno":99}
{"timestamp":"2026-01-31T01:42:21.242797Z","level":"info","event":"      'scrapy_data' as database,","logger":"airflow.task.hooks.airflow.providers.standard.hooks.subprocess.SubprocessHook","filename":"subprocess.py","lineno":99}
{"timestamp":"2026-01-31T01:42:21.242825Z","level":"info","event":"      matviewname as name,","logger":"airflow.task.hooks.airflow.providers.standard.hooks.subprocess.SubprocessHook","filename":"subprocess.py","lineno":99}
{"timestamp":"2026-01-31T01:42:21.242851Z","level":"info","event":"      schemaname as schema,","logger":"airflow.task.hooks.airflow.providers.standard.hooks.subprocess.SubprocessHook","filename":"subprocess.py","lineno":99}
{"timestamp":"2026-01-31T01:42:21.242877Z","level":"info","event":"      'materialized_view' as type","logger":"airflow.task.hooks.airflow.providers.standard.hooks.subprocess.SubprocessHook","filename":"subprocess.py","lineno":99}
{"timestamp":"2026-01-31T01:42:21.242918Z","level":"info","event":"    from pg_matviews","logger":"airflow.task.hooks.airflow.providers.standard.hooks.subprocess.SubprocessHook","filename":"subprocess.py","lineno":99}
{"timestamp":"2026-01-31T01:42:21.242945Z","level":"info","event":"    where schemaname ilike 'my_dbt_schema'","logger":"airflow.task.hooks.airflow.providers.standard.hooks.subprocess.SubprocessHook","filename":"subprocess.py","lineno":99}
{"timestamp":"2026-01-31T01:42:21.242971Z","level":"info","event":"","logger":"airflow.task.hooks.airflow.providers.standard.hooks.subprocess.SubprocessHook","filename":"subprocess.py","lineno":99}
{"timestamp":"2026-01-31T01:42:21.243003Z","level":"info","event":"\u001b[0m01:42:21  Opening a new connection, currently in state closed","logger":"airflow.task.hooks.airflow.providers.standard.hooks.subprocess.SubprocessHook","filename":"subprocess.py","lineno":99}
{"timestamp":"2026-01-31T01:42:21.260468Z","level":"info","event":"\u001b[0m01:42:21  SQL status: SELECT 3 in 0.018 seconds","logger":"airflow.task.hooks.airflow.providers.standard.hooks.subprocess.SubprocessHook","filename":"subprocess.py","lineno":99}
{"timestamp":"2026-01-31T01:42:21.262054Z","level":"info","event":"\u001b[0m01:42:21  On list_scrapy_data_my_dbt_schema: ROLLBACK","logger":"airflow.task.hooks.airflow.providers.standard.hooks.subprocess.SubprocessHook","filename":"subprocess.py","lineno":99}
{"timestamp":"2026-01-31T01:42:21.262679Z","level":"info","event":"\u001b[0m01:42:21  On list_scrapy_data_my_dbt_schema: Close","logger":"airflow.task.hooks.airflow.providers.standard.hooks.subprocess.SubprocessHook","filename":"subprocess.py","lineno":99}
{"timestamp":"2026-01-31T01:42:21.268097Z","level":"info","event":"\u001b[0m01:42:21  Using postgres connection \"master\"","logger":"airflow.task.hooks.airflow.providers.standard.hooks.subprocess.SubprocessHook","filename":"subprocess.py","lineno":99}
{"timestamp":"2026-01-31T01:42:21.268627Z","level":"info","event":"\u001b[0m01:42:21  On master: /* {\"app\": \"dbt\", \"dbt_version\": \"1.11.2\", \"profile_name\": \"my_transformations\", \"target_name\": \"dev\", \"connection_name\": \"master\"} */","logger":"airflow.task.hooks.airflow.providers.standard.hooks.subprocess.SubprocessHook","filename":"subprocess.py","lineno":99}
{"timestamp":"2026-01-31T01:42:21.268714Z","level":"info","event":"select distinct","logger":"airflow.task.hooks.airflow.providers.standard.hooks.subprocess.SubprocessHook","filename":"subprocess.py","lineno":99}
{"timestamp":"2026-01-31T01:42:21.268767Z","level":"info","event":"        dependent_namespace.nspname as dependent_schema,","logger":"airflow.task.hooks.airflow.providers.standard.hooks.subprocess.SubprocessHook","filename":"subprocess.py","lineno":99}
{"timestamp":"2026-01-31T01:42:21.268806Z","level":"info","event":"        dependent_class.relname as dependent_name,","logger":"airflow.task.hooks.airflow.providers.standard.hooks.subprocess.SubprocessHook","filename":"subprocess.py","lineno":99}
{"timestamp":"2026-01-31T01:42:21.268838Z","level":"info","event":"        referenced_namespace.nspname as referenced_schema,","logger":"airflow.task.hooks.airflow.providers.standard.hooks.subprocess.SubprocessHook","filename":"subprocess.py","lineno":99}
{"timestamp":"2026-01-31T01:42:21.268866Z","level":"info","event":"        referenced_class.relname as referenced_name","logger":"airflow.task.hooks.airflow.providers.standard.hooks.subprocess.SubprocessHook","filename":"subprocess.py","lineno":99}
{"timestamp":"2026-01-31T01:42:21.268894Z","level":"info","event":"","logger":"airflow.task.hooks.airflow.providers.standard.hooks.subprocess.SubprocessHook","filename":"subprocess.py","lineno":99}
{"timestamp":"2026-01-31T01:42:21.268923Z","level":"info","event":"    -- Query for views: views are entries in pg_class with an entry in pg_rewrite, but we avoid","logger":"airflow.task.hooks.airflow.providers.standard.hooks.subprocess.SubprocessHook","filename":"subprocess.py","lineno":99}
{"timestamp":"2026-01-31T01:42:21.268952Z","level":"info","event":"    -- a seq scan on pg_rewrite by leveraging the fact there is an \"internal\" row in pg_depend for","logger":"airflow.task.hooks.airflow.providers.standard.hooks.subprocess.SubprocessHook","filename":"subprocess.py","lineno":99}
{"timestamp":"2026-01-31T01:42:21.268980Z","level":"info","event":"    -- the view...","logger":"airflow.task.hooks.airflow.providers.standard.hooks.subprocess.SubprocessHook","filename":"subprocess.py","lineno":99}
{"timestamp":"2026-01-31T01:42:21.269018Z","level":"info","event":"    from pg_class as dependent_class","logger":"airflow.task.hooks.airflow.providers.standard.hooks.subprocess.SubprocessHook","filename":"subprocess.py","lineno":99}
{"timestamp":"2026-01-31T01:42:21.269082Z","level":"info","event":"    join pg_namespace as dependent_namespace on dependent_namespace.oid = dependent_class.relnamespace","logger":"airflow.task.hooks.airflow.providers.standard.hooks.subprocess.SubprocessHook","filename":"subprocess.py","lineno":99}
{"timestamp":"2026-01-31T01:42:21.269121Z","level":"info","event":"    join pg_depend as dependent_depend on dependent_depend.refobjid = dependent_class.oid","logger":"airflow.task.hooks.airflow.providers.standard.hooks.subprocess.SubprocessHook","filename":"subprocess.py","lineno":99}
{"timestamp":"2026-01-31T01:42:21.269152Z","level":"info","event":"        and dependent_depend.classid = 'pg_rewrite'::regclass","logger":"airflow.task.hooks.airflow.providers.standard.hooks.subprocess.SubprocessHook","filename":"subprocess.py","lineno":99}
{"timestamp":"2026-01-31T01:42:21.269181Z","level":"info","event":"        and dependent_depend.refclassid = 'pg_class'::regclass","logger":"airflow.task.hooks.airflow.providers.standard.hooks.subprocess.SubprocessHook","filename":"subprocess.py","lineno":99}
{"timestamp":"2026-01-31T01:42:21.269209Z","level":"info","event":"        and dependent_depend.deptype = 'i'","logger":"airflow.task.hooks.airflow.providers.standard.hooks.subprocess.SubprocessHook","filename":"subprocess.py","lineno":99}
{"timestamp":"2026-01-31T01:42:21.269237Z","level":"info","event":"","logger":"airflow.task.hooks.airflow.providers.standard.hooks.subprocess.SubprocessHook","filename":"subprocess.py","lineno":99}
{"timestamp":"2026-01-31T01:42:21.269266Z","level":"info","event":"    -- ... and via pg_depend (that has a row per column, hence the need for \"distinct\" above, and","logger":"airflow.task.hooks.airflow.providers.standard.hooks.subprocess.SubprocessHook","filename":"subprocess.py","lineno":99}
{"timestamp":"2026-01-31T01:42:21.269294Z","level":"info","event":"    -- making sure to exclude the internal row to avoid a view appearing to depend on itself)...","logger":"airflow.task.hooks.airflow.providers.standard.hooks.subprocess.SubprocessHook","filename":"subprocess.py","lineno":99}
{"timestamp":"2026-01-31T01:42:21.269321Z","level":"info","event":"    join pg_depend as joining_depend on joining_depend.objid = dependent_depend.objid","logger":"airflow.task.hooks.airflow.providers.standard.hooks.subprocess.SubprocessHook","filename":"subprocess.py","lineno":99}
{"timestamp":"2026-01-31T01:42:21.269348Z","level":"info","event":"        and joining_depend.classid = 'pg_rewrite'::regclass","logger":"airflow.task.hooks.airflow.providers.standard.hooks.subprocess.SubprocessHook","filename":"subprocess.py","lineno":99}
{"timestamp":"2026-01-31T01:42:21.269374Z","level":"info","event":"        and joining_depend.refclassid = 'pg_class'::regclass","logger":"airflow.task.hooks.airflow.providers.standard.hooks.subprocess.SubprocessHook","filename":"subprocess.py","lineno":99}
{"timestamp":"2026-01-31T01:42:21.269402Z","level":"info","event":"        and joining_depend.refobjid != dependent_depend.refobjid","logger":"airflow.task.hooks.airflow.providers.standard.hooks.subprocess.SubprocessHook","filename":"subprocess.py","lineno":99}
{"timestamp":"2026-01-31T01:42:21.269431Z","level":"info","event":"","logger":"airflow.task.hooks.airflow.providers.standard.hooks.subprocess.SubprocessHook","filename":"subprocess.py","lineno":99}
{"timestamp":"2026-01-31T01:42:21.269465Z","level":"info","event":"    -- ... we can find the tables they query from in pg_class, but excluding system tables. Note we","logger":"airflow.task.hooks.airflow.providers.standard.hooks.subprocess.SubprocessHook","filename":"subprocess.py","lineno":99}
{"timestamp":"2026-01-31T01:42:21.269504Z","level":"info","event":"    -- don't need need to exclude _dependent_ system tables, because they only query from other","logger":"airflow.task.hooks.airflow.providers.standard.hooks.subprocess.SubprocessHook","filename":"subprocess.py","lineno":99}
{"timestamp":"2026-01-31T01:42:21.269531Z","level":"info","event":"    -- system tables, and so are automatically excluded by excluding _referenced_ system tables","logger":"airflow.task.hooks.airflow.providers.standard.hooks.subprocess.SubprocessHook","filename":"subprocess.py","lineno":99}
{"timestamp":"2026-01-31T01:42:21.269558Z","level":"info","event":"    join pg_class as referenced_class on referenced_class.oid = joining_depend.refobjid","logger":"airflow.task.hooks.airflow.providers.standard.hooks.subprocess.SubprocessHook","filename":"subprocess.py","lineno":99}
{"timestamp":"2026-01-31T01:42:21.269585Z","level":"info","event":"    join pg_namespace as referenced_namespace on referenced_namespace.oid = referenced_class.relnamespace","logger":"airflow.task.hooks.airflow.providers.standard.hooks.subprocess.SubprocessHook","filename":"subprocess.py","lineno":99}
{"timestamp":"2026-01-31T01:42:21.269610Z","level":"info","event":"        and referenced_namespace.nspname != 'information_schema'","logger":"airflow.task.hooks.airflow.providers.standard.hooks.subprocess.SubprocessHook","filename":"subprocess.py","lineno":99}
{"timestamp":"2026-01-31T01:42:21.269652Z","level":"info","event":"        and referenced_namespace.nspname not like 'pg\\_%'","logger":"airflow.task.hooks.airflow.providers.standard.hooks.subprocess.SubprocessHook","filename":"subprocess.py","lineno":99}
{"timestamp":"2026-01-31T01:42:21.269679Z","level":"info","event":"","logger":"airflow.task.hooks.airflow.providers.standard.hooks.subprocess.SubprocessHook","filename":"subprocess.py","lineno":99}
{"timestamp":"2026-01-31T01:42:21.269723Z","level":"info","event":"    order by","logger":"airflow.task.hooks.airflow.providers.standard.hooks.subprocess.SubprocessHook","filename":"subprocess.py","lineno":99}
{"timestamp":"2026-01-31T01:42:21.269753Z","level":"info","event":"        dependent_schema, dependent_name, referenced_schema, referenced_name;","logger":"airflow.task.hooks.airflow.providers.standard.hooks.subprocess.SubprocessHook","filename":"subprocess.py","lineno":99}
{"timestamp":"2026-01-31T01:42:21.269784Z","level":"info","event":"\u001b[0m01:42:21  Opening a new connection, currently in state init","logger":"airflow.task.hooks.airflow.providers.standard.hooks.subprocess.SubprocessHook","filename":"subprocess.py","lineno":99}
{"timestamp":"2026-01-31T01:42:21.286367Z","level":"info","event":"\u001b[0m01:42:21  SQL status: SELECT 0 in 0.017 seconds","logger":"airflow.task.hooks.airflow.providers.standard.hooks.subprocess.SubprocessHook","filename":"subprocess.py","lineno":99}
{"timestamp":"2026-01-31T01:42:21.287909Z","level":"info","event":"\u001b[0m01:42:21  Sending event: {'category': 'dbt', 'action': 'runnable_timing', 'label': '44f39005-e7b1-43e8-80be-297811fc9059', 'context': [<snowplow_tracker.self_describing_json.SelfDescribingJson object at 0x72781b9890d0>]}","logger":"airflow.task.hooks.airflow.providers.standard.hooks.subprocess.SubprocessHook","filename":"subprocess.py","lineno":99}
{"timestamp":"2026-01-31T01:42:21.288540Z","level":"info","event":"\u001b[0m01:42:21  On master: ROLLBACK","logger":"airflow.task.hooks.airflow.providers.standard.hooks.subprocess.SubprocessHook","filename":"subprocess.py","lineno":99}
{"timestamp":"2026-01-31T01:42:21.289223Z","level":"info","event":"\u001b[0m01:42:21  On master: COMMIT","logger":"airflow.task.hooks.airflow.providers.standard.hooks.subprocess.SubprocessHook","filename":"subprocess.py","lineno":99}
{"timestamp":"2026-01-31T01:42:21.289678Z","level":"info","event":"\u001b[0m01:42:21  Using postgres connection \"master\"","logger":"airflow.task.hooks.airflow.providers.standard.hooks.subprocess.SubprocessHook","filename":"subprocess.py","lineno":99}
{"timestamp":"2026-01-31T01:42:21.290072Z","level":"info","event":"\u001b[0m01:42:21  On master: COMMIT","logger":"airflow.task.hooks.airflow.providers.standard.hooks.subprocess.SubprocessHook","filename":"subprocess.py","lineno":99}
{"timestamp":"2026-01-31T01:42:21.290783Z","level":"info","event":"\u001b[0m01:42:21  SQL status: COMMIT in 0.000 seconds","logger":"airflow.task.hooks.airflow.providers.standard.hooks.subprocess.SubprocessHook","filename":"subprocess.py","lineno":99}
{"timestamp":"2026-01-31T01:42:21.291222Z","level":"info","event":"\u001b[0m01:42:21  On master: Close","logger":"airflow.task.hooks.airflow.providers.standard.hooks.subprocess.SubprocessHook","filename":"subprocess.py","lineno":99}
{"timestamp":"2026-01-31T01:42:21.296113Z","level":"info","event":"\u001b[0m01:42:21  Began running node model.my_transformations.stg_data","logger":"airflow.task.hooks.airflow.providers.standard.hooks.subprocess.SubprocessHook","filename":"subprocess.py","lineno":99}
{"timestamp":"2026-01-31T01:42:21.296888Z","level":"info","event":"\u001b[0m01:42:21  1 of 1 START sql table model my_dbt_schema.stg_data ............................ [RUN]","logger":"airflow.task.hooks.airflow.providers.standard.hooks.subprocess.SubprocessHook","filename":"subprocess.py","lineno":99}
{"timestamp":"2026-01-31T01:42:21.297486Z","level":"info","event":"\u001b[0m01:42:21  Re-using an available connection from the pool (formerly list_scrapy_data_my_dbt_schema, now model.my_transformations.stg_data)","logger":"airflow.task.hooks.airflow.providers.standard.hooks.subprocess.SubprocessHook","filename":"subprocess.py","lineno":99}
{"timestamp":"2026-01-31T01:42:21.298009Z","level":"info","event":"\u001b[0m01:42:21  Began compiling node model.my_transformations.stg_data","logger":"airflow.task.hooks.airflow.providers.standard.hooks.subprocess.SubprocessHook","filename":"subprocess.py","lineno":99}
{"timestamp":"2026-01-31T01:42:21.306993Z","level":"info","event":"\u001b[0m01:42:21  Writing injected SQL for node \"model.my_transformations.stg_data\"","logger":"airflow.task.hooks.airflow.providers.standard.hooks.subprocess.SubprocessHook","filename":"subprocess.py","lineno":99}
{"timestamp":"2026-01-31T01:42:21.308320Z","level":"info","event":"\u001b[0m01:42:21  Began executing node model.my_transformations.stg_data","logger":"airflow.task.hooks.airflow.providers.standard.hooks.subprocess.SubprocessHook","filename":"subprocess.py","lineno":99}
{"timestamp":"2026-01-31T01:42:21.348676Z","level":"info","event":"\u001b[0m01:42:21  Writing runtime sql for node \"model.my_transformations.stg_data\"","logger":"airflow.task.hooks.airflow.providers.standard.hooks.subprocess.SubprocessHook","filename":"subprocess.py","lineno":99}
{"timestamp":"2026-01-31T01:42:21.349671Z","level":"info","event":"\u001b[0m01:42:21  Using postgres connection \"model.my_transformations.stg_data\"","logger":"airflow.task.hooks.airflow.providers.standard.hooks.subprocess.SubprocessHook","filename":"subprocess.py","lineno":99}
{"timestamp":"2026-01-31T01:42:21.350201Z","level":"info","event":"\u001b[0m01:42:21  On model.my_transformations.stg_data: /* {\"app\": \"dbt\", \"dbt_version\": \"1.11.2\", \"profile_name\": \"my_transformations\", \"target_name\": \"dev\", \"node_id\": \"model.my_transformations.stg_data\"} */","logger":"airflow.task.hooks.airflow.providers.standard.hooks.subprocess.SubprocessHook","filename":"subprocess.py","lineno":99}
{"timestamp":"2026-01-31T01:42:21.350291Z","level":"info","event":"","logger":"airflow.task.hooks.airflow.providers.standard.hooks.subprocess.SubprocessHook","filename":"subprocess.py","lineno":99}
{"timestamp":"2026-01-31T01:42:21.350343Z","level":"info","event":"","logger":"airflow.task.hooks.airflow.providers.standard.hooks.subprocess.SubprocessHook","filename":"subprocess.py","lineno":99}
{"timestamp":"2026-01-31T01:42:21.350379Z","level":"info","event":"","logger":"airflow.task.hooks.airflow.providers.standard.hooks.subprocess.SubprocessHook","filename":"subprocess.py","lineno":99}
{"timestamp":"2026-01-31T01:42:21.350411Z","level":"info","event":"","logger":"airflow.task.hooks.airflow.providers.standard.hooks.subprocess.SubprocessHook","filename":"subprocess.py","lineno":99}
{"timestamp":"2026-01-31T01:42:21.350440Z","level":"info","event":"  create  table \"scrapy_data\".\"my_dbt_schema\".\"stg_data__dbt_tmp\"","logger":"airflow.task.hooks.airflow.providers.standard.hooks.subprocess.SubprocessHook","filename":"subprocess.py","lineno":99}
{"timestamp":"2026-01-31T01:42:21.350471Z","level":"info","event":"","logger":"airflow.task.hooks.airflow.providers.standard.hooks.subprocess.SubprocessHook","filename":"subprocess.py","lineno":99}
{"timestamp":"2026-01-31T01:42:21.350512Z","level":"info","event":"","logger":"airflow.task.hooks.airflow.providers.standard.hooks.subprocess.SubprocessHook","filename":"subprocess.py","lineno":99}
{"timestamp":"2026-01-31T01:42:21.350540Z","level":"info","event":"    as","logger":"airflow.task.hooks.airflow.providers.standard.hooks.subprocess.SubprocessHook","filename":"subprocess.py","lineno":99}
{"timestamp":"2026-01-31T01:42:21.350569Z","level":"info","event":"","logger":"airflow.task.hooks.airflow.providers.standard.hooks.subprocess.SubprocessHook","filename":"subprocess.py","lineno":99}
{"timestamp":"2026-01-31T01:42:21.350596Z","level":"info","event":"  (","logger":"airflow.task.hooks.airflow.providers.standard.hooks.subprocess.SubprocessHook","filename":"subprocess.py","lineno":99}
{"timestamp":"2026-01-31T01:42:21.350624Z","level":"info","event":"    WITH data_to_stg AS (","logger":"airflow.task.hooks.airflow.providers.standard.hooks.subprocess.SubprocessHook","filename":"subprocess.py","lineno":99}
{"timestamp":"2026-01-31T01:42:21.350654Z","level":"info","event":"","logger":"airflow.task.hooks.airflow.providers.standard.hooks.subprocess.SubprocessHook","filename":"subprocess.py","lineno":99}
{"timestamp":"2026-01-31T01:42:21.350683Z","level":"info","event":"        SELECT","logger":"airflow.task.hooks.airflow.providers.standard.hooks.subprocess.SubprocessHook","filename":"subprocess.py","lineno":99}
{"timestamp":"2026-01-31T01:42:21.350767Z","level":"info","event":"            *,","logger":"airflow.task.hooks.airflow.providers.standard.hooks.subprocess.SubprocessHook","filename":"subprocess.py","lineno":99}
{"timestamp":"2026-01-31T01:42:21.350807Z","level":"info","event":"            ROW_NUMBER() OVER (","logger":"airflow.task.hooks.airflow.providers.standard.hooks.subprocess.SubprocessHook","filename":"subprocess.py","lineno":99}
{"timestamp":"2026-01-31T01:42:21.350839Z","level":"info","event":"                PARTITION BY full_title, memory, storage, color, site_name","logger":"airflow.task.hooks.airflow.providers.standard.hooks.subprocess.SubprocessHook","filename":"subprocess.py","lineno":99}
{"timestamp":"2026-01-31T01:42:21.350870Z","level":"info","event":"                ORDER BY scraped_at DESC","logger":"airflow.task.hooks.airflow.providers.standard.hooks.subprocess.SubprocessHook","filename":"subprocess.py","lineno":99}
{"timestamp":"2026-01-31T01:42:21.350899Z","level":"info","event":"            ) AS row_num","logger":"airflow.task.hooks.airflow.providers.standard.hooks.subprocess.SubprocessHook","filename":"subprocess.py","lineno":99}
{"timestamp":"2026-01-31T01:42:21.350929Z","level":"info","event":"        FROM \"scrapy_data\".\"public\".\"raw_data\"","logger":"airflow.task.hooks.airflow.providers.standard.hooks.subprocess.SubprocessHook","filename":"subprocess.py","lineno":99}
{"timestamp":"2026-01-31T01:42:21.350959Z","level":"info","event":"","logger":"airflow.task.hooks.airflow.providers.standard.hooks.subprocess.SubprocessHook","filename":"subprocess.py","lineno":99}
{"timestamp":"2026-01-31T01:42:21.350987Z","level":"info","event":")","logger":"airflow.task.hooks.airflow.providers.standard.hooks.subprocess.SubprocessHook","filename":"subprocess.py","lineno":99}
{"timestamp":"2026-01-31T01:42:21.351014Z","level":"info","event":"","logger":"airflow.task.hooks.airflow.providers.standard.hooks.subprocess.SubprocessHook","filename":"subprocess.py","lineno":99}
{"timestamp":"2026-01-31T01:42:21.351041Z","level":"info","event":"SELECT","logger":"airflow.task.hooks.airflow.providers.standard.hooks.subprocess.SubprocessHook","filename":"subprocess.py","lineno":99}
{"timestamp":"2026-01-31T01:42:21.351068Z","level":"info","event":"    CAST(id AS INTEGER) AS id,","logger":"airflow.task.hooks.airflow.providers.standard.hooks.subprocess.SubprocessHook","filename":"subprocess.py","lineno":99}
{"timestamp":"2026-01-31T01:42:21.351095Z","level":"info","event":"    -- CASE","logger":"airflow.task.hooks.airflow.providers.standard.hooks.subprocess.SubprocessHook","filename":"subprocess.py","lineno":99}
{"timestamp":"2026-01-31T01:42:21.351123Z","level":"info","event":"    --     WHEN full_title ILIKE '%notebook%' THEN 'notebook'","logger":"airflow.task.hooks.airflow.providers.standard.hooks.subprocess.SubprocessHook","filename":"subprocess.py","lineno":99}
{"timestamp":"2026-01-31T01:42:21.351149Z","level":"info","event":"    --     ELSE 'other'","logger":"airflow.task.hooks.airflow.providers.standard.hooks.subprocess.SubprocessHook","filename":"subprocess.py","lineno":99}
{"timestamp":"2026-01-31T01:42:21.351175Z","level":"info","event":"    -- END AS short_title,","logger":"airflow.task.hooks.airflow.providers.standard.hooks.subprocess.SubprocessHook","filename":"subprocess.py","lineno":99}
{"timestamp":"2026-01-31T01:42:21.351227Z","level":"info","event":"    short_title,","logger":"airflow.task.hooks.airflow.providers.standard.hooks.subprocess.SubprocessHook","filename":"subprocess.py","lineno":99}
{"timestamp":"2026-01-31T01:42:21.351256Z","level":"info","event":"    full_title,","logger":"airflow.task.hooks.airflow.providers.standard.hooks.subprocess.SubprocessHook","filename":"subprocess.py","lineno":99}
{"timestamp":"2026-01-31T01:42:21.351282Z","level":"info","event":"    memory,","logger":"airflow.task.hooks.airflow.providers.standard.hooks.subprocess.SubprocessHook","filename":"subprocess.py","lineno":99}
{"timestamp":"2026-01-31T01:42:21.351309Z","level":"info","event":"    storage,","logger":"airflow.task.hooks.airflow.providers.standard.hooks.subprocess.SubprocessHook","filename":"subprocess.py","lineno":99}
{"timestamp":"2026-01-31T01:42:21.351335Z","level":"info","event":"    LOWER(color) AS color,","logger":"airflow.task.hooks.airflow.providers.standard.hooks.subprocess.SubprocessHook","filename":"subprocess.py","lineno":99}
{"timestamp":"2026-01-31T01:42:21.351361Z","level":"info","event":"    CAST(REPLACE(REPLACE(price, '.', ''), ',', '.') AS NUMERIC(10, 2)) AS price,","logger":"airflow.task.hooks.airflow.providers.standard.hooks.subprocess.SubprocessHook","filename":"subprocess.py","lineno":99}
{"timestamp":"2026-01-31T01:42:21.351388Z","level":"info","event":"    scraped_at,","logger":"airflow.task.hooks.airflow.providers.standard.hooks.subprocess.SubprocessHook","filename":"subprocess.py","lineno":99}
{"timestamp":"2026-01-31T01:42:21.351414Z","level":"info","event":"    CASE","logger":"airflow.task.hooks.airflow.providers.standard.hooks.subprocess.SubprocessHook","filename":"subprocess.py","lineno":99}
{"timestamp":"2026-01-31T01:42:21.351439Z","level":"info","event":"        WHEN rating LIKE '%.%' THEN CAST(REGEXP_REPLACE(rating, '[^0-9.]', '', 'g') AS NUMERIC(10, 2))","logger":"airflow.task.hooks.airflow.providers.standard.hooks.subprocess.SubprocessHook","filename":"subprocess.py","lineno":99}
{"timestamp":"2026-01-31T01:42:21.351465Z","level":"info","event":"        ELSE NULL","logger":"airflow.task.hooks.airflow.providers.standard.hooks.subprocess.SubprocessHook","filename":"subprocess.py","lineno":99}
{"timestamp":"2026-01-31T01:42:21.351492Z","level":"info","event":"    END AS rating,","logger":"airflow.task.hooks.airflow.providers.standard.hooks.subprocess.SubprocessHook","filename":"subprocess.py","lineno":99}
{"timestamp":"2026-01-31T01:42:21.351517Z","level":"info","event":"    site_name","logger":"airflow.task.hooks.airflow.providers.standard.hooks.subprocess.SubprocessHook","filename":"subprocess.py","lineno":99}
{"timestamp":"2026-01-31T01:42:21.351544Z","level":"info","event":"FROM","logger":"airflow.task.hooks.airflow.providers.standard.hooks.subprocess.SubprocessHook","filename":"subprocess.py","lineno":99}
{"timestamp":"2026-01-31T01:42:21.351570Z","level":"info","event":"    data_to_stg","logger":"airflow.task.hooks.airflow.providers.standard.hooks.subprocess.SubprocessHook","filename":"subprocess.py","lineno":99}
{"timestamp":"2026-01-31T01:42:21.351596Z","level":"info","event":"WHERE","logger":"airflow.task.hooks.airflow.providers.standard.hooks.subprocess.SubprocessHook","filename":"subprocess.py","lineno":99}
{"timestamp":"2026-01-31T01:42:21.351621Z","level":"info","event":"","logger":"airflow.task.hooks.airflow.providers.standard.hooks.subprocess.SubprocessHook","filename":"subprocess.py","lineno":99}
{"timestamp":"2026-01-31T01:42:21.351647Z","level":"info","event":"        row_num = 1","logger":"airflow.task.hooks.airflow.providers.standard.hooks.subprocess.SubprocessHook","filename":"subprocess.py","lineno":99}
{"timestamp":"2026-01-31T01:42:21.351673Z","level":"info","event":"","logger":"airflow.task.hooks.airflow.providers.standard.hooks.subprocess.SubprocessHook","filename":"subprocess.py","lineno":99}
{"timestamp":"2026-01-31T01:42:21.351700Z","level":"info","event":"  );","logger":"airflow.task.hooks.airflow.providers.standard.hooks.subprocess.SubprocessHook","filename":"subprocess.py","lineno":99}
{"timestamp":"2026-01-31T01:42:21.351726Z","level":"info","event":"","logger":"airflow.task.hooks.airflow.providers.standard.hooks.subprocess.SubprocessHook","filename":"subprocess.py","lineno":99}
{"timestamp":"2026-01-31T01:42:21.351757Z","level":"info","event":"\u001b[0m01:42:21  Opening a new connection, currently in state closed","logger":"airflow.task.hooks.airflow.providers.standard.hooks.subprocess.SubprocessHook","filename":"subprocess.py","lineno":99}
{"timestamp":"2026-01-31T01:42:21.391595Z","level":"info","event":"\u001b[0m01:42:21  SQL status: SELECT 669 in 0.040 seconds","logger":"airflow.task.hooks.airflow.providers.standard.hooks.subprocess.SubprocessHook","filename":"subprocess.py","lineno":99}
{"timestamp":"2026-01-31T01:42:21.402133Z","level":"info","event":"\u001b[0m01:42:21  Using postgres connection \"model.my_transformations.stg_data\"","logger":"airflow.task.hooks.airflow.providers.standard.hooks.subprocess.SubprocessHook","filename":"subprocess.py","lineno":99}
{"timestamp":"2026-01-31T01:42:21.402743Z","level":"info","event":"\u001b[0m01:42:21  On model.my_transformations.stg_data: /* {\"app\": \"dbt\", \"dbt_version\": \"1.11.2\", \"profile_name\": \"my_transformations\", \"target_name\": \"dev\", \"node_id\": \"model.my_transformations.stg_data\"} */","logger":"airflow.task.hooks.airflow.providers.standard.hooks.subprocess.SubprocessHook","filename":"subprocess.py","lineno":99}
{"timestamp":"2026-01-31T01:42:21.402854Z","level":"info","event":"alter table \"scrapy_data\".\"my_dbt_schema\".\"stg_data\" rename to \"stg_data__dbt_backup\"","logger":"airflow.task.hooks.airflow.providers.standard.hooks.subprocess.SubprocessHook","filename":"subprocess.py","lineno":99}
{"timestamp":"2026-01-31T01:42:21.403840Z","level":"info","event":"\u001b[0m01:42:21  SQL status: ALTER TABLE in 0.001 seconds","logger":"airflow.task.hooks.airflow.providers.standard.hooks.subprocess.SubprocessHook","filename":"subprocess.py","lineno":99}
{"timestamp":"2026-01-31T01:42:21.406779Z","level":"info","event":"\u001b[0m01:42:21  Using postgres connection \"model.my_transformations.stg_data\"","logger":"airflow.task.hooks.airflow.providers.standard.hooks.subprocess.SubprocessHook","filename":"subprocess.py","lineno":99}
{"timestamp":"2026-01-31T01:42:21.407346Z","level":"info","event":"\u001b[0m01:42:21  On model.my_transformations.stg_data: /* {\"app\": \"dbt\", \"dbt_version\": \"1.11.2\", \"profile_name\": \"my_transformations\", \"target_name\": \"dev\", \"node_id\": \"model.my_transformations.stg_data\"} */","logger":"airflow.task.hooks.airflow.providers.standard.hooks.subprocess.SubprocessHook","filename":"subprocess.py","lineno":99}
{"timestamp":"2026-01-31T01:42:21.407458Z","level":"info","event":"alter table \"scrapy_data\".\"my_dbt_schema\".\"stg_data__dbt_tmp\" rename to \"stg_data\"","logger":"airflow.task.hooks.airflow.providers.standard.hooks.subprocess.SubprocessHook","filename":"subprocess.py","lineno":99}
{"timestamp":"2026-01-31T01:42:21.408287Z","level":"info","event":"\u001b[0m01:42:21  SQL status: ALTER TABLE in 0.000 seconds","logger":"airflow.task.hooks.airflow.providers.standard.hooks.subprocess.SubprocessHook","filename":"subprocess.py","lineno":99}
{"timestamp":"2026-01-31T01:42:21.424499Z","level":"info","event":"\u001b[0m01:42:21  On model.my_transformations.stg_data: COMMIT","logger":"airflow.task.hooks.airflow.providers.standard.hooks.subprocess.SubprocessHook","filename":"subprocess.py","lineno":99}
{"timestamp":"2026-01-31T01:42:21.424992Z","level":"info","event":"\u001b[0m01:42:21  Using postgres connection \"model.my_transformations.stg_data\"","logger":"airflow.task.hooks.airflow.providers.standard.hooks.subprocess.SubprocessHook","filename":"subprocess.py","lineno":99}
{"timestamp":"2026-01-31T01:42:21.425461Z","level":"info","event":"\u001b[0m01:42:21  On model.my_transformations.stg_data: COMMIT","logger":"airflow.task.hooks.airflow.providers.standard.hooks.subprocess.SubprocessHook","filename":"subprocess.py","lineno":99}
{"timestamp":"2026-01-31T01:42:21.427601Z","level":"info","event":"\u001b[0m01:42:21  SQL status: COMMIT in 0.002 seconds","logger":"airflow.task.hooks.airflow.providers.standard.hooks.subprocess.SubprocessHook","filename":"subprocess.py","lineno":99}
{"timestamp":"2026-01-31T01:42:21.434319Z","level":"info","event":"\u001b[0m01:42:21  Applying DROP to: \"scrapy_data\".\"my_dbt_schema\".\"stg_data__dbt_backup\"","logger":"airflow.task.hooks.airflow.providers.standard.hooks.subprocess.SubprocessHook","filename":"subprocess.py","lineno":99}
{"timestamp":"2026-01-31T01:42:21.440352Z","level":"info","event":"\u001b[0m01:42:21  Using postgres connection \"model.my_transformations.stg_data\"","logger":"airflow.task.hooks.airflow.providers.standard.hooks.subprocess.SubprocessHook","filename":"subprocess.py","lineno":99}
{"timestamp":"2026-01-31T01:42:21.440839Z","level":"info","event":"\u001b[0m01:42:21  On model.my_transformations.stg_data: /* {\"app\": \"dbt\", \"dbt_version\": \"1.11.2\", \"profile_name\": \"my_transformations\", \"target_name\": \"dev\", \"node_id\": \"model.my_transformations.stg_data\"} */","logger":"airflow.task.hooks.airflow.providers.standard.hooks.subprocess.SubprocessHook","filename":"subprocess.py","lineno":99}
{"timestamp":"2026-01-31T01:42:21.440930Z","level":"info","event":"drop table if exists \"scrapy_data\".\"my_dbt_schema\".\"stg_data__dbt_backup\" cascade","logger":"airflow.task.hooks.airflow.providers.standard.hooks.subprocess.SubprocessHook","filename":"subprocess.py","lineno":99}
{"timestamp":"2026-01-31T01:42:21.453642Z","level":"info","event":"\u001b[0m01:42:21  SQL status: DROP TABLE in 0.012 seconds","logger":"airflow.task.hooks.airflow.providers.standard.hooks.subprocess.SubprocessHook","filename":"subprocess.py","lineno":99}
{"timestamp":"2026-01-31T01:42:21.456562Z","level":"info","event":"\u001b[0m01:42:21  On model.my_transformations.stg_data: Close","logger":"airflow.task.hooks.airflow.providers.standard.hooks.subprocess.SubprocessHook","filename":"subprocess.py","lineno":99}
{"timestamp":"2026-01-31T01:42:21.458992Z","level":"info","event":"\u001b[0m01:42:21  Sending event: {'category': 'dbt', 'action': 'run_model', 'label': '44f39005-e7b1-43e8-80be-297811fc9059', 'context': [<snowplow_tracker.self_describing_json.SelfDescribingJson object at 0x7278217d8770>]}","logger":"airflow.task.hooks.airflow.providers.standard.hooks.subprocess.SubprocessHook","filename":"subprocess.py","lineno":99}
{"timestamp":"2026-01-31T01:42:21.459883Z","level":"info","event":"\u001b[0m01:42:21  1 of 1 OK created sql table model my_dbt_schema.stg_data ....................... [\u001b[32mSELECT 669\u001b[0m in 0.16s]","logger":"airflow.task.hooks.airflow.providers.standard.hooks.subprocess.SubprocessHook","filename":"subprocess.py","lineno":99}
{"timestamp":"2026-01-31T01:42:21.460598Z","level":"info","event":"\u001b[0m01:42:21  Finished running node model.my_transformations.stg_data","logger":"airflow.task.hooks.airflow.providers.standard.hooks.subprocess.SubprocessHook","filename":"subprocess.py","lineno":99}
{"timestamp":"2026-01-31T01:42:21.462492Z","level":"info","event":"\u001b[0m01:42:21  On master: COMMIT","logger":"airflow.task.hooks.airflow.providers.standard.hooks.subprocess.SubprocessHook","filename":"subprocess.py","lineno":99}
{"timestamp":"2026-01-31T01:42:21.462936Z","level":"info","event":"\u001b[0m01:42:21  Using postgres connection \"master\"","logger":"airflow.task.hooks.airflow.providers.standard.hooks.subprocess.SubprocessHook","filename":"subprocess.py","lineno":99}
{"timestamp":"2026-01-31T01:42:21.463354Z","level":"info","event":"\u001b[0m01:42:21  On master: COMMIT","logger":"airflow.task.hooks.airflow.providers.standard.hooks.subprocess.SubprocessHook","filename":"subprocess.py","lineno":99}
{"timestamp":"2026-01-31T01:42:21.463794Z","level":"info","event":"\u001b[0m01:42:21  Opening a new connection, currently in state closed","logger":"airflow.task.hooks.airflow.providers.standard.hooks.subprocess.SubprocessHook","filename":"subprocess.py","lineno":99}
{"timestamp":"2026-01-31T01:42:21.471775Z","level":"info","event":"\u001b[0m01:42:21  SQL status: COMMIT in 0.008 seconds","logger":"airflow.task.hooks.airflow.providers.standard.hooks.subprocess.SubprocessHook","filename":"subprocess.py","lineno":99}
{"timestamp":"2026-01-31T01:42:21.472286Z","level":"info","event":"\u001b[0m01:42:21  On master: Close","logger":"airflow.task.hooks.airflow.providers.standard.hooks.subprocess.SubprocessHook","filename":"subprocess.py","lineno":99}
{"timestamp":"2026-01-31T01:42:21.472949Z","level":"info","event":"\u001b[0m01:42:21  Connection 'master' was properly closed.","logger":"airflow.task.hooks.airflow.providers.standard.hooks.subprocess.SubprocessHook","filename":"subprocess.py","lineno":99}
{"timestamp":"2026-01-31T01:42:21.473392Z","level":"info","event":"\u001b[0m01:42:21  Connection 'model.my_transformations.stg_data' was properly closed.","logger":"airflow.task.hooks.airflow.providers.standard.hooks.subprocess.SubprocessHook","filename":"subprocess.py","lineno":99}
{"timestamp":"2026-01-31T01:42:21.473878Z","level":"info","event":"\u001b[0m01:42:21","logger":"airflow.task.hooks.airflow.providers.standard.hooks.subprocess.SubprocessHook","filename":"subprocess.py","lineno":99}
{"timestamp":"2026-01-31T01:42:21.474263Z","level":"info","event":"\u001b[0m01:42:21  Finished running 1 table model in 0 hours 0 minutes and 0.32 seconds (0.32s).","logger":"airflow.task.hooks.airflow.providers.standard.hooks.subprocess.SubprocessHook","filename":"subprocess.py","lineno":99}
{"timestamp":"2026-01-31T01:42:21.475010Z","level":"info","event":"\u001b[0m01:42:21  Command end result","logger":"airflow.task.hooks.airflow.providers.standard.hooks.subprocess.SubprocessHook","filename":"subprocess.py","lineno":99}
{"timestamp":"2026-01-31T01:42:21.498220Z","level":"info","event":"\u001b[0m01:42:21  Wrote artifact WritableManifest to /opt/airflow/project/dbt_project/target/manifest.json","logger":"airflow.task.hooks.airflow.providers.standard.hooks.subprocess.SubprocessHook","filename":"subprocess.py","lineno":99}
{"timestamp":"2026-01-31T01:42:21.500215Z","level":"info","event":"\u001b[0m01:42:21  Wrote artifact SemanticManifest to /opt/airflow/project/dbt_project/target/semantic_manifest.json","logger":"airflow.task.hooks.airflow.providers.standard.hooks.subprocess.SubprocessHook","filename":"subprocess.py","lineno":99}
{"timestamp":"2026-01-31T01:42:21.506214Z","level":"info","event":"\u001b[0m01:42:21  Wrote artifact RunExecutionResult to /opt/airflow/project/dbt_project/target/run_results.json","logger":"airflow.task.hooks.airflow.providers.standard.hooks.subprocess.SubprocessHook","filename":"subprocess.py","lineno":99}
{"timestamp":"2026-01-31T01:42:21.506656Z","level":"info","event":"\u001b[0m01:42:21","logger":"airflow.task.hooks.airflow.providers.standard.hooks.subprocess.SubprocessHook","filename":"subprocess.py","lineno":99}
{"timestamp":"2026-01-31T01:42:21.507161Z","level":"info","event":"\u001b[0m01:42:21  \u001b[32mCompleted successfully\u001b[0m","logger":"airflow.task.hooks.airflow.providers.standard.hooks.subprocess.SubprocessHook","filename":"subprocess.py","lineno":99}
{"timestamp":"2026-01-31T01:42:21.507630Z","level":"info","event":"\u001b[0m01:42:21","logger":"airflow.task.hooks.airflow.providers.standard.hooks.subprocess.SubprocessHook","filename":"subprocess.py","lineno":99}
{"timestamp":"2026-01-31T01:42:21.508074Z","level":"info","event":"\u001b[0m01:42:21  Done. PASS=1 WARN=0 ERROR=0 SKIP=0 NO-OP=0 TOTAL=1","logger":"airflow.task.hooks.airflow.providers.standard.hooks.subprocess.SubprocessHook","filename":"subprocess.py","lineno":99}
{"timestamp":"2026-01-31T01:42:21.509359Z","level":"info","event":"\u001b[0m01:42:21  Resource report: {\"command_name\": \"run\", \"command_success\": true, \"command_wall_clock_time\": 1.3296235, \"process_in_blocks\": \"41168\", \"process_kernel_time\": 0.516084, \"process_mem_max_rss\": \"128728\", \"process_out_blocks\": \"3160\", \"process_user_time\": 2.314679}","logger":"airflow.task.hooks.airflow.providers.standard.hooks.subprocess.SubprocessHook","filename":"subprocess.py","lineno":99}
{"timestamp":"2026-01-31T01:42:21.510100Z","level":"info","event":"\u001b[0m01:42:21  Command `dbt run` succeeded at 01:42:21.509599 after 1.33 seconds","logger":"airflow.task.hooks.airflow.providers.standard.hooks.subprocess.SubprocessHook","filename":"subprocess.py","lineno":99}
{"timestamp":"2026-01-31T01:42:21.510639Z","level":"info","event":"\u001b[0m01:42:21  Sending event: {'category': 'dbt', 'action': 'invocation', 'label': 'end', 'context': [<snowplow_tracker.self_describing_json.SelfDescribingJson object at 0x727820071be0>, <snowplow_tracker.self_describing_json.SelfDescribingJson object at 0x72781ec722d0>, <snowplow_tracker.self_describing_json.SelfDescribingJson object at 0x72781ec72330>]}","logger":"airflow.task.hooks.airflow.providers.standard.hooks.subprocess.SubprocessHook","filename":"subprocess.py","lineno":99}
{"timestamp":"2026-01-31T01:42:21.511121Z","level":"info","event":"\u001b[0m01:42:21  Flushing usage events","logger":"airflow.task.hooks.airflow.providers.standard.hooks.subprocess.SubprocessHook","filename":"subprocess.py","lineno":99}
{"timestamp":"2026-01-31T01:42:22.310842Z","level":"info","event":"\u001b[0m01:42:22  An error was encountered while trying to flush usage events","logger":"airflow.task.hooks.airflow.providers.standard.hooks.subprocess.SubprocessHook","filename":"subprocess.py","lineno":99}
{"timestamp":"2026-01-31T01:42:22.703495Z","level":"info","event":"Command exited with return code 0","logger":"airflow.task.hooks.airflow.providers.standard.hooks.subprocess.SubprocessHook","filename":"subprocess.py","lineno":103}
{"timestamp":"2026-01-31T01:42:22.704377Z","level":"info","event":"Pushing xcom","ti":"RuntimeTaskInstance(id=UUID('019c11b5-e78b-7461-9a13-ea71ab0a3797'), task_id='run_dbt_part1', dag_id='scrapy_pipeline', run_id='scheduled__2026-01-31T00:00:00+00:00', try_number=1, dag_version_id=UUID('019bfd81-981a-7641-b047-d02df10eff8c'), map_index=-1, hostname='960d51d11793', context_carrier={}, task=<Task(BashOperator): run_dbt_part1>, bundle_instance=LocalDagBundle(name=dags-folder), max_tries=0, start_date=datetime.datetime(2026, 1, 31, 1, 42, 17, 787108, tzinfo=datetime.timezone.utc), end_date=None, state=<TaskInstanceState.RUNNING: 'running'>, is_mapped=False, rendered_map_index=None)","logger":"task","filename":"task_runner.py","lineno":1370}
